Archive member included to satisfy reference by file (symbol)

drivers/built-in.o            (--whole-archive)
kernel/built-in.o             (--whole-archive)
lib/built-in.o                (--whole-archive)
misc/built-in.o               (--whole-archive)
boards/built-in.o             (--whole-archive)
ext/built-in.o                (--whole-archive)
subsys/built-in.o             (--whole-archive)
arch/built-in.o               (--whole-archive)
kernel/lib.a(device.o)        drivers/built-in.o (device_get_binding)
kernel/lib.a(errno.o)         arch/built-in.o (_k_neg_eagain)
kernel/lib.a(init.o)          arch/built-in.o (_Cstart)
kernel/lib.a(sched.o)         arch/built-in.o (_kernel)
kernel/lib.a(sem.o)           drivers/built-in.o (k_sem_init)
kernel/lib.a(sys_clock.o)     drivers/built-in.o (_nano_sys_clock_tick_announce)
kernel/lib.a(thread.o)        arch/built-in.o (k_is_in_isr)
kernel/lib.a(thread_abort.o)  arch/built-in.o (k_thread_abort)
kernel/lib.a(timer.o)         ext/built-in.o (_timer_expiration_handler)
/opt/zephyr-sdk//sysroots/iamcu-zephyr-elfiamcu/usr/lib/./libc.a(lib_a-malloc.o)
                              ext/built-in.o (malloc)
/opt/zephyr-sdk//sysroots/iamcu-zephyr-elfiamcu/usr/lib/./libc.a(lib_a-memcpy.o)
                              kernel/lib.a(init.o) (memcpy)
/opt/zephyr-sdk//sysroots/iamcu-zephyr-elfiamcu/usr/lib/./libc.a(lib_a-memset.o)
                              ext/built-in.o (memset)
/opt/zephyr-sdk//sysroots/iamcu-zephyr-elfiamcu/usr/lib/./libc.a(lib_a-nano-freer.o)
                              /opt/zephyr-sdk//sysroots/iamcu-zephyr-elfiamcu/usr/lib/./libc.a(lib_a-malloc.o) (_free_r)
/opt/zephyr-sdk//sysroots/iamcu-zephyr-elfiamcu/usr/lib/./libc.a(lib_a-nano-mallocr.o)
                              /opt/zephyr-sdk//sysroots/iamcu-zephyr-elfiamcu/usr/lib/./libc.a(lib_a-malloc.o) (_malloc_r)
/opt/zephyr-sdk//sysroots/iamcu-zephyr-elfiamcu/usr/lib/./libc.a(lib_a-printf.o)
                              src/built-in.o (printf)
/opt/zephyr-sdk//sysroots/iamcu-zephyr-elfiamcu/usr/lib/./libc.a(lib_a-rand.o)
                              ext/built-in.o (rand)
/opt/zephyr-sdk//sysroots/iamcu-zephyr-elfiamcu/usr/lib/./libc.a(lib_a-sbrkr.o)
                              /opt/zephyr-sdk//sysroots/iamcu-zephyr-elfiamcu/usr/lib/./libc.a(lib_a-nano-mallocr.o) (_sbrk_r)
/opt/zephyr-sdk//sysroots/iamcu-zephyr-elfiamcu/usr/lib/./libc.a(lib_a-snprintf.o)
                              src/built-in.o (snprintf)
/opt/zephyr-sdk//sysroots/iamcu-zephyr-elfiamcu/usr/lib/./libc.a(lib_a-strcmp.o)
                              kernel/lib.a(device.o) (strcmp)
/opt/zephyr-sdk//sysroots/iamcu-zephyr-elfiamcu/usr/lib/./libc.a(lib_a-getreent.o)
                              /opt/zephyr-sdk//sysroots/iamcu-zephyr-elfiamcu/usr/lib/./libc.a(lib_a-malloc.o) (__getreent)
/opt/zephyr-sdk//sysroots/iamcu-zephyr-elfiamcu/usr/lib/./libc.a(lib_a-impure.o)
                              /opt/zephyr-sdk//sysroots/iamcu-zephyr-elfiamcu/usr/lib/./libc.a(lib_a-getreent.o) (_impure_ptr)
/opt/zephyr-sdk//sysroots/iamcu-zephyr-elfiamcu/usr/lib/./libc.a(lib_a-nano-svfprintf.o)
                              /opt/zephyr-sdk//sysroots/iamcu-zephyr-elfiamcu/usr/lib/./libc.a(lib_a-snprintf.o) (_svfprintf_r)
/opt/zephyr-sdk//sysroots/iamcu-zephyr-elfiamcu/usr/lib/./libc.a(lib_a-nano-vfprintf_i.o)
                              /opt/zephyr-sdk//sysroots/iamcu-zephyr-elfiamcu/usr/lib/./libc.a(lib_a-nano-svfprintf.o) (_printf_i)
/opt/zephyr-sdk//sysroots/iamcu-zephyr-elfiamcu/usr/lib/./libc.a(lib_a-nano-vfprintf.o)
                              /opt/zephyr-sdk//sysroots/iamcu-zephyr-elfiamcu/usr/lib/./libc.a(lib_a-printf.o) (_vfprintf_r)
/opt/zephyr-sdk//sysroots/iamcu-zephyr-elfiamcu/usr/lib/./libc.a(lib_a-reent.o)
                              /opt/zephyr-sdk//sysroots/iamcu-zephyr-elfiamcu/usr/lib/./libc.a(lib_a-sbrkr.o) (errno)
/opt/zephyr-sdk//sysroots/iamcu-zephyr-elfiamcu/usr/lib/./libc.a(lib_a-wbuf.o)
                              /opt/zephyr-sdk//sysroots/iamcu-zephyr-elfiamcu/usr/lib/./libc.a(lib_a-nano-vfprintf.o) (__swbuf_r)
/opt/zephyr-sdk//sysroots/iamcu-zephyr-elfiamcu/usr/lib/./libc.a(lib_a-wsetup.o)
                              /opt/zephyr-sdk//sysroots/iamcu-zephyr-elfiamcu/usr/lib/./libc.a(lib_a-nano-vfprintf.o) (__swsetup_r)
/opt/zephyr-sdk//sysroots/iamcu-zephyr-elfiamcu/usr/lib/./libc.a(lib_a-fflush.o)
                              /opt/zephyr-sdk//sysroots/iamcu-zephyr-elfiamcu/usr/lib/./libc.a(lib_a-wbuf.o) (_fflush_r)
/opt/zephyr-sdk//sysroots/iamcu-zephyr-elfiamcu/usr/lib/./libc.a(lib_a-findfp.o)
                              /opt/zephyr-sdk//sysroots/iamcu-zephyr-elfiamcu/usr/lib/./libc.a(lib_a-nano-vfprintf.o) (__sinit)
/opt/zephyr-sdk//sysroots/iamcu-zephyr-elfiamcu/usr/lib/./libc.a(lib_a-fvwrite.o)
                              /opt/zephyr-sdk//sysroots/iamcu-zephyr-elfiamcu/usr/lib/./libc.a(lib_a-nano-vfprintf.o) (__sfvwrite_r)
[...]
Memory Configuration

Name             Origin             Length             Attributes
ROM              0x0000000040030000 0x0000000000024000 xr
RAM              0x00000000a8006400 0x000000000000dbe0 xw
BSP_SHARED_GDT_RAM 0x00000000a8013fe0 0x0000000000000020 rw
IDT_LIST         0x0000000000000800 0x0000000000000800
*default*        0x0000000000000000 0xffffffffffffffff

Linker script and memory map

START GROUP
LOAD src/built-in.o
LOAD libzephyr.a
LOAD kernel/lib.a
LOAD ./arch/x86/core/offsets/offsets.o
END GROUP
LOAD /opt/zephyr-sdk//sysroots/iamcu-zephyr-elfiamcu/usr/lib/./libm.a
LOAD /opt/zephyr-sdk//sysroots/iamcu-zephyr-elfiamcu/usr/lib/./libc.a
LOAD /opt/zephyr-sdk//sysroots/iamcu-zephyr-elfiamcu/usr/lib/i586-zephyr-elfiamcu/6.2.0/libgcc.a
LOAD staticIdt.o
LOAD irq_int_vector_map.o
                0x0000000040030000                _image_rom_start = 0x40030000
                0x0000000040030000                _image_text_start = 0x40030000

text            0x0000000040030000     0x5bb9
                0x0000000000000000                . = 0x0
 *(.text_start)
 *(.text_start.*)
 .text_start.__start
                0x0000000040030000       0x52 arch/built-in.o
                0x0000000040030000                __start
                0x000000004003004c                _Idt
 *(.text)
 *fill*         0x0000000040030052        0xe 
 .text          0x0000000040030060        0xa arch/built-in.o
 .text          0x000000004003006a        0xb /opt/zephyr-sdk//sysroots/iamcu-zephyr-elfiamcu/usr/lib/./libc.a(lib_a-memcpy.o)
                0x000000004003006a                memcpy
 .text          0x0000000040030075        0xe /opt/zephyr-sdk//sysroots/iamcu-zephyr-elfiamcu/usr/lib/./libc.a(lib_a-memset.o)
                0x0000000040030075                memset
 .text          0x0000000040030083       0x18 /opt/zephyr-sdk//sysroots/iamcu-zephyr-elfiamcu/usr/lib/./libc.a(lib_a-memchr.o)
                0x0000000040030083                memchr
 .text          0x000000004003009b       0x20 /opt/zephyr-sdk//sysroots/iamcu-zephyr-elfiamcu/usr/lib/./libc.a(lib_a-memmove.o)
                0x000000004003009b                memmove
 .text          0x00000000400300bb       0xf6 /opt/zephyr-sdk//sysroots/iamcu-zephyr-elfiamcu/usr/lib/i586-zephyr-elfiamcu/6.2.0/libgcc.a(_udivdi3.o)
                0x00000000400300bb                __udivdi3
 .text          0x00000000400301b1      0x530 /opt/zephyr-sdk//sysroots/iamcu-zephyr-elfiamcu/usr/lib/i586-zephyr-elfiamcu/6.2.0/libgcc.a(divdf3.o)
                0x00000000400301b1                __divdf3
 .text          0x00000000400306e1       0x6a /opt/zephyr-sdk//sysroots/iamcu-zephyr-elfiamcu/usr/lib/i586-zephyr-elfiamcu/6.2.0/libgcc.a(fixdfsi.o)
                0x00000000400306e1                __fixdfsi
 .text          0x000000004003074b       0x8d /opt/zephyr-sdk//sysroots/iamcu-zephyr-elfiamcu/usr/lib/i586-zephyr-elfiamcu/6.2.0/libgcc.a(floatsidf.o)
                0x000000004003074b                __floatsidf
 *(.text.*)
 .text.main     0x00000000400307d8       0xa9 src/built-in.o
                0x00000000400307d8                main
 .text.console_out
                0x0000000040030881       0x2e drivers/built-in.o
 .text.uart_console_hook_install
                0x00000000400308af       0x18 drivers/built-in.o
                0x00000000400308af                uart_console_hook_install
 .text.uart_console_init
                0x00000000400308c7       0x1b drivers/built-in.o
 .text.uart_qmsi_init
                0x00000000400308e2       0x44 drivers/built-in.o
 .text.uart_qmsi_err_check
                0x0000000040030926       0x1b drivers/built-in.o
 .text.uart_qmsi_poll_out
                0x0000000040030941       0x1a drivers/built-in.o
 .text.uart_qmsi_poll_in
                0x000000004003095b       0x34 drivers/built-in.o
 .text._timer_int_handler
                0x000000004003098f       0x19 drivers/built-in.o
                0x000000004003098f                _timer_int_handler
 .text._sys_clock_driver_init
                0x00000000400309a8       0x58 drivers/built-in.o
                0x00000000400309a8                _sys_clock_driver_init
 .text.irqstubs
                0x0000000040030a00       0x3c drivers/built-in.o
                0x0000000040030a00                _timer_int_handler_irq64_stub
                0x0000000040030a0c                qm_spi_master_1_isr_irq3_stub
                0x0000000040030a18                qm_spi_master_0_isr_irq2_stub
                0x0000000040030a24                qm_aon_gpio_0_isr_irq31_stub
                0x0000000040030a30                qm_gpio_0_isr_irq8_stub
 .text._timer_cycle_get_32
                0x0000000040030a3c       0x18 drivers/built-in.o
                0x0000000040030a3c                _timer_cycle_get_32
 .text._loapic_init
                0x0000000040030a54       0xa8 drivers/built-in.o
 .text._loapic_int_vec_set
                0x0000000040030afc       0x21 drivers/built-in.o
                0x0000000040030afc                _loapic_int_vec_set
 .text._loapic_irq_enable
                0x0000000040030b1d       0x21 drivers/built-in.o
                0x0000000040030b1d                _loapic_irq_enable
 .text.__irq_controller_isr_vector_get
                0x0000000040030b3e       0x2f drivers/built-in.o
                0x0000000040030b3e                __irq_controller_isr_vector_get
 .text.__irq_controller_irq_config
                0x0000000040030b6d       0x22 drivers/built-in.o
                0x0000000040030b6d                __irq_controller_irq_config
 .text._arch_irq_enable
                0x0000000040030b8f       0x17 drivers/built-in.o
                0x0000000040030b8f                _arch_irq_enable
 .text.__IoApicSet
                0x0000000040030ba6       0x1a drivers/built-in.o
 .text._IoApicRedUpdateLo
                0x0000000040030bc0       0x2d drivers/built-in.o
 .text._ioapic_init
                0x0000000040030bed       0x2f drivers/built-in.o
                0x0000000040030bed                _ioapic_init
 .text._ioapic_irq_enable
                0x0000000040030c1c       0x10 drivers/built-in.o
                0x0000000040030c1c                _ioapic_irq_enable
 .text._ioapic_irq_set
                0x0000000040030c2c       0x2a drivers/built-in.o
                0x0000000040030c2c                _ioapic_irq_set
 .text.spi_qmsi_configure
                0x0000000040030c56       0x4f drivers/built-in.o
 .text.spi_qmsi_slave_select
                0x0000000040030ca5       0x24 drivers/built-in.o
 .text.spi_qmsi_init
                0x0000000040030cc9      0x11e drivers/built-in.o
 .text.spi_control_cs
                0x0000000040030de7       0x2f drivers/built-in.o
 .text.transfer_complete
                0x0000000040030e16       0x42 drivers/built-in.o
 .text.spi_qmsi_transceive
                0x0000000040030e58      0x171 drivers/built-in.o
 .text.gpio_qmsi_callback
                0x0000000040030fc9       0x31 drivers/built-in.o
 .text.qmsi_write_bit
                0x0000000040030ffa       0x14 drivers/built-in.o
 .text.gpio_qmsi_manage_callback
                0x000000004003100e       0x5a drivers/built-in.o
 .text.gpio_qmsi_enable_callback
                0x0000000040031068       0x21 drivers/built-in.o
 .text.gpio_qmsi_disable_callback
                0x0000000040031089       0x21 drivers/built-in.o
 .text.gpio_qmsi_get_pending_int
                0x00000000400310aa       0x16 drivers/built-in.o
 .text.gpio_qmsi_read
                0x00000000400310c0       0x32 drivers/built-in.o
 .text.gpio_qmsi_write
                0x00000000400310f2       0x33 drivers/built-in.o
 .text.qmsi_pin_config
                0x0000000040031125       0xd5 drivers/built-in.o
 .text.gpio_qmsi_config
                0x00000000400311fa       0x53 drivers/built-in.o
 .text.gpio_qmsi_init
                0x000000004003124d       0x8d drivers/built-in.o
 .text.pinmux_get
                0x00000000400312da       0x2a drivers/built-in.o
 .text.pinmux_initialize
                0x0000000040031304        0x7 drivers/built-in.o
 .text.pinmux_input
                0x000000004003130b       0x1c drivers/built-in.o
 .text.pinmux_pullup
                0x0000000040031327       0x1c drivers/built-in.o
 .text.pinmux_set
                0x0000000040031343       0x17 drivers/built-in.o
 .text._stdin_hook_default
                0x000000004003135a        0x7 lib/built-in.o
 .text._stdout_hook_default
                0x0000000040031361        0x8 lib/built-in.o
 .text.__stdout_hook_install
                0x0000000040031369        0xa lib/built-in.o
                0x0000000040031369                __stdout_hook_install
 .text._read    0x0000000040031373       0x2b lib/built-in.o
                0x0000000040031373                read
                0x0000000040031373                _read
 .text._write   0x000000004003139e       0x35 lib/built-in.o
                0x000000004003139e                write
                0x000000004003139e                _write
 .text._isatty  0x00000000400313d3        0xa lib/built-in.o
                0x00000000400313d3                isatty
                0x00000000400313d3                _isatty
 .text._fstat   0x00000000400313dd        0xe lib/built-in.o
                0x00000000400313dd                _fstat
                0x00000000400313dd                fstat
 .text._close   0x00000000400313eb        0x8 lib/built-in.o
                0x00000000400313eb                close
                0x00000000400313eb                _close
 .text._lseek   0x00000000400313f3        0x7 lib/built-in.o
                0x00000000400313f3                lseek
                0x00000000400313f3                _lseek
 .text._sbrk    0x00000000400313fa       0x2d lib/built-in.o
                0x00000000400313fa                _sbrk
                0x00000000400313fa                sbrk
 .text._nop_char_out
                0x0000000040031427        0x7 misc/built-in.o
 .text.char_out
                0x000000004003142e        0xc misc/built-in.o
 .text._printk_dec_ulong
                0x000000004003143a       0xb0 misc/built-in.o
 .text.__printk_hook_install
                0x00000000400314ea        0xa misc/built-in.o
                0x00000000400314ea                __printk_hook_install
 .text._vprintk
                0x00000000400314f4      0x247 misc/built-in.o
                0x00000000400314f4                _vprintk
 .text.printk   0x000000004003173b       0x25 misc/built-in.o
                0x000000004003173b                printk
 .text._ConfigAbsSyms
                0x0000000040031760        0x5 misc/built-in.o
                0x0000000040031760                _ConfigAbsSyms
 .text.pinmux_initialize
                0x0000000040031765       0x45 boards/built-in.o
 .text.clk_periph_enable
                0x00000000400317aa       0x14 ext/built-in.o
                0x00000000400317aa                clk_periph_enable
 .text.gpio_isr
                0x00000000400317be       0x38 ext/built-in.o
 .text.qm_gpio_0_isr
                0x00000000400317f6        0xb ext/built-in.o
                0x00000000400317f6                qm_gpio_0_isr
 .text.qm_aon_gpio_0_isr
                0x0000000040031801        0xe ext/built-in.o
                0x0000000040031801                qm_aon_gpio_0_isr
 .text.qm_gpio_set_config
                0x000000004003180f       0x5f ext/built-in.o
                0x000000004003180f                qm_gpio_set_config
 .text.qm_gpio_read_pin
                0x000000004003186e       0x1e ext/built-in.o
                0x000000004003186e                qm_gpio_read_pin
 .text.qm_gpio_set_pin
                0x000000004003188c       0x21 ext/built-in.o
                0x000000004003188c                qm_gpio_set_pin
 .text.qm_gpio_clear_pin
                0x00000000400318ad       0x21 ext/built-in.o
                0x00000000400318ad                qm_gpio_clear_pin
 .text.qm_gpio_read_port
                0x00000000400318ce       0x13 ext/built-in.o
                0x00000000400318ce                qm_gpio_read_port
 .text.qm_gpio_write_port
                0x00000000400318e1       0x10 ext/built-in.o
                0x00000000400318e1                qm_gpio_write_port
 .text.qm_uart_set_config
                0x00000000400318f1       0x6d ext/built-in.o
                0x00000000400318f1                qm_uart_set_config
 .text.qm_uart_get_status
                0x000000004003195e       0x41 ext/built-in.o
                0x000000004003195e                qm_uart_get_status
 .text.qm_uart_write
                0x000000004003199f       0x23 ext/built-in.o
                0x000000004003199f                qm_uart_write
 .text.qm_uart_read
                0x00000000400319c2       0x31 ext/built-in.o
                0x00000000400319c2                qm_uart_read
 .text.read_frame
                0x00000000400319f3       0x2b ext/built-in.o
 .text.write_frame
                0x0000000040031a1e       0x29 ext/built-in.o
 .text.handle_spi_overflow_interrupt
                0x0000000040031a47       0x4e ext/built-in.o
 .text.handle_spi_mst_interrupt
                0x0000000040031a95      0x20a ext/built-in.o
 .text.qm_spi_set_config
                0x0000000040031c9f       0x6d ext/built-in.o
                0x0000000040031c9f                qm_spi_set_config
 .text.qm_spi_slave_select
                0x0000000040031d0c       0x20 ext/built-in.o
                0x0000000040031d0c                qm_spi_slave_select
 .text.qm_spi_irq_update
                0x0000000040031d2c       0x62 ext/built-in.o
                0x0000000040031d2c                qm_spi_irq_update
 .text.qm_spi_irq_transfer
                0x0000000040031d8e       0xfc ext/built-in.o
                0x0000000040031d8e                qm_spi_irq_transfer
 .text.qm_spi_master_0_isr
                0x0000000040031e8a        0xb ext/built-in.o
                0x0000000040031e8a                qm_spi_master_0_isr
 .text.qm_spi_master_1_isr
                0x0000000040031e95        0xe ext/built-in.o
                0x0000000040031e95                qm_spi_master_1_isr
 .text.qm_pmux_select
                0x0000000040031ea3       0x37 ext/built-in.o
                0x0000000040031ea3                qm_pmux_select
 .text.qm_pmux_input_en
                0x0000000040031eda       0x30 ext/built-in.o
                0x0000000040031eda                qm_pmux_input_en
 .text.qm_pmux_pullup_en
                0x0000000040031f0a       0x31 ext/built-in.o
                0x0000000040031f0a                qm_pmux_pullup_en
 .text.mraa_init
                0x0000000040031f3b       0x17 ext/built-in.o
                0x0000000040031f3b                mraa_init
 .text.mraa_setup_mux_mapped
                0x0000000040031f52      0x1ce ext/built-in.o
                0x0000000040031f52                mraa_setup_mux_mapped
 .text.mraa_set_pininfo
                0x0000000040032120       0x2b ext/built-in.o
                0x0000000040032120                mraa_set_pininfo
 .text.mraa_set_board_config
                0x000000004003214b       0x2c ext/built-in.o
                0x000000004003214b                mraa_set_board_config
 .text.gpio_pin_configure
                0x0000000040032177       0x17 ext/built-in.o
 .text.mraa_gpio_init_raw
                0x000000004003218e       0x7c ext/built-in.o
                0x000000004003218e                mraa_gpio_init_raw
 .text.mraa_gpio_init
                0x000000004003220a       0xb2 ext/built-in.o
                0x000000004003220a                mraa_gpio_init
 .text.mraa_gpio_dir
                0x00000000400322bc       0x76 ext/built-in.o
                0x00000000400322bc                mraa_gpio_dir
 .text.mraa_gpio_write
                0x0000000040032332       0x29 ext/built-in.o
                0x0000000040032332                mraa_gpio_write
 .text.mraa_gpio_owner
                0x000000004003235b       0x15 ext/built-in.o
                0x000000004003235b                mraa_gpio_owner
 .text.mraa_gpio_mode
                0x0000000040032370        0x7 ext/built-in.o
                0x0000000040032370                mraa_gpio_mode
 .text.mraa_gpio_close
                0x0000000040032377        0xc ext/built-in.o
                0x0000000040032377                mraa_gpio_close
 .text.spi_configure
                0x0000000040032383        0xb ext/built-in.o
 .text.spi_transceive
                0x000000004003238e       0x17 ext/built-in.o
 .text.mraa_spi_init
                0x00000000400323a5       0x88 ext/built-in.o
                0x00000000400323a5                mraa_spi_init
 .text.mraa_spi_frequency
                0x000000004003242d       0x39 ext/built-in.o
                0x000000004003242d                mraa_spi_frequency
 .text.mraa_spi_transfer_buf
                0x0000000040032466       0x1a ext/built-in.o
                0x0000000040032466                mraa_spi_transfer_buf
 .text.mraa_intel_quark_se_devboard
                0x0000000040032480      0xac6 ext/built-in.o
                0x0000000040032480                mraa_intel_quark_se_devboard
 .text.upm_clock_init
                0x0000000040032f46       0x10 ext/built-in.o
                0x0000000040032f46                upm_clock_init
 .text.upm_elapsed_us
                0x0000000040032f56       0x56 ext/built-in.o
                0x0000000040032f56                upm_elapsed_us
 .text.upm_delay_us
                0x0000000040032fac       0x28 ext/built-in.o
                0x0000000040032fac                upm_delay_us
 .text.LoRaClass
                0x0000000040032fd4       0x8d ext/built-in.o
                0x0000000040032fd4                LoRaClass
 .text.setPins  0x0000000040033061       0x16 ext/built-in.o
                0x0000000040033061                setPins
 .text.readRegister
                0x0000000040033077       0x6f ext/built-in.o
                0x0000000040033077                readRegister
 .text.dumpRegisters
                0x00000000400330e6       0x2d ext/built-in.o
                0x00000000400330e6                dumpRegisters
 .text.writeRegister
                0x0000000040033113       0x66 ext/built-in.o
                0x0000000040033113                writeRegister
 .text.write_buf
                0x0000000040033179       0x69 ext/built-in.o
                0x0000000040033179                write_buf
 .text.setTxPower.part.2
                0x00000000400331e2       0x5e ext/built-in.o
 .text.setFrequency
                0x0000000040033240       0x8b ext/built-in.o
                0x0000000040033240                setFrequency
 .text.explicitHeaderMode
                0x00000000400332cb       0x2a ext/built-in.o
                0x00000000400332cb                explicitHeaderMode
 .text.implicitHeaderMode
                0x00000000400332f5       0x68 ext/built-in.o
                0x00000000400332f5                implicitHeaderMode
 .text.SX1276SetOpMode
                0x000000004003335d       0x24 ext/built-in.o
                0x000000004003335d                SX1276SetOpMode
 .text.endPacket
                0x0000000040033381       0xaf ext/built-in.o
                0x0000000040033381                endPacket
 .text.idle     0x0000000040033430       0x19 ext/built-in.o
                0x0000000040033430                idle
 .text.beginPacket
                0x0000000040033449       0xb0 ext/built-in.o
                0x0000000040033449                beginPacket
 .text.SX1276sleep
                0x00000000400334f9       0x16 ext/built-in.o
                0x00000000400334f9                SX1276sleep
 .text.SX1276SetModem.part.3
                0x000000004003350f       0x3b ext/built-in.o
 .text.SX1276SetModem
                0x000000004003354a       0x46 ext/built-in.o
                0x000000004003354a                SX1276SetModem
 .text.SX1276RxChainCalibration
                0x0000000040033590       0xe9 ext/built-in.o
                0x0000000040033590                SX1276RxChainCalibration
 .text.init     0x0000000040033679      0x228 ext/built-in.o
                0x0000000040033679                init
 .text._arc_init
                0x00000000400338a1       0x63 arch/built-in.o
                0x00000000400338a1                _arc_init
 .text._lakemont_eoi
                0x0000000040033904       0x16 arch/built-in.o
                0x0000000040033904                _lakemont_eoi
 .text._SysFatalErrorHandler
                0x000000004003391a       0x55 arch/built-in.o
                0x000000004003391a                _SysFatalErrorHandler
 .text._cache_line_size_get
                0x000000004003396f       0x14 arch/built-in.o
                0x000000004003396f                _cache_line_size_get
 .text.init_cache
                0x0000000040033983       0x11 arch/built-in.o
 .text._exception_enter
                0x0000000040033994       0x2a arch/built-in.o
                0x0000000040033994                _exception_enter
 .text._interrupt_enter
                0x00000000400339be       0x51 arch/built-in.o
                0x00000000400339be                _interrupt_enter
 .text._SpuriousIntNoErrCodeHandler
                0x0000000040033a0f        0x2 arch/built-in.o
                0x0000000040033a0f                _SpuriousIntNoErrCodeHandler
 .text._SpuriousIntHandler
                0x0000000040033a11       0x1a arch/built-in.o
                0x0000000040033a11                _SpuriousIntHandler
 .text._Swap    0x0000000040033a2b       0x34 arch/built-in.o
                0x0000000040033a2b                _Swap
 .text._new_thread
                0x0000000040033a5f       0x62 arch/built-in.o
                0x0000000040033a5f                _new_thread
 .text._debug_fatal_hook
                0x0000000040033ac1        0x5 arch/built-in.o
                0x0000000040033ac1                _debug_fatal_hook
 .text._NanoFatalErrorHandler
                0x0000000040033ac6       0xf4 arch/built-in.o
                0x0000000040033ac6                _NanoFatalErrorHandler
 .text.generic_exc_handle
                0x0000000040033bba       0x3b arch/built-in.o
 .text.handle_exc_0
                0x0000000040033bf5        0xc arch/built-in.o
                0x0000000040033bf5                handle_exc_0
 .text.handle_exc_2
                0x0000000040033c01        0xf arch/built-in.o
                0x0000000040033c01                handle_exc_2
 .text.handle_exc_4
                0x0000000040033c10        0xf arch/built-in.o
                0x0000000040033c10                handle_exc_4
 .text.handle_exc_5
                0x0000000040033c1f        0xf arch/built-in.o
                0x0000000040033c1f                handle_exc_5
 .text.handle_exc_6
                0x0000000040033c2e        0xf arch/built-in.o
                0x0000000040033c2e                handle_exc_6
 .text.handle_exc_7
                0x0000000040033c3d        0xf arch/built-in.o
                0x0000000040033c3d                handle_exc_7
 .text.handle_exc_8
                0x0000000040033c4c        0xf arch/built-in.o
                0x0000000040033c4c                handle_exc_8
 .text.handle_exc_10
                0x0000000040033c5b        0xf arch/built-in.o
                0x0000000040033c5b                handle_exc_10
 .text.handle_exc_11
                0x0000000040033c6a        0xf arch/built-in.o
                0x0000000040033c6a                handle_exc_11
 .text.handle_exc_12
                0x0000000040033c79        0xf arch/built-in.o
                0x0000000040033c79                handle_exc_12
 .text.handle_exc_13
                0x0000000040033c88        0xf arch/built-in.o
                0x0000000040033c88                handle_exc_13
 .text.handle_exc_14
                0x0000000040033c97        0xf arch/built-in.o
                0x0000000040033c97                handle_exc_14
 .text.handle_exc_16
                0x0000000040033ca6        0xf arch/built-in.o
                0x0000000040033ca6                handle_exc_16
 .text.handle_exc_17
                0x0000000040033cb5        0xf arch/built-in.o
                0x0000000040033cb5                handle_exc_17
 .text.handle_exc_18
                0x0000000040033cc4        0xf arch/built-in.o
                0x0000000040033cc4                handle_exc_18
 .text._sys_device_do_config_level
                0x0000000040033cd3       0x28 kernel/lib.a(device.o)
                0x0000000040033cd3                _sys_device_do_config_level
 .text.device_get_binding
                0x0000000040033cfb       0x38 kernel/lib.a(device.o)
                0x0000000040033cfb                device_get_binding
 .text.device_busy_set
                0x0000000040033d33        0x5 kernel/lib.a(device.o)
                0x0000000040033d33                device_busy_set
 .text.device_busy_clear
                0x0000000040033d38        0x5 kernel/lib.a(device.o)
                0x0000000040033d38                device_busy_clear
 .text._main    0x0000000040033d3d       0x48 kernel/lib.a(init.o)
 .text._Cstart  0x0000000040033d85      0x111 kernel/lib.a(init.o)
                0x0000000040033d85                _Cstart
 .text._get_highest_ready_prio
                0x0000000040033e96       0x16 kernel/lib.a(sched.o)
 .text._add_timeout
                0x0000000040033eac       0x74 kernel/lib.a(sched.o)
 .text._add_thread_to_ready_q
                0x0000000040033f20       0x5e kernel/lib.a(sched.o)
                0x0000000040033f20                _add_thread_to_ready_q
 .text._remove_thread_from_ready_q
                0x0000000040033f7e       0x5f kernel/lib.a(sched.o)
                0x0000000040033f7e                _remove_thread_from_ready_q
 .text._pend_thread
                0x0000000040033fdd       0x77 kernel/lib.a(sched.o)
                0x0000000040033fdd                _pend_thread
 .text._pend_current_thread
                0x0000000040034054       0x24 kernel/lib.a(sched.o)
                0x0000000040034054                _pend_current_thread
 .text.__must_switch_threads
                0x0000000040034078       0x1b kernel/lib.a(sched.o)
                0x0000000040034078                __must_switch_threads
 .text._reschedule_threads
                0x0000000040034093       0x2d kernel/lib.a(sched.o)
                0x0000000040034093                _reschedule_threads
 .text.k_sched_unlock
                0x00000000400340c0       0x15 kernel/lib.a(sched.o)
                0x00000000400340c0                k_sched_unlock
 .text._move_thread_to_end_of_prio_q
                0x00000000400340d5       0x60 kernel/lib.a(sched.o)
                0x00000000400340d5                _move_thread_to_end_of_prio_q
 .text.k_current_get
                0x0000000040034135        0xa kernel/lib.a(sched.o)
                0x0000000040034135                k_current_get
 .text._ready_thread
                0x000000004003413f       0x21 kernel/lib.a(sem.o)
 .text._unpend_first_thread
                0x0000000040034160       0x4e kernel/lib.a(sem.o)
 .text._abort_timeout
                0x00000000400341ae       0x34 kernel/lib.a(sem.o)
 .text.k_sem_init
                0x00000000400341e2       0x10 kernel/lib.a(sem.o)
                0x00000000400341e2                k_sem_init
 .text.k_sem_give
                0x00000000400341f2       0x75 kernel/lib.a(sem.o)
                0x00000000400341f2                k_sem_give
 .text.k_sem_take
                0x0000000040034267       0x39 kernel/lib.a(sem.o)
                0x0000000040034267                k_sem_take
 .text._nano_sys_clock_tick_announce
                0x00000000400342a0      0x1b6 kernel/lib.a(sys_clock.o)
                0x00000000400342a0                _nano_sys_clock_tick_announce
 .text._is_thread_ready
                0x0000000040034456       0x19 kernel/lib.a(thread.o)
 .text._abort_timeout
                0x000000004003446f       0x34 kernel/lib.a(thread.o)
 .text.schedule_new_thread
                0x00000000400344a3       0xe0 kernel/lib.a(thread.o)
 .text.k_is_in_isr
                0x0000000040034583       0x11 kernel/lib.a(thread.o)
                0x0000000040034583                k_is_in_isr
 .text._is_thread_essential
                0x0000000040034594       0x10 kernel/lib.a(thread.o)
                0x0000000040034594                _is_thread_essential
 .text._thread_entry
                0x00000000400345a4       0x31 kernel/lib.a(thread.o)
                0x00000000400345a4                _thread_entry
 .text._k_thread_single_abort
                0x00000000400345d5       0x4e kernel/lib.a(thread.o)
                0x00000000400345d5                _k_thread_single_abort
 .text._init_static_threads
                0x0000000040034623       0x79 kernel/lib.a(thread.o)
                0x0000000040034623                _init_static_threads
 .text._init_thread_base
                0x000000004003469c       0x33 kernel/lib.a(thread.o)
                0x000000004003469c                _init_thread_base
 .text.k_thread_abort
                0x00000000400346cf       0x26 kernel/lib.a(thread_abort.o)
                0x00000000400346cf                k_thread_abort
 .text._ready_thread
                0x00000000400346f5       0x21 kernel/lib.a(timer.o)
 .text._add_timeout.constprop.7
                0x0000000040034716       0x78 kernel/lib.a(timer.o)
 .text._timer_expiration_handler
                0x000000004003478e       0x6c kernel/lib.a(timer.o)
                0x000000004003478e                _timer_expiration_handler
 .text._OffsetAbsSyms
                0x00000000400347fa        0x5 ./arch/x86/core/offsets/offsets.o
                0x00000000400347fa                _OffsetAbsSyms
 .text.malloc   0x00000000400347ff       0x10 /opt/zephyr-sdk//sysroots/iamcu-zephyr-elfiamcu/usr/lib/./libc.a(lib_a-malloc.o)
                0x00000000400347ff                malloc
 .text.free     0x000000004003480f       0x10 /opt/zephyr-sdk//sysroots/iamcu-zephyr-elfiamcu/usr/lib/./libc.a(lib_a-malloc.o)
                0x000000004003480f                free
 .text._free_r  0x000000004003481f       0xb9 /opt/zephyr-sdk//sysroots/iamcu-zephyr-elfiamcu/usr/lib/./libc.a(lib_a-nano-freer.o)
                0x000000004003481f                _free_r
 .text._malloc_r
                0x00000000400348d8       0xd3 /opt/zephyr-sdk//sysroots/iamcu-zephyr-elfiamcu/usr/lib/./libc.a(lib_a-nano-mallocr.o)
                0x00000000400348d8                _malloc_r
 .text.printf   0x00000000400349ab       0x18 /opt/zephyr-sdk//sysroots/iamcu-zephyr-elfiamcu/usr/lib/./libc.a(lib_a-printf.o)
                0x00000000400349ab                printf
                0x00000000400349ab                iprintf
 .text._sbrk_r  0x00000000400349c3       0x27 /opt/zephyr-sdk//sysroots/iamcu-zephyr-elfiamcu/usr/lib/./libc.a(lib_a-sbrkr.o)
                0x00000000400349c3                _sbrk_r
 .text.snprintf
                0x00000000400349ea       0x82 /opt/zephyr-sdk//sysroots/iamcu-zephyr-elfiamcu/usr/lib/./libc.a(lib_a-snprintf.o)
                0x00000000400349ea                snprintf
                0x00000000400349ea                sniprintf
 .text.strcmp   0x0000000040034a6c       0x17 /opt/zephyr-sdk//sysroots/iamcu-zephyr-elfiamcu/usr/lib/./libc.a(lib_a-strcmp.o)
                0x0000000040034a6c                strcmp
 .text.__getreent
                0x0000000040034a83        0x6 /opt/zephyr-sdk//sysroots/iamcu-zephyr-elfiamcu/usr/lib/./libc.a(lib_a-getreent.o)
                0x0000000040034a83                __getreent
 .text.__ssputs_r
                0x0000000040034a89       0xe8 /opt/zephyr-sdk//sysroots/iamcu-zephyr-elfiamcu/usr/lib/./libc.a(lib_a-nano-svfprintf.o)
                0x0000000040034a89                __ssputs_r
 .text._svfprintf_r
                0x0000000040034b71      0x26a /opt/zephyr-sdk//sysroots/iamcu-zephyr-elfiamcu/usr/lib/./libc.a(lib_a-nano-svfprintf.o)
                0x0000000040034b71                _svfprintf_r
                0x0000000040034b71                _svfiprintf_r
 .text._printf_common
                0x0000000040034ddb       0xdc /opt/zephyr-sdk//sysroots/iamcu-zephyr-elfiamcu/usr/lib/./libc.a(lib_a-nano-vfprintf_i.o)
                0x0000000040034ddb                _printf_common
 .text._printf_i
                0x0000000040034eb7      0x299 /opt/zephyr-sdk//sysroots/iamcu-zephyr-elfiamcu/usr/lib/./libc.a(lib_a-nano-vfprintf_i.o)
                0x0000000040034eb7                _printf_i
 .text.__sfputc_r
                0x0000000040035150       0x2a /opt/zephyr-sdk//sysroots/iamcu-zephyr-elfiamcu/usr/lib/./libc.a(lib_a-nano-vfprintf.o)
 .text.__sfputs_r
                0x000000004003517a       0x2f /opt/zephyr-sdk//sysroots/iamcu-zephyr-elfiamcu/usr/lib/./libc.a(lib_a-nano-vfprintf.o)
                0x000000004003517a                __sfputs_r
 .text._vfprintf_r
                0x00000000400351a9      0x292 /opt/zephyr-sdk//sysroots/iamcu-zephyr-elfiamcu/usr/lib/./libc.a(lib_a-nano-vfprintf.o)
                0x00000000400351a9                _vfiprintf_r
                0x00000000400351a9                _vfprintf_r
 .text.__swbuf_r
                0x000000004003543b       0x8e /opt/zephyr-sdk//sysroots/iamcu-zephyr-elfiamcu/usr/lib/./libc.a(lib_a-wbuf.o)
                0x000000004003543b                __swbuf_r
 .text.__swsetup_r
                0x00000000400354c9       0xc9 /opt/zephyr-sdk//sysroots/iamcu-zephyr-elfiamcu/usr/lib/./libc.a(lib_a-wsetup.o)
                0x00000000400354c9                __swsetup_r
 .text.__sflush_r
                0x0000000040035592      0x123 /opt/zephyr-sdk//sysroots/iamcu-zephyr-elfiamcu/usr/lib/./libc.a(lib_a-fflush.o)
                0x0000000040035592                __sflush_r
 .text._fflush_r
                0x00000000400356b5       0x2e /opt/zephyr-sdk//sysroots/iamcu-zephyr-elfiamcu/usr/lib/./libc.a(lib_a-fflush.o)
                0x00000000400356b5                _fflush_r
 .text._cleanup_r
                0x00000000400356e3        0xa /opt/zephyr-sdk//sysroots/iamcu-zephyr-elfiamcu/usr/lib/./libc.a(lib_a-findfp.o)
                0x00000000400356e3                _cleanup_r
 .text.std.isra.0
                0x00000000400356ed       0x6b /opt/zephyr-sdk//sysroots/iamcu-zephyr-elfiamcu/usr/lib/./libc.a(lib_a-findfp.o)
 .text.__sinit  0x0000000040035758       0x6c /opt/zephyr-sdk//sysroots/iamcu-zephyr-elfiamcu/usr/lib/./libc.a(lib_a-findfp.o)
                0x0000000040035758                __sinit
 .text._fwalk_reent
                0x00000000400357c4       0x56 /opt/zephyr-sdk//sysroots/iamcu-zephyr-elfiamcu/usr/lib/./libc.a(lib_a-fwalk.o)
                0x00000000400357c4                _fwalk_reent
 .text.__swhatbuf_r
                0x000000004003581a       0x66 /opt/zephyr-sdk//sysroots/iamcu-zephyr-elfiamcu/usr/lib/./libc.a(lib_a-makebuf.o)
                0x000000004003581a                __swhatbuf_r
 .text.__smakebuf_r
                0x0000000040035880       0xa0 /opt/zephyr-sdk//sysroots/iamcu-zephyr-elfiamcu/usr/lib/./libc.a(lib_a-makebuf.o)
                0x0000000040035880                __smakebuf_r
 .text._realloc_r
                0x0000000040035920       0x55 /opt/zephyr-sdk//sysroots/iamcu-zephyr-elfiamcu/usr/lib/./libc.a(lib_a-nano-reallocr.o)
                0x0000000040035920                _realloc_r
 .text.__sread  0x0000000040035975       0x22 /opt/zephyr-sdk//sysroots/iamcu-zephyr-elfiamcu/usr/lib/./libc.a(lib_a-stdio.o)
                0x0000000040035975                __sread
 .text.__swrite
                0x0000000040035997       0x3d /opt/zephyr-sdk//sysroots/iamcu-zephyr-elfiamcu/usr/lib/./libc.a(lib_a-stdio.o)
                0x0000000040035997                __swrite
 .text.__sseek  0x00000000400359d4       0x29 /opt/zephyr-sdk//sysroots/iamcu-zephyr-elfiamcu/usr/lib/./libc.a(lib_a-stdio.o)
                0x00000000400359d4                __sseek
 .text.__sclose
                0x00000000400359fd        0x9 /opt/zephyr-sdk//sysroots/iamcu-zephyr-elfiamcu/usr/lib/./libc.a(lib_a-stdio.o)
                0x00000000400359fd                __sclose
 .text._write_r
                0x0000000040035a06       0x2d /opt/zephyr-sdk//sysroots/iamcu-zephyr-elfiamcu/usr/lib/./libc.a(lib_a-writer.o)
                0x0000000040035a06                _write_r
 .text._close_r
                0x0000000040035a33       0x27 /opt/zephyr-sdk//sysroots/iamcu-zephyr-elfiamcu/usr/lib/./libc.a(lib_a-closer.o)
                0x0000000040035a33                _close_r
 .text._fstat_r
                0x0000000040035a5a       0x29 /opt/zephyr-sdk//sysroots/iamcu-zephyr-elfiamcu/usr/lib/./libc.a(lib_a-fstatr.o)
                0x0000000040035a5a                _fstat_r
 .text._isatty_r
                0x0000000040035a83       0x27 /opt/zephyr-sdk//sysroots/iamcu-zephyr-elfiamcu/usr/lib/./libc.a(lib_a-isattyr.o)
                0x0000000040035a83                _isatty_r
 .text._lseek_r
                0x0000000040035aaa       0x2d /opt/zephyr-sdk//sysroots/iamcu-zephyr-elfiamcu/usr/lib/./libc.a(lib_a-lseekr.o)
                0x0000000040035aaa                _lseek_r
 .text._malloc_usable_size_r
                0x0000000040035ad7        0xf /opt/zephyr-sdk//sysroots/iamcu-zephyr-elfiamcu/usr/lib/./libc.a(lib_a-nano-msizer.o)
                0x0000000040035ad7                _malloc_usable_size_r
 .text._read_r  0x0000000040035ae6       0x2d /opt/zephyr-sdk//sysroots/iamcu-zephyr-elfiamcu/usr/lib/./libc.a(lib_a-readr.o)
                0x0000000040035ae6                _read_r
 *(.gnu.linkonce.t.*)
 .gnu.linkonce.t.exc_0_stub
                0x0000000040035b13        0xc arch/built-in.o
                0x0000000040035b13                _handle_exc_0_vector_0_stub
 .gnu.linkonce.t.exc_2_stub
                0x0000000040035b1f        0xc arch/built-in.o
                0x0000000040035b1f                _handle_exc_2_vector_2_stub
 .gnu.linkonce.t.exc_4_stub
                0x0000000040035b2b        0xc arch/built-in.o
                0x0000000040035b2b                _handle_exc_4_vector_4_stub
 .gnu.linkonce.t.exc_5_stub
                0x0000000040035b37        0xc arch/built-in.o
                0x0000000040035b37                _handle_exc_5_vector_5_stub
 .gnu.linkonce.t.exc_6_stub
                0x0000000040035b43        0xc arch/built-in.o
                0x0000000040035b43                _handle_exc_6_vector_6_stub
 .gnu.linkonce.t.exc_7_stub
                0x0000000040035b4f        0xc arch/built-in.o
                0x0000000040035b4f                _handle_exc_7_vector_7_stub
 .gnu.linkonce.t.exc_8_stub
                0x0000000040035b5b        0xa arch/built-in.o
                0x0000000040035b5b                _handle_exc_8_vector_8_stub
 .gnu.linkonce.t.exc_10_stub
                0x0000000040035b65        0xa arch/built-in.o
                0x0000000040035b65                _handle_exc_10_vector_10_stub
 .gnu.linkonce.t.exc_11_stub
                0x0000000040035b6f        0xa arch/built-in.o
                0x0000000040035b6f                _handle_exc_11_vector_11_stub
 .gnu.linkonce.t.exc_12_stub
                0x0000000040035b79        0xa arch/built-in.o
                0x0000000040035b79                _handle_exc_12_vector_12_stub
 .gnu.linkonce.t.exc_13_stub
                0x0000000040035b83        0xa arch/built-in.o
                0x0000000040035b83                _handle_exc_13_vector_13_stub
 .gnu.linkonce.t.exc_14_stub
                0x0000000040035b8d        0xa arch/built-in.o
                0x0000000040035b8d                _handle_exc_14_vector_14_stub
 .gnu.linkonce.t.exc_16_stub
                0x0000000040035b97        0xc arch/built-in.o
                0x0000000040035b97                _handle_exc_16_vector_16_stub
 .gnu.linkonce.t.exc_17_stub
                0x0000000040035ba3        0xa arch/built-in.o
                0x0000000040035ba3                _handle_exc_17_vector_17_stub
 .gnu.linkonce.t.exc_18_stub
                0x0000000040035bad        0xc arch/built-in.o
                0x0000000040035bad                _handle_exc_18_vector_18_stub
 *(.eh_frame)
 *(.init)
 *(.fini)
 *(.eini)
 *(.openocd_dbg)
 *(.openocd_dbg.*)
                0x0000000040035bb9                _image_text_end = .

.rel.dyn        0x0000000040035bbc        0x0
 .rel.text._sys_clock_driver_init
                0x0000000040035bbc        0x0 src/built-in.o
 .rel.text.spi_qmsi_init
                0x0000000040035bbc        0x0 src/built-in.o
 .rel.text.gpio_qmsi_init
                0x0000000040035bbc        0x0 src/built-in.o
 .rel.text._sbrk
                0x0000000040035bbc        0x0 src/built-in.o
 .rel.text.LoRaClass
                0x0000000040035bbc        0x0 src/built-in.o
 .rel.text.setPins
                0x0000000040035bbc        0x0 src/built-in.o
 .rel.text.readRegister
                0x0000000040035bbc        0x0 src/built-in.o
 .rel.text.writeRegister
                0x0000000040035bbc        0x0 src/built-in.o
 .rel.text.setFrequency
                0x0000000040035bbc        0x0 src/built-in.o
 .rel.text.explicitHeaderMode
                0x0000000040035bbc        0x0 src/built-in.o
 .rel.text.implicitHeaderMode
                0x0000000040035bbc        0x0 src/built-in.o
 .rel.text.init
                0x0000000040035bbc        0x0 src/built-in.o
 .rel.text_start.__start
                0x0000000040035bbc        0x0 src/built-in.o
 .rel.text.init_cache
                0x0000000040035bbc        0x0 src/built-in.o
 .rel.text._NanoFatalErrorHandler
                0x0000000040035bbc        0x0 src/built-in.o
 .rel.text.device_get_binding
                0x0000000040035bbc        0x0 src/built-in.o
 .rel.rodata.config_levels
                0x0000000040035bbc        0x0 src/built-in.o
 .rel.text._Cstart
                0x0000000040035bbc        0x0 src/built-in.o
 .rel.text._unpend_first_thread
                0x0000000040035bbc        0x0 src/built-in.o
 .rel.text._nano_sys_clock_tick_announce
                0x0000000040035bbc        0x0 src/built-in.o
 .rel.text._init_static_threads
                0x0000000040035bbc        0x0 src/built-in.o
 .rel.text._sbrk_r
                0x0000000040035bbc        0x0 src/built-in.o
 .rel.text._svfprintf_r
                0x0000000040035bbc        0x0 src/built-in.o
 .rel.text._vfprintf_r
                0x0000000040035bbc        0x0 src/built-in.o
 .rel.text._write_r
                0x0000000040035bbc        0x0 src/built-in.o
 .rel.text._close_r
                0x0000000040035bbc        0x0 src/built-in.o
 .rel.text._fstat_r
                0x0000000040035bbc        0x0 src/built-in.o
 .rel.text._isatty_r
                0x0000000040035bbc        0x0 src/built-in.o
 .rel.text._lseek_r
                0x0000000040035bbc        0x0 src/built-in.o
 .rel.text._read_r
                0x0000000040035bbc        0x0 src/built-in.o

devconfig       0x0000000040035bbc       0xa8
                0x0000000040035bbc                __devconfig_start = .
 *(.devconfig.*)
 .devconfig.init
                0x0000000040035bbc       0x84 drivers/built-in.o
 .devconfig.init
                0x0000000040035c40        0xc boards/built-in.o
 .devconfig.init
                0x0000000040035c4c       0x18 arch/built-in.o
 *(SORT(.devconfig*))
                0x0000000040035c64                __devconfig_end = .

net_l2          0x0000000040035c64        0x0
                0x0000000040035c64                __net_l2_start = .
 *(.net_l2.init)
 *(SORT(.net_l2.init*))
                0x0000000040035c64                __net_l2_end = .

rodata          0x0000000040035c80     0x1888
 *(.rodata)
 .rodata        0x0000000040035c80       0x18 ext/built-in.o
 .rodata        0x0000000040035c98       0x3c /opt/zephyr-sdk//sysroots/iamcu-zephyr-elfiamcu/usr/lib/i586-zephyr-elfiamcu/6.2.0/libgcc.a(divdf3.o)
 *(.rodata.*)
 .rodata.main.str1.1
                0x0000000040035cd4       0x35 src/built-in.o
 .rodata.uart_console_init.str1.1
                0x0000000040035d09        0x7 drivers/built-in.o
 .rodata.str1.1
                0x0000000040035d10       0x32 drivers/built-in.o
                                         0x3c (size before relaxing)
 *fill*         0x0000000040035d42        0x2 
 .rodata.api    0x0000000040035d44        0xc drivers/built-in.o
 .rodata.config_info_1
                0x0000000040035d50       0x10 drivers/built-in.o
 .rodata.config_info_0
                0x0000000040035d60       0x10 drivers/built-in.o
 .rodata.CSWTCH.5
                0x0000000040035d70        0x3 drivers/built-in.o
 *fill*         0x0000000040035d73        0x1 
 .rodata.spi_qmsi_mst_1_config
                0x0000000040035d74        0xc drivers/built-in.o
 .rodata.spi_qmsi_mst_0_config
                0x0000000040035d80        0xc drivers/built-in.o
 .rodata.spi_qmsi_api
                0x0000000040035d8c        0xc drivers/built-in.o
 .rodata.api_funcs
                0x0000000040035d98       0x1c drivers/built-in.o
 .rodata.gpio_aon_config
                0x0000000040035db4        0x8 drivers/built-in.o
 .rodata.gpio_0_config
                0x0000000040035dbc        0x8 drivers/built-in.o
 .rodata.str1.1
                0x0000000040035dc4        0x1 boards/built-in.o
 .rodata.tx_dummy_frame
                0x0000000040035dc4        0x4 ext/built-in.o
 .rodata.mraa_setup_mux_mapped
                0x0000000040035dc8       0x18 ext/built-in.o
 .rodata.mraa_gpio_init_raw.str1.1
                0x0000000040035de0       0x3f ext/built-in.o
                                         0x46 (size before relaxing)
 .rodata.mraa_gpio_init.str1.1
                0x0000000040035e1f       0x8d ext/built-in.o
                                         0x94 (size before relaxing)
 .rodata.__FUNCTION__.3740
                0x0000000040035eac       0x13 ext/built-in.o
 .rodata.mraa_spi_init.str1.1
                0x0000000040035ebf       0x24 ext/built-in.o
                                         0x2a (size before relaxing)
 .rodata.mraa_intel_quark_se_devboard.str1.1
                0x0000000040035ee3      0x598 ext/built-in.o
                                        0x59f (size before relaxing)
 .rodata.LoRaClass.str1.1
                0x000000004003647b       0x62 ext/built-in.o
 .rodata.readRegister.str1.1
                0x00000000400364dd       0x40 ext/built-in.o
 .rodata.dumpRegisters.str1.1
                0x000000004003651d        0xc ext/built-in.o
 .rodata.write_buf.str1.1
                0x0000000040036529       0x14 ext/built-in.o
 .rodata.setTxPower.part.2.str1.1
                0x000000004003653d       0x3d ext/built-in.o
 .rodata.setFrequency.str1.1
                0x000000004003657a       0x1a ext/built-in.o
 .rodata.implicitHeaderMode.str1.1
                0x0000000040036594       0x6c ext/built-in.o
 .rodata.endPacket.str1.1
                0x0000000040036600      0x106 ext/built-in.o
 .rodata.idle.str1.1
                0x0000000040036706       0x17 ext/built-in.o
 .rodata.beginPacket.str1.1
                0x000000004003671d       0x63 ext/built-in.o
 .rodata.SX1276sleep.str1.1
                0x0000000040036780       0x27 ext/built-in.o
 .rodata.SX1276RxChainCalibration.str1.1
                0x00000000400367a7       0x1f ext/built-in.o
 .rodata.init.str1.1
                0x00000000400367c6      0x153 ext/built-in.o
 *fill*         0x0000000040036919        0x3 
 .rodata.__FUNCTION__.3825
                0x000000004003691c        0xa ext/built-in.o
 *fill*         0x0000000040036926       0x1a 
 .rodata.RadioRegsInit
                0x0000000040036940       0x80 ext/built-in.o
                0x0000000040036940                RadioRegsInit
 .rodata._arc_init.str1.1
                0x00000000400369c0       0x1a arch/built-in.o
 .rodata.str1.1
                0x00000000400369da        0x2 arch/built-in.o
 .rodata._SysFatalErrorHandler.str1.1
                0x00000000400369da       0x5a arch/built-in.o
 .rodata._NanoFatalErrorHandler.str1.1
                0x0000000040036a34      0x138 arch/built-in.o
                                        0x13f (size before relaxing)
 .rodata.generic_exc_handle.str1.1
                0x0000000040036b6c       0x34 arch/built-in.o
 .rodata._default_esf
                0x0000000040036ba0       0x30 arch/built-in.o
                0x0000000040036ba0                _default_esf
 *fill*         0x0000000040036bd0       0x10 
 .rodata.config_levels
                0x0000000040036be0       0x24 kernel/lib.a(device.o)
 .rodata._k_neg_eagain
                0x0000000040036c04        0x4 kernel/lib.a(errno.o)
                0x0000000040036c04                _k_neg_eagain
 .rodata._Cstart.str1.1
                0x0000000040036c08       0x48 kernel/lib.a(init.o)
 .rodata.str1.1
                0x0000000040036c50        0x2 /opt/zephyr-sdk//sysroots/iamcu-zephyr-elfiamcu/usr/lib/./libc.a(lib_a-impure.o)
 .rodata.str1.1
                0x0000000040036c52       0x11 /opt/zephyr-sdk//sysroots/iamcu-zephyr-elfiamcu/usr/lib/./libc.a(lib_a-nano-svfprintf.o)
 .rodata.str1.1
                0x0000000040036c63       0x22 /opt/zephyr-sdk//sysroots/iamcu-zephyr-elfiamcu/usr/lib/./libc.a(lib_a-nano-vfprintf_i.o)
 .rodata.str1.1
                0x0000000040036c85       0x11 /opt/zephyr-sdk//sysroots/iamcu-zephyr-elfiamcu/usr/lib/./libc.a(lib_a-nano-vfprintf.o)
 *(.gnu.linkonce.r.*)
                0x0000000040036c98                . = ALIGN (0x8)
 *fill*         0x0000000040036c85        0x3 
                0x0000000040036c88                _idt_base_address = .
 *(staticIdt)
 staticIdt      0x0000000040036c88      0x800 staticIdt.o
                0x0000000040036c88                _binary_staticIdt_bin_start
                0x0000000040037488                _binary_staticIdt_bin_end
                0x0000000040037488                . = ALIGN (0x4)
                0x0000000040037488                _irq_to_interrupt_vector = .
 *(irq_int_vector_map)
 irq_int_vector_map
                0x0000000040037488       0x80 irq_int_vector_map.o
                0x0000000040037488                _binary_irq_int_vector_map_bin_start
                0x0000000040037508                _binary_irq_int_vector_map_bin_end
                0x0000000040037508                _image_rom_end = .
                0x0000000040037508                __data_rom_start = ALIGN (0x4)

datas           0x00000000a8006400      0x2f4 load address 0x0000000040037508
                0x00000000a8006400                _image_ram_start = .
                0x00000000a8006400                __data_ram_start = .
 *(.top_of_image_ram)
 *(.top_of_image_ram.*)
 *(.data)
 .data          0x00000000a8006400      0x2b0 /opt/zephyr-sdk//sysroots/iamcu-zephyr-elfiamcu/usr/lib/./libc.a(lib_a-impure.o)
                0x00000000a8006400                _impure_ptr
 *(.data.*)
 .data.api_funcs
                0x00000000a80066b0       0x10 drivers/built-in.o
 .data._stdin_hook
                0x00000000a80066c0        0x4 lib/built-in.o
 .data._stdout_hook
                0x00000000a80066c4        0x4 lib/built-in.o
 .data._char_out
                0x00000000a80066c8        0x4 misc/built-in.o
                0x00000000a80066c8                _char_out
 .data.qm_gpio  0x00000000a80066cc        0x8 ext/built-in.o
                0x00000000a80066cc                qm_gpio
 .data.qm_uart  0x00000000a80066d4        0x8 ext/built-in.o
                0x00000000a80066d4                qm_uart
 .data.qm_spi_controllers
                0x00000000a80066dc        0xc ext/built-in.o
                0x00000000a80066dc                qm_spi_controllers
 .data._sys_idle_elapsed_ticks
                0x00000000a80066e8        0x4 kernel/lib.a(sys_clock.o)
                0x00000000a80066e8                _sys_idle_elapsed_ticks
 .data.sys_clock_hw_cycles_per_tick
                0x00000000a80066ec        0x4 kernel/lib.a(sys_clock.o)
                0x00000000a80066ec                sys_clock_hw_cycles_per_tick
 .data.sys_clock_us_per_tick
                0x00000000a80066f0        0x4 kernel/lib.a(sys_clock.o)
                0x00000000a80066f0                sys_clock_us_per_tick
                0x00000000a80066f4                . = ALIGN (0x4)

initlevel       0x00000000a80066f4       0xa8 load address 0x00000000400377fc
                0x00000000a80066f4                __device_init_start = .
                0x00000000a80066f4                __device_PRE_KERNEL_1_start = .
 *(SORT(.init_PRE_KERNEL_1[0-9]))
 *(SORT(.init_PRE_KERNEL_1[1-9][0-9]))
 .init_PRE_KERNEL_140
                0x00000000a80066f4       0x18 drivers/built-in.o
 .init_PRE_KERNEL_140
                0x00000000a800670c        0xc arch/built-in.o
 .init_PRE_KERNEL_150
                0x00000000a8006718       0x18 drivers/built-in.o
 .init_PRE_KERNEL_160
                0x00000000a8006730        0xc drivers/built-in.o
                0x00000000a800673c                __device_PRE_KERNEL_2_start = .
 *(SORT(.init_PRE_KERNEL_2[0-9]))
 *(SORT(.init_PRE_KERNEL_2[1-9][0-9]))
                0x00000000a800673c                __device_POST_KERNEL_start = .
 *(SORT(.init_POST_KERNEL[0-9]))
 .init_POST_KERNEL0
                0x00000000a800673c        0xc drivers/built-in.o
 *(SORT(.init_POST_KERNEL[1-9][0-9]))
 .init_POST_KERNEL40
                0x00000000a8006748        0xc drivers/built-in.o
 .init_POST_KERNEL40
                0x00000000a8006754        0xc boards/built-in.o
 .init_POST_KERNEL40
                0x00000000a8006760        0xc arch/built-in.o
 .init_POST_KERNEL60
                0x00000000a800676c       0x18 drivers/built-in.o
 .init_POST_KERNEL70
                0x00000000a8006784       0x18 drivers/built-in.o
                0x00000000a800679c                __device_APPLICATION_start = .
 *(SORT(.init_APPLICATION[0-9]))
 *(SORT(.init_APPLICATION[1-9][0-9]))
                0x00000000a800679c                __device_PRIMARY_start = .
 *(SORT(.init_PRIMARY[0-9]))
 *(SORT(.init_PRIMARY[1-9][0-9]))
                0x00000000a800679c                __device_SECONDARY_start = .
 *(SORT(.init_SECONDARY[0-9]))
 *(SORT(.init_SECONDARY[1-9][0-9]))
                0x00000000a800679c                __device_NANOKERNEL_start = .
 *(SORT(.init_NANOKERNEL[0-9]))
 *(SORT(.init_NANOKERNEL[1-9][0-9]))
                0x00000000a800679c                __device_MICROKERNEL_start = .
 *(SORT(.init_MICROKERNEL[0-9]))
 *(SORT(.init_MICROKERNEL[1-9][0-9]))
                0x00000000a800679c                __device_init_end = .

initlevel_error
                0x0000000040037508        0x0
 *(SORT(.init_[_A-Z0-9]*))
                0x0000000000000001                ASSERT ((SIZEOF (initlevel_error) == 0x0), Undefined initialization levels used.)

initshell       0x00000000a800679c        0x0 load address 0x00000000400378a4
                0x00000000a800679c                __shell_cmd_start = .
 *(.shell_*)
                0x00000000a800679c                __shell_cmd_end = .

_static_thread_area
                0x00000000a800679c        0x0 load address 0x00000000400378a4
                0x00000000a800679c                _static_thread_data_list_start = .
 *(SORT(._static_thread_data.static.*))
                0x00000000a800679c                _static_thread_data_list_end = .

_k_timer_area   0x00000000a80067a0       0x34 load address 0x00000000400378a8
                0x00000000a80067a0                _k_timer_list_start = .
 *(SORT(._k_timer.static.*))
 ._k_timer.static.timer
                0x00000000a80067a0       0x34 ext/built-in.o
                0x00000000a80067a0                timer
                0x00000000a80067d4                _k_timer_list_end = .

_k_mem_slab_area
                0x00000000a80067d4        0x0 load address 0x00000000400378dc
                0x00000000a80067d4                _k_mem_slab_list_start = .
 *(SORT(._k_mem_slab.static.*))
                0x00000000a80067d4                _k_mem_slab_list_end = .

_k_mem_pool_area
                0x00000000a80067d4        0x0 load address 0x00000000400378dc
 *(SORT(._k_memory_pool.struct*))
                0x00000000a80067d4                _k_mem_pool_list_start = .
 *(SORT(._k_mem_pool.static.*))
                0x00000000a80067d4                _k_mem_pool_list_end = .

_k_sem_area     0x00000000a80067d4        0x0 load address 0x00000000400378dc
                0x00000000a80067d4                _k_sem_list_start = .
 *(SORT(._k_sem.static.*))
                0x00000000a80067d4                _k_sem_list_end = .

_k_mutex_area   0x00000000a80067d4        0x0 load address 0x00000000400378dc
                0x00000000a80067d4                _k_mutex_list_start = .
 *(SORT(._k_mutex.static.*))
                0x00000000a80067d4                _k_mutex_list_end = .

_k_alert_area   0x00000000a80067d4        0x0 load address 0x00000000400378dc
                0x00000000a80067d4                _k_alert_list_start = .
 *(SORT(._k_alert.static.*))
                0x00000000a80067d4                _k_alert_list_end = .

_k_fifo_area    0x00000000a80067d4        0x0 load address 0x00000000400378dc
                0x00000000a80067d4                _k_fifo_list_start = .
 *(SORT(._k_fifo.static.*))
                0x00000000a80067d4                _k_fifo_list_end = .

_k_lifo_area    0x00000000a80067d4        0x0 load address 0x00000000400378dc
                0x00000000a80067d4                _k_lifo_list_start = .
 *(SORT(._k_lifo.static.*))
                0x00000000a80067d4                _k_lifo_list_end = .

_k_stack_area   0x00000000a80067d4        0x0 load address 0x00000000400378dc
                0x00000000a80067d4                _k_stack_list_start = .
 *(SORT(._k_stack.static.*))
                0x00000000a80067d4                _k_stack_list_end = .

_k_msgq_area    0x00000000a80067d4        0x0 load address 0x00000000400378dc
                0x00000000a80067d4                _k_msgq_list_start = .
 *(SORT(._k_msgq.static.*))
                0x00000000a80067d4                _k_msgq_list_end = .

_k_mbox_area    0x00000000a80067d4        0x0 load address 0x00000000400378dc
                0x00000000a80067d4                _k_mbox_list_start = .
 *(SORT(._k_mbox.static.*))
                0x00000000a80067d4                _k_mbox_list_end = .

_k_pipe_area    0x00000000a80067d4        0x0 load address 0x00000000400378dc
                0x00000000a80067d4                _k_pipe_list_start = .
 *(SORT(._k_pipe.static.*))
                0x00000000a80067d4                _k_pipe_list_end = .

_k_task_list    0x00000000a80067d4        0x0 load address 0x00000000400378dc
                0x00000000a80067d4                _k_task_list_start = .
 *(._k_task_list.public.*)
 *(._k_task_list.private.*)
                0x00000000a80067d4                _k_task_list_idle_start = .
 *(._k_task_list.idle.*)
 *(SORT(._k_task_list*))
                0x00000000a80067d4                _k_task_list_end = .

_k_event_list   0x00000000a80067d4        0x0 load address 0x00000000400378dc
                0x00000000a80067d4                _k_event_list_start = .
 *(._k_event_list.event.*)
 *(SORT(._k_event_list*))
                0x00000000a80067d4                _k_event_list_end = .

_k_memory_pool  0x00000000a80067d4        0x0 load address 0x00000000400378dc
 *(._k_memory_pool.struct*)
 *(SORT(._k_memory_pool.struct*))
                0x00000000a80067d4                _k_mem_pool_start = .
 *(._k_memory_pool.*)
 *(SORT(._k_memory_pool*))
                0x00000000a80067d4                _k_mem_pool_end = .

net_if          0x00000000a80067d4        0x0 load address 0x00000000400378dc
                0x00000000a80067d4                __net_if_start = .
 *(.net_if.*)
 *(SORT(.net_if*))
                0x00000000a80067d4                __net_if_end = .

net_l2_data     0x00000000a80067d4        0x0 load address 0x00000000400378dc
                0x00000000a80067d4                __net_l2_data_start = .
 *(.net_l2.data)
 *(SORT(.net_l2.data*))
                0x00000000a80067d4                __net_l2_data_end = .
                0x00000000a80067d4                __data_ram_end = .

bss             0x00000000a80067e0     0x10f8
                0x00000000a80067e0                . = ALIGN (0x4)
                0x00000000a80067e0                __bss_start = .
 *(.bss)
 .bss           0x00000000a80067e0        0x8 /opt/zephyr-sdk//sysroots/iamcu-zephyr-elfiamcu/usr/lib/./libc.a(lib_a-nano-mallocr.o)
                0x00000000a80067e0                __malloc_sbrk_start
                0x00000000a80067e4                __malloc_free_list
 *(.bss.*)
 .bss.buffer    0x00000000a80067e8        0xa src/built-in.o
                0x00000000a80067e8                buffer
 *fill*         0x00000000a80067f2        0x2 
 .bss.counter   0x00000000a80067f4        0x4 src/built-in.o
                0x00000000a80067f4                counter
 .bss.uart_console_dev
                0x00000000a80067f8        0x4 drivers/built-in.o
 .bss.drv_data_1
                0x00000000a80067fc        0x8 drivers/built-in.o
 .bss.drv_data_0
                0x00000000a8006804        0x8 drivers/built-in.o
 .bss.accumulated_cycle_count
                0x00000000a800680c        0x4 drivers/built-in.o
 *fill*         0x00000000a8006810       0x10 
 .bss.spi_qmsi_mst_1_runtime
                0x00000000a8006820       0x40 drivers/built-in.o
 .bss.spi_qmsi_mst_0_runtime
                0x00000000a8006860       0x40 drivers/built-in.o
 .bss.pending_transfers
                0x00000000a80068a0       0x54 drivers/built-in.o
 .bss.gpio_aon_runtime
                0x00000000a80068f4        0xc drivers/built-in.o
 .bss.gpio_0_runtime
                0x00000000a8006900        0xc drivers/built-in.o
 .bss.heap_sz   0x00000000a800690c        0x4 lib/built-in.o
 .bss.callback_data
                0x00000000a8006910        0x8 ext/built-in.o
 .bss.callback  0x00000000a8006918        0x8 ext/built-in.o
 .bss.frf       0x00000000a8006920        0xc ext/built-in.o
 .bss.tmode     0x00000000a800692c        0xc ext/built-in.o
 .bss.dfs       0x00000000a8006938        0x3 ext/built-in.o
 *fill*         0x00000000a800693b        0x1 
 .bss.rx_counter
                0x00000000a800693c        0x6 ext/built-in.o
 *fill*         0x00000000a8006942        0x2 
 .bss.tx_counter
                0x00000000a8006944        0x6 ext/built-in.o
 *fill*         0x00000000a800694a        0x2 
 .bss.spi_async_transfer
                0x00000000a800694c        0xc ext/built-in.o
 .bss.plat      0x00000000a8006958        0x4 ext/built-in.o
                0x00000000a8006958                plat
 *fill*         0x00000000a800695c        0x4 
 .bss._board    0x00000000a8006960      0xd48 ext/built-in.o
 *fill*         0x00000000a80076a8       0x18 
 .bss._kernel   0x00000000a80076c0      0x11c kernel/lib.a(sched.o)
                0x00000000a80076c0                _kernel
 .bss._time_slice_prio_ceiling
                0x00000000a80077dc        0x4 kernel/lib.a(sys_clock.o)
                0x00000000a80077dc                _time_slice_prio_ceiling
 .bss._time_slice_duration
                0x00000000a80077e0        0x4 kernel/lib.a(sys_clock.o)
                0x00000000a80077e0                _time_slice_duration
 *(COMMON)
 *fill*         0x00000000a80077e4       0x1c 
 COMMON         0x00000000a8007800       0xa4 ext/built-in.o
                0x00000000a8007800                _internalgpios
                0x00000000a8007880                SX1276
 COMMON         0x00000000a80078a4       0x20 arch/built-in.o
                0x00000000a80078a4                _dummy_exception_vector_stub
                0x00000000a80078a8                _pm_save_gdtr
                0x00000000a80078b0                _pm_save_esp
                0x00000000a80078b4                _pm_save_idtr
                0x00000000a80078bc                sys_cache_line_size
                0x00000000a80078c0                _dummy_spurious_interrupt
 COMMON         0x00000000a80078c4       0x10 kernel/lib.a(sys_clock.o)
                0x00000000a80078c4                _handling_timeouts
                0x00000000a80078c8                _time_slice_elapsed
                0x00000000a80078cc                _sys_clock_tick_count
 COMMON         0x00000000a80078d4        0x4 /opt/zephyr-sdk//sysroots/iamcu-zephyr-elfiamcu/usr/lib/./libc.a(lib_a-reent.o)
                0x00000000a80078d4                errno
                0x00000000a80078d8                . = ALIGN (0x4)
                0x00000000a80078d8                __bss_end = .

noinit          0x00000000a80078d8      0xd04
 *(.noinit)
 *(.noinit.*)
 .noinit._FILE_PATH_HASH.0
                0x00000000a80078d8        0x4 drivers/built-in.o
 .noinit._FILE_PATH_HASH.2
                0x00000000a80078dc      0x800 kernel/lib.a(init.o)
                0x00000000a80078dc                _interrupt_stack
 .noinit._FILE_PATH_HASH.1
                0x00000000a80080dc      0x100 kernel/lib.a(init.o)
                0x00000000a80080dc                _idle_stack
 .noinit._FILE_PATH_HASH.0
                0x00000000a80081dc      0x400 kernel/lib.a(init.o)
                0x00000000a80081dc                _main_stack
 *(.bottom_of_image_ram)
 *(.bottom_of_image_ram.*)
                0x00000000a80085dc                _image_ram_end = .
                0x00000000a80085dc                _end = .
                0x00000000a8009000                . = ALIGN (0x1000)
                0x000000000000043e                __bss_num_words = ((__bss_end - __bss_start) >> 0x2)

intList         0x0000000000000800      0x19c
 *(.spurIsr)
 .spurIsr       0x0000000000000800        0x4 arch/built-in.o
                0x0000000000000800                __isr___SpuriousIntHandler
 *(.spurNoErrIsr)
 .spurNoErrIsr  0x0000000000000804        0x4 arch/built-in.o
                0x0000000000000804                __isr___SpuriousIntNoErrCodeHandler
                0x0000000000000808                __INT_LIST_START__ = .
                0x0000000000000808        0x4 LONG 0x14 ((__INT_LIST_END__ - __INT_LIST_START__) / 0x14)
 *(.intList)
 .intList       0x000000000000080c       0x64 drivers/built-in.o
 *(.gnu.linkonce.intList.*)
 .gnu.linkonce.intList.exc_0
                0x0000000000000870       0x14 arch/built-in.o
 .gnu.linkonce.intList.exc_2
                0x0000000000000884       0x14 arch/built-in.o
 .gnu.linkonce.intList.exc_4
                0x0000000000000898       0x14 arch/built-in.o
 .gnu.linkonce.intList.exc_5
                0x00000000000008ac       0x14 arch/built-in.o
 .gnu.linkonce.intList.exc_6
                0x00000000000008c0       0x14 arch/built-in.o
 .gnu.linkonce.intList.exc_7
                0x00000000000008d4       0x14 arch/built-in.o
 .gnu.linkonce.intList.exc_8
                0x00000000000008e8       0x14 arch/built-in.o
 .gnu.linkonce.intList.exc_10
                0x00000000000008fc       0x14 arch/built-in.o
 .gnu.linkonce.intList.exc_11
                0x0000000000000910       0x14 arch/built-in.o
 .gnu.linkonce.intList.exc_12
                0x0000000000000924       0x14 arch/built-in.o
 .gnu.linkonce.intList.exc_13
                0x0000000000000938       0x14 arch/built-in.o
 .gnu.linkonce.intList.exc_14
                0x000000000000094c       0x14 arch/built-in.o
 .gnu.linkonce.intList.exc_16
                0x0000000000000960       0x14 arch/built-in.o
 .gnu.linkonce.intList.exc_17
                0x0000000000000974       0x14 arch/built-in.o
 .gnu.linkonce.intList.exc_18
                0x0000000000000988       0x14 arch/built-in.o
                0x000000000000099c                __INT_LIST_END__ = .
                0x00000000000003d4                __data_size = (__data_ram_end - __data_ram_start)
                0x00000000000000f5                __data_num_words = ((__data_size + 0x3) >> 0x2)
OUTPUT(zephyr.elf elf32-iamcu)

.comment        0x0000000000000000       0x11
 .comment       0x0000000000000000       0x11 src/built-in.o
                                         0x12 (size before relaxing)
 .comment       0x0000000000000011       0xb4 drivers/built-in.o
 .comment       0x0000000000000011       0x12 lib/built-in.o
 .comment       0x0000000000000011       0x24 misc/built-in.o
 .comment       0x0000000000000011       0x24 boards/built-in.o
 .comment       0x0000000000000011       0xfc ext/built-in.o
 .comment       0x0000000000000011       0xc6 arch/built-in.o
 .comment       0x0000000000000011       0x12 kernel/lib.a(device.o)
 .comment       0x0000000000000011       0x12 kernel/lib.a(errno.o)
 .comment       0x0000000000000011       0x12 kernel/lib.a(init.o)
 .comment       0x0000000000000011       0x12 kernel/lib.a(sched.o)
 .comment       0x0000000000000011       0x12 kernel/lib.a(sem.o)
 .comment       0x0000000000000011       0x12 kernel/lib.a(sys_clock.o)
 .comment       0x0000000000000011       0x12 kernel/lib.a(thread.o)
 .comment       0x0000000000000011       0x12 kernel/lib.a(thread_abort.o)
 .comment       0x0000000000000011       0x12 kernel/lib.a(timer.o)
 .comment       0x0000000000000011       0x12 ./arch/x86/core/offsets/offsets.o
 .comment       0x0000000000000011       0x12 /opt/zephyr-sdk//sysroots/iamcu-zephyr-elfiamcu/usr/lib/./libc.a(lib_a-malloc.o)
 .comment       0x0000000000000011       0x12 /opt/zephyr-sdk//sysroots/iamcu-zephyr-elfiamcu/usr/lib/./libc.a(lib_a-nano-freer.o)
 .comment       0x0000000000000011       0x12 /opt/zephyr-sdk//sysroots/iamcu-zephyr-elfiamcu/usr/lib/./libc.a(lib_a-nano-mallocr.o)
 .comment       0x0000000000000011       0x12 /opt/zephyr-sdk//sysroots/iamcu-zephyr-elfiamcu/usr/lib/./libc.a(lib_a-printf.o)
 .comment       0x0000000000000011       0x12 /opt/zephyr-sdk//sysroots/iamcu-zephyr-elfiamcu/usr/lib/./libc.a(lib_a-sbrkr.o)
 .comment       0x0000000000000011       0x12 /opt/zephyr-sdk//sysroots/iamcu-zephyr-elfiamcu/usr/lib/./libc.a(lib_a-snprintf.o)
 .comment       0x0000000000000011       0x12 /opt/zephyr-sdk//sysroots/iamcu-zephyr-elfiamcu/usr/lib/./libc.a(lib_a-strcmp.o)
 .comment       0x0000000000000011       0x12 /opt/zephyr-sdk//sysroots/iamcu-zephyr-elfiamcu/usr/lib/./libc.a(lib_a-getreent.o)
 .comment       0x0000000000000011       0x12 /opt/zephyr-sdk//sysroots/iamcu-zephyr-elfiamcu/usr/lib/./libc.a(lib_a-impure.o)
 .comment       0x0000000000000011       0x12 /opt/zephyr-sdk//sysroots/iamcu-zephyr-elfiamcu/usr/lib/./libc.a(lib_a-nano-svfprintf.o)
 .comment       0x0000000000000011       0x12 /opt/zephyr-sdk//sysroots/iamcu-zephyr-elfiamcu/usr/lib/./libc.a(lib_a-nano-vfprintf_i.o)
 .comment       0x0000000000000011       0x12 /opt/zephyr-sdk//sysroots/iamcu-zephyr-elfiamcu/usr/lib/./libc.a(lib_a-nano-vfprintf.o)
 .comment       0x0000000000000011       0x12 /opt/zephyr-sdk//sysroots/iamcu-zephyr-elfiamcu/usr/lib/./libc.a(lib_a-reent.o)
 .comment       0x0000000000000011       0x12 /opt/zephyr-sdk//sysroots/iamcu-zephyr-elfiamcu/usr/lib/./libc.a(lib_a-wbuf.o)
 .comment       0x0000000000000011       0x12 /opt/zephyr-sdk//sysroots/iamcu-zephyr-elfiamcu/usr/lib/./libc.a(lib_a-wsetup.o)
 .comment       0x0000000000000011       0x12 /opt/zephyr-sdk//sysroots/iamcu-zephyr-elfiamcu/usr/lib/./libc.a(lib_a-fflush.o)
 .comment       0x0000000000000011       0x12 /opt/zephyr-sdk//sysroots/iamcu-zephyr-elfiamcu/usr/lib/./libc.a(lib_a-findfp.o)
 .comment       0x0000000000000011       0x12 /opt/zephyr-sdk//sysroots/iamcu-zephyr-elfiamcu/usr/lib/./libc.a(lib_a-fwalk.o)
 .comment       0x0000000000000011       0x12 /opt/zephyr-sdk//sysroots/iamcu-zephyr-elfiamcu/usr/lib/./libc.a(lib_a-makebuf.o)
 .comment       0x0000000000000011       0x12 /opt/zephyr-sdk//sysroots/iamcu-zephyr-elfiamcu/usr/lib/./libc.a(lib_a-nano-reallocr.o)
 .comment       0x0000000000000011       0x12 /opt/zephyr-sdk//sysroots/iamcu-zephyr-elfiamcu/usr/lib/./libc.a(lib_a-stdio.o)
 .comment       0x0000000000000011       0x12 /opt/zephyr-sdk//sysroots/iamcu-zephyr-elfiamcu/usr/lib/./libc.a(lib_a-writer.o)
 .comment       0x0000000000000011       0x12 /opt/zephyr-sdk//sysroots/iamcu-zephyr-elfiamcu/usr/lib/./libc.a(lib_a-closer.o)
 .comment       0x0000000000000011       0x12 /opt/zephyr-sdk//sysroots/iamcu-zephyr-elfiamcu/usr/lib/./libc.a(lib_a-fstatr.o)
 .comment       0x0000000000000011       0x12 /opt/zephyr-sdk//sysroots/iamcu-zephyr-elfiamcu/usr/lib/./libc.a(lib_a-isattyr.o)
 .comment       0x0000000000000011       0x12 /opt/zephyr-sdk//sysroots/iamcu-zephyr-elfiamcu/usr/lib/./libc.a(lib_a-lseekr.o)
 .comment       0x0000000000000011       0x12 /opt/zephyr-sdk//sysroots/iamcu-zephyr-elfiamcu/usr/lib/./libc.a(lib_a-nano-msizer.o)
 .comment       0x0000000000000011       0x12 /opt/zephyr-sdk//sysroots/iamcu-zephyr-elfiamcu/usr/lib/./libc.a(lib_a-readr.o)
 .comment       0x0000000000000011       0x12 /opt/zephyr-sdk//sysroots/iamcu-zephyr-elfiamcu/usr/lib/i586-zephyr-elfiamcu/6.2.0/libgcc.a(_udivdi3.o)
 .comment       0x0000000000000011       0x12 /opt/zephyr-sdk//sysroots/iamcu-zephyr-elfiamcu/usr/lib/i586-zephyr-elfiamcu/6.2.0/libgcc.a(divdf3.o)
 .comment       0x0000000000000011       0x12 /opt/zephyr-sdk//sysroots/iamcu-zephyr-elfiamcu/usr/lib/i586-zephyr-elfiamcu/6.2.0/libgcc.a(fixdfsi.o)
 .comment       0x0000000000000011       0x12 /opt/zephyr-sdk//sysroots/iamcu-zephyr-elfiamcu/usr/lib/i586-zephyr-elfiamcu/6.2.0/libgcc.a(floatsidf.o)

.debug_aranges  0x0000000000000000     0x17e0
 .debug_aranges
                0x0000000000000000       0x28 src/built-in.o
 .debug_aranges
                0x0000000000000028      0x2b8 drivers/built-in.o
 .debug_aranges
                0x00000000000002e0       0x90 lib/built-in.o
 .debug_aranges
                0x0000000000000370       0x88 misc/built-in.o
 .debug_aranges
                0x00000000000003f8       0x48 boards/built-in.o
 .debug_aranges
                0x0000000000000440      0x758 ext/built-in.o
 .debug_aranges
                0x0000000000000b98      0x318 arch/built-in.o
 .debug_aranges
                0x0000000000000eb0       0x38 kernel/lib.a(device.o)
 .debug_aranges
                0x0000000000000ee8       0x28 kernel/lib.a(errno.o)
 .debug_aranges
                0x0000000000000f10       0x50 kernel/lib.a(init.o)
 .debug_aranges
                0x0000000000000f60       0xc0 kernel/lib.a(sched.o)
 .debug_aranges
                0x0000000000001020       0x58 kernel/lib.a(sem.o)
 .debug_aranges
                0x0000000000001078       0x68 kernel/lib.a(sys_clock.o)
 .debug_aranges
                0x00000000000010e0       0xd8 kernel/lib.a(thread.o)
 .debug_aranges
                0x00000000000011b8       0x30 kernel/lib.a(thread_abort.o)
 .debug_aranges
                0x00000000000011e8       0x70 kernel/lib.a(timer.o)
 .debug_aranges
                0x0000000000001258       0x28 ./arch/x86/core/offsets/offsets.o
 .debug_aranges
                0x0000000000001280       0x28 /opt/zephyr-sdk//sysroots/iamcu-zephyr-elfiamcu/usr/lib/./libc.a(lib_a-malloc.o)
 .debug_aranges
                0x00000000000012a8       0x20 /opt/zephyr-sdk//sysroots/iamcu-zephyr-elfiamcu/usr/lib/./libc.a(lib_a-memcpy.o)
 .debug_aranges
                0x00000000000012c8       0x20 /opt/zephyr-sdk//sysroots/iamcu-zephyr-elfiamcu/usr/lib/./libc.a(lib_a-memset.o)
 .debug_aranges
                0x00000000000012e8       0x20 /opt/zephyr-sdk//sysroots/iamcu-zephyr-elfiamcu/usr/lib/./libc.a(lib_a-nano-freer.o)
 .debug_aranges
                0x0000000000001308       0x20 /opt/zephyr-sdk//sysroots/iamcu-zephyr-elfiamcu/usr/lib/./libc.a(lib_a-nano-mallocr.o)
 .debug_aranges
                0x0000000000001328       0x28 /opt/zephyr-sdk//sysroots/iamcu-zephyr-elfiamcu/usr/lib/./libc.a(lib_a-printf.o)
 .debug_aranges
                0x0000000000001350       0x20 /opt/zephyr-sdk//sysroots/iamcu-zephyr-elfiamcu/usr/lib/./libc.a(lib_a-sbrkr.o)
 .debug_aranges
                0x0000000000001370       0x28 /opt/zephyr-sdk//sysroots/iamcu-zephyr-elfiamcu/usr/lib/./libc.a(lib_a-snprintf.o)
 .debug_aranges
                0x0000000000001398       0x20 /opt/zephyr-sdk//sysroots/iamcu-zephyr-elfiamcu/usr/lib/./libc.a(lib_a-strcmp.o)
 .debug_aranges
                0x00000000000013b8       0x20 /opt/zephyr-sdk//sysroots/iamcu-zephyr-elfiamcu/usr/lib/./libc.a(lib_a-getreent.o)
 .debug_aranges
                0x00000000000013d8       0x18 /opt/zephyr-sdk//sysroots/iamcu-zephyr-elfiamcu/usr/lib/./libc.a(lib_a-impure.o)
 .debug_aranges
                0x00000000000013f0       0x30 /opt/zephyr-sdk//sysroots/iamcu-zephyr-elfiamcu/usr/lib/./libc.a(lib_a-nano-svfprintf.o)
 .debug_aranges
                0x0000000000001420       0x28 /opt/zephyr-sdk//sysroots/iamcu-zephyr-elfiamcu/usr/lib/./libc.a(lib_a-nano-vfprintf_i.o)
 .debug_aranges
                0x0000000000001448       0x40 /opt/zephyr-sdk//sysroots/iamcu-zephyr-elfiamcu/usr/lib/./libc.a(lib_a-nano-vfprintf.o)
 .debug_aranges
                0x0000000000001488       0x28 /opt/zephyr-sdk//sysroots/iamcu-zephyr-elfiamcu/usr/lib/./libc.a(lib_a-reent.o)
 .debug_aranges
                0x00000000000014b0       0x28 /opt/zephyr-sdk//sysroots/iamcu-zephyr-elfiamcu/usr/lib/./libc.a(lib_a-wbuf.o)
 .debug_aranges
                0x00000000000014d8       0x20 /opt/zephyr-sdk//sysroots/iamcu-zephyr-elfiamcu/usr/lib/./libc.a(lib_a-wsetup.o)
 .debug_aranges
                0x00000000000014f8       0x30 /opt/zephyr-sdk//sysroots/iamcu-zephyr-elfiamcu/usr/lib/./libc.a(lib_a-fflush.o)
 .debug_aranges
                0x0000000000001528       0x68 /opt/zephyr-sdk//sysroots/iamcu-zephyr-elfiamcu/usr/lib/./libc.a(lib_a-findfp.o)
 .debug_aranges
                0x0000000000001590       0x28 /opt/zephyr-sdk//sysroots/iamcu-zephyr-elfiamcu/usr/lib/./libc.a(lib_a-fwalk.o)
 .debug_aranges
                0x00000000000015b8       0x28 /opt/zephyr-sdk//sysroots/iamcu-zephyr-elfiamcu/usr/lib/./libc.a(lib_a-makebuf.o)
 .debug_aranges
                0x00000000000015e0       0x20 /opt/zephyr-sdk//sysroots/iamcu-zephyr-elfiamcu/usr/lib/./libc.a(lib_a-memchr.o)
 .debug_aranges
                0x0000000000001600       0x20 /opt/zephyr-sdk//sysroots/iamcu-zephyr-elfiamcu/usr/lib/./libc.a(lib_a-memmove.o)
 .debug_aranges
                0x0000000000001620       0x20 /opt/zephyr-sdk//sysroots/iamcu-zephyr-elfiamcu/usr/lib/./libc.a(lib_a-nano-reallocr.o)
 .debug_aranges
                0x0000000000001640       0x40 /opt/zephyr-sdk//sysroots/iamcu-zephyr-elfiamcu/usr/lib/./libc.a(lib_a-stdio.o)
 .debug_aranges
                0x0000000000001680       0x20 /opt/zephyr-sdk//sysroots/iamcu-zephyr-elfiamcu/usr/lib/./libc.a(lib_a-writer.o)
 .debug_aranges
                0x00000000000016a0       0x20 /opt/zephyr-sdk//sysroots/iamcu-zephyr-elfiamcu/usr/lib/./libc.a(lib_a-closer.o)
 .debug_aranges
                0x00000000000016c0       0x20 /opt/zephyr-sdk//sysroots/iamcu-zephyr-elfiamcu/usr/lib/./libc.a(lib_a-fstatr.o)
 .debug_aranges
                0x00000000000016e0       0x20 /opt/zephyr-sdk//sysroots/iamcu-zephyr-elfiamcu/usr/lib/./libc.a(lib_a-isattyr.o)
 .debug_aranges
                0x0000000000001700       0x20 /opt/zephyr-sdk//sysroots/iamcu-zephyr-elfiamcu/usr/lib/./libc.a(lib_a-lseekr.o)
 .debug_aranges
                0x0000000000001720       0x20 /opt/zephyr-sdk//sysroots/iamcu-zephyr-elfiamcu/usr/lib/./libc.a(lib_a-nano-msizer.o)
 .debug_aranges
                0x0000000000001740       0x20 /opt/zephyr-sdk//sysroots/iamcu-zephyr-elfiamcu/usr/lib/./libc.a(lib_a-readr.o)
 .debug_aranges
                0x0000000000001760       0x20 /opt/zephyr-sdk//sysroots/iamcu-zephyr-elfiamcu/usr/lib/i586-zephyr-elfiamcu/6.2.0/libgcc.a(_udivdi3.o)
 .debug_aranges
                0x0000000000001780       0x20 /opt/zephyr-sdk//sysroots/iamcu-zephyr-elfiamcu/usr/lib/i586-zephyr-elfiamcu/6.2.0/libgcc.a(divdf3.o)
 .debug_aranges
                0x00000000000017a0       0x20 /opt/zephyr-sdk//sysroots/iamcu-zephyr-elfiamcu/usr/lib/i586-zephyr-elfiamcu/6.2.0/libgcc.a(fixdfsi.o)
 .debug_aranges
                0x00000000000017c0       0x20 /opt/zephyr-sdk//sysroots/iamcu-zephyr-elfiamcu/usr/lib/i586-zephyr-elfiamcu/6.2.0/libgcc.a(floatsidf.o)

.debug_info     0x0000000000000000    0x5da0c
 .debug_info    0x0000000000000000      0xd23 src/built-in.o
 .debug_info    0x0000000000000d23     0xfd61 drivers/built-in.o
 .debug_info    0x0000000000010a84     0x109f lib/built-in.o
 .debug_info    0x0000000000011b23      0x735 misc/built-in.o
 .debug_info    0x0000000000012258     0x1836 boards/built-in.o
 .debug_info    0x0000000000013a8e    0x1b31d ext/built-in.o
 .debug_info    0x000000000002edab     0xaf4b arch/built-in.o
 .debug_info    0x0000000000039cf6      0xdc6 kernel/lib.a(device.o)
 .debug_info    0x000000000003aabc      0xee9 kernel/lib.a(errno.o)
 .debug_info    0x000000000003b9a5     0x1494 kernel/lib.a(init.o)
 .debug_info    0x000000000003ce39     0x22da kernel/lib.a(sched.o)
 .debug_info    0x000000000003f113     0x18e2 kernel/lib.a(sem.o)
 .debug_info    0x00000000000409f5     0x1cf6 kernel/lib.a(sys_clock.o)
 .debug_info    0x00000000000426eb     0x2377 kernel/lib.a(thread.o)
 .debug_info    0x0000000000044a62     0x1005 kernel/lib.a(thread_abort.o)
 .debug_info    0x0000000000045a67     0x1f86 kernel/lib.a(timer.o)
 .debug_info    0x00000000000479ed      0xece ./arch/x86/core/offsets/offsets.o
 .debug_info    0x00000000000488bb      0x930 /opt/zephyr-sdk//sysroots/iamcu-zephyr-elfiamcu/usr/lib/./libc.a(lib_a-malloc.o)
 .debug_info    0x00000000000491eb       0xb5 /opt/zephyr-sdk//sysroots/iamcu-zephyr-elfiamcu/usr/lib/./libc.a(lib_a-memcpy.o)
 .debug_info    0x00000000000492a0       0xb5 /opt/zephyr-sdk//sysroots/iamcu-zephyr-elfiamcu/usr/lib/./libc.a(lib_a-memset.o)
 .debug_info    0x0000000000049355      0xa46 /opt/zephyr-sdk//sysroots/iamcu-zephyr-elfiamcu/usr/lib/./libc.a(lib_a-nano-freer.o)
 .debug_info    0x0000000000049d9b      0xb15 /opt/zephyr-sdk//sysroots/iamcu-zephyr-elfiamcu/usr/lib/./libc.a(lib_a-nano-mallocr.o)
 .debug_info    0x000000000004a8b0      0xb6a /opt/zephyr-sdk//sysroots/iamcu-zephyr-elfiamcu/usr/lib/./libc.a(lib_a-printf.o)
 .debug_info    0x000000000004b41a      0x94a /opt/zephyr-sdk//sysroots/iamcu-zephyr-elfiamcu/usr/lib/./libc.a(lib_a-sbrkr.o)
 .debug_info    0x000000000004bd64      0xc18 /opt/zephyr-sdk//sysroots/iamcu-zephyr-elfiamcu/usr/lib/./libc.a(lib_a-snprintf.o)
 .debug_info    0x000000000004c97c      0x8a8 /opt/zephyr-sdk//sysroots/iamcu-zephyr-elfiamcu/usr/lib/./libc.a(lib_a-strcmp.o)
 .debug_info    0x000000000004d224      0x88c /opt/zephyr-sdk//sysroots/iamcu-zephyr-elfiamcu/usr/lib/./libc.a(lib_a-getreent.o)
 .debug_info    0x000000000004dab0      0x895 /opt/zephyr-sdk//sysroots/iamcu-zephyr-elfiamcu/usr/lib/./libc.a(lib_a-impure.o)
 .debug_info    0x000000000004e345     0x11a7 /opt/zephyr-sdk//sysroots/iamcu-zephyr-elfiamcu/usr/lib/./libc.a(lib_a-nano-svfprintf.o)
 .debug_info    0x000000000004f4ec      0xf90 /opt/zephyr-sdk//sysroots/iamcu-zephyr-elfiamcu/usr/lib/./libc.a(lib_a-nano-vfprintf_i.o)
 .debug_info    0x000000000005047c     0x112b /opt/zephyr-sdk//sysroots/iamcu-zephyr-elfiamcu/usr/lib/./libc.a(lib_a-nano-vfprintf.o)
 .debug_info    0x00000000000515a7      0x9d0 /opt/zephyr-sdk//sysroots/iamcu-zephyr-elfiamcu/usr/lib/./libc.a(lib_a-reent.o)
 .debug_info    0x0000000000051f77      0xbda /opt/zephyr-sdk//sysroots/iamcu-zephyr-elfiamcu/usr/lib/./libc.a(lib_a-wbuf.o)
 .debug_info    0x0000000000052b51      0xb4f /opt/zephyr-sdk//sysroots/iamcu-zephyr-elfiamcu/usr/lib/./libc.a(lib_a-wsetup.o)
 .debug_info    0x00000000000536a0      0xc95 /opt/zephyr-sdk//sysroots/iamcu-zephyr-elfiamcu/usr/lib/./libc.a(lib_a-fflush.o)
 .debug_info    0x0000000000054335      0xef7 /opt/zephyr-sdk//sysroots/iamcu-zephyr-elfiamcu/usr/lib/./libc.a(lib_a-findfp.o)
 .debug_info    0x000000000005522c      0xbc4 /opt/zephyr-sdk//sysroots/iamcu-zephyr-elfiamcu/usr/lib/./libc.a(lib_a-fwalk.o)
 .debug_info    0x0000000000055df0      0xdd3 /opt/zephyr-sdk//sysroots/iamcu-zephyr-elfiamcu/usr/lib/./libc.a(lib_a-makebuf.o)
 .debug_info    0x0000000000056bc3       0xb5 /opt/zephyr-sdk//sysroots/iamcu-zephyr-elfiamcu/usr/lib/./libc.a(lib_a-memchr.o)
 .debug_info    0x0000000000056c78       0xb6 /opt/zephyr-sdk//sysroots/iamcu-zephyr-elfiamcu/usr/lib/./libc.a(lib_a-memmove.o)
 .debug_info    0x0000000000056d2e      0xabb /opt/zephyr-sdk//sysroots/iamcu-zephyr-elfiamcu/usr/lib/./libc.a(lib_a-nano-reallocr.o)
 .debug_info    0x00000000000577e9      0xd2b /opt/zephyr-sdk//sysroots/iamcu-zephyr-elfiamcu/usr/lib/./libc.a(lib_a-stdio.o)
 .debug_info    0x0000000000058514      0x971 /opt/zephyr-sdk//sysroots/iamcu-zephyr-elfiamcu/usr/lib/./libc.a(lib_a-writer.o)
 .debug_info    0x0000000000058e85      0x929 /opt/zephyr-sdk//sysroots/iamcu-zephyr-elfiamcu/usr/lib/./libc.a(lib_a-closer.o)
 .debug_info    0x00000000000597ae      0xad8 /opt/zephyr-sdk//sysroots/iamcu-zephyr-elfiamcu/usr/lib/./libc.a(lib_a-fstatr.o)
 .debug_info    0x000000000005a286      0x929 /opt/zephyr-sdk//sysroots/iamcu-zephyr-elfiamcu/usr/lib/./libc.a(lib_a-isattyr.o)
 .debug_info    0x000000000005abaf      0x954 /opt/zephyr-sdk//sysroots/iamcu-zephyr-elfiamcu/usr/lib/./libc.a(lib_a-lseekr.o)
 .debug_info    0x000000000005b503      0x9ea /opt/zephyr-sdk//sysroots/iamcu-zephyr-elfiamcu/usr/lib/./libc.a(lib_a-nano-msizer.o)
 .debug_info    0x000000000005beed      0x96a /opt/zephyr-sdk//sysroots/iamcu-zephyr-elfiamcu/usr/lib/./libc.a(lib_a-readr.o)
 .debug_info    0x000000000005c857      0xa16 /opt/zephyr-sdk//sysroots/iamcu-zephyr-elfiamcu/usr/lib/i586-zephyr-elfiamcu/6.2.0/libgcc.a(_udivdi3.o)
 .debug_info    0x000000000005d26d      0x387 /opt/zephyr-sdk//sysroots/iamcu-zephyr-elfiamcu/usr/lib/i586-zephyr-elfiamcu/6.2.0/libgcc.a(divdf3.o)
 .debug_info    0x000000000005d5f4      0x1ea /opt/zephyr-sdk//sysroots/iamcu-zephyr-elfiamcu/usr/lib/i586-zephyr-elfiamcu/6.2.0/libgcc.a(fixdfsi.o)
 .debug_info    0x000000000005d7de      0x22e /opt/zephyr-sdk//sysroots/iamcu-zephyr-elfiamcu/usr/lib/i586-zephyr-elfiamcu/6.2.0/libgcc.a(floatsidf.o)

.debug_abbrev   0x0000000000000000     0xe767
 .debug_abbrev  0x0000000000000000      0x22f src/built-in.o
 .debug_abbrev  0x000000000000022f     0x204e drivers/built-in.o
 .debug_abbrev  0x000000000000227d      0x333 lib/built-in.o
 .debug_abbrev  0x00000000000025b0      0x382 misc/built-in.o
 .debug_abbrev  0x0000000000002932      0x45f boards/built-in.o
 .debug_abbrev  0x0000000000002d91     0x31f5 ext/built-in.o
 .debug_abbrev  0x0000000000005f86     0x1a69 arch/built-in.o
 .debug_abbrev  0x00000000000079ef      0x2cc kernel/lib.a(device.o)
 .debug_abbrev  0x0000000000007cbb      0x205 kernel/lib.a(errno.o)
 .debug_abbrev  0x0000000000007ec0      0x43a kernel/lib.a(init.o)
 .debug_abbrev  0x00000000000082fa      0x5a7 kernel/lib.a(sched.o)
 .debug_abbrev  0x00000000000088a1      0x4ac kernel/lib.a(sem.o)
 .debug_abbrev  0x0000000000008d4d      0x46f kernel/lib.a(sys_clock.o)
 .debug_abbrev  0x00000000000091bc      0x5b4 kernel/lib.a(thread.o)
 .debug_abbrev  0x0000000000009770      0x2ba kernel/lib.a(thread_abort.o)
 .debug_abbrev  0x0000000000009a2a      0x4fc kernel/lib.a(timer.o)
 .debug_abbrev  0x0000000000009f26      0x1f2 ./arch/x86/core/offsets/offsets.o
 .debug_abbrev  0x000000000000a118      0x212 /opt/zephyr-sdk//sysroots/iamcu-zephyr-elfiamcu/usr/lib/./libc.a(lib_a-malloc.o)
 .debug_abbrev  0x000000000000a32a       0x14 /opt/zephyr-sdk//sysroots/iamcu-zephyr-elfiamcu/usr/lib/./libc.a(lib_a-memcpy.o)
 .debug_abbrev  0x000000000000a33e       0x14 /opt/zephyr-sdk//sysroots/iamcu-zephyr-elfiamcu/usr/lib/./libc.a(lib_a-memset.o)
 .debug_abbrev  0x000000000000a352      0x225 /opt/zephyr-sdk//sysroots/iamcu-zephyr-elfiamcu/usr/lib/./libc.a(lib_a-nano-freer.o)
 .debug_abbrev  0x000000000000a577      0x2b1 /opt/zephyr-sdk//sysroots/iamcu-zephyr-elfiamcu/usr/lib/./libc.a(lib_a-nano-mallocr.o)
 .debug_abbrev  0x000000000000a828      0x256 /opt/zephyr-sdk//sysroots/iamcu-zephyr-elfiamcu/usr/lib/./libc.a(lib_a-printf.o)
 .debug_abbrev  0x000000000000aa7e      0x20c /opt/zephyr-sdk//sysroots/iamcu-zephyr-elfiamcu/usr/lib/./libc.a(lib_a-sbrkr.o)
 .debug_abbrev  0x000000000000ac8a      0x27b /opt/zephyr-sdk//sysroots/iamcu-zephyr-elfiamcu/usr/lib/./libc.a(lib_a-snprintf.o)
 .debug_abbrev  0x000000000000af05      0x19e /opt/zephyr-sdk//sysroots/iamcu-zephyr-elfiamcu/usr/lib/./libc.a(lib_a-strcmp.o)
 .debug_abbrev  0x000000000000b0a3      0x18f /opt/zephyr-sdk//sysroots/iamcu-zephyr-elfiamcu/usr/lib/./libc.a(lib_a-getreent.o)
 .debug_abbrev  0x000000000000b232      0x189 /opt/zephyr-sdk//sysroots/iamcu-zephyr-elfiamcu/usr/lib/./libc.a(lib_a-impure.o)
 .debug_abbrev  0x000000000000b3bb      0x30b /opt/zephyr-sdk//sysroots/iamcu-zephyr-elfiamcu/usr/lib/./libc.a(lib_a-nano-svfprintf.o)
 .debug_abbrev  0x000000000000b6c6      0x2cd /opt/zephyr-sdk//sysroots/iamcu-zephyr-elfiamcu/usr/lib/./libc.a(lib_a-nano-vfprintf_i.o)
 .debug_abbrev  0x000000000000b993      0x306 /opt/zephyr-sdk//sysroots/iamcu-zephyr-elfiamcu/usr/lib/./libc.a(lib_a-nano-vfprintf.o)
 .debug_abbrev  0x000000000000bc99      0x25e /opt/zephyr-sdk//sysroots/iamcu-zephyr-elfiamcu/usr/lib/./libc.a(lib_a-reent.o)
 .debug_abbrev  0x000000000000bef7      0x279 /opt/zephyr-sdk//sysroots/iamcu-zephyr-elfiamcu/usr/lib/./libc.a(lib_a-wbuf.o)
 .debug_abbrev  0x000000000000c170      0x242 /opt/zephyr-sdk//sysroots/iamcu-zephyr-elfiamcu/usr/lib/./libc.a(lib_a-wsetup.o)
 .debug_abbrev  0x000000000000c3b2      0x2c6 /opt/zephyr-sdk//sysroots/iamcu-zephyr-elfiamcu/usr/lib/./libc.a(lib_a-fflush.o)
 .debug_abbrev  0x000000000000c678      0x379 /opt/zephyr-sdk//sysroots/iamcu-zephyr-elfiamcu/usr/lib/./libc.a(lib_a-findfp.o)
 .debug_abbrev  0x000000000000c9f1      0x20d /opt/zephyr-sdk//sysroots/iamcu-zephyr-elfiamcu/usr/lib/./libc.a(lib_a-fwalk.o)
 .debug_abbrev  0x000000000000cbfe      0x2dd /opt/zephyr-sdk//sysroots/iamcu-zephyr-elfiamcu/usr/lib/./libc.a(lib_a-makebuf.o)
 .debug_abbrev  0x000000000000cedb       0x14 /opt/zephyr-sdk//sysroots/iamcu-zephyr-elfiamcu/usr/lib/./libc.a(lib_a-memchr.o)
 .debug_abbrev  0x000000000000ceef       0x14 /opt/zephyr-sdk//sysroots/iamcu-zephyr-elfiamcu/usr/lib/./libc.a(lib_a-memmove.o)
 .debug_abbrev  0x000000000000cf03      0x231 /opt/zephyr-sdk//sysroots/iamcu-zephyr-elfiamcu/usr/lib/./libc.a(lib_a-nano-reallocr.o)
 .debug_abbrev  0x000000000000d134      0x26d /opt/zephyr-sdk//sysroots/iamcu-zephyr-elfiamcu/usr/lib/./libc.a(lib_a-stdio.o)
 .debug_abbrev  0x000000000000d3a1      0x1fc /opt/zephyr-sdk//sysroots/iamcu-zephyr-elfiamcu/usr/lib/./libc.a(lib_a-writer.o)
 .debug_abbrev  0x000000000000d59d      0x1e8 /opt/zephyr-sdk//sysroots/iamcu-zephyr-elfiamcu/usr/lib/./libc.a(lib_a-closer.o)
 .debug_abbrev  0x000000000000d785      0x1f7 /opt/zephyr-sdk//sysroots/iamcu-zephyr-elfiamcu/usr/lib/./libc.a(lib_a-fstatr.o)
 .debug_abbrev  0x000000000000d97c      0x1e8 /opt/zephyr-sdk//sysroots/iamcu-zephyr-elfiamcu/usr/lib/./libc.a(lib_a-isattyr.o)
 .debug_abbrev  0x000000000000db64      0x1f7 /opt/zephyr-sdk//sysroots/iamcu-zephyr-elfiamcu/usr/lib/./libc.a(lib_a-lseekr.o)
 .debug_abbrev  0x000000000000dd5b      0x1e1 /opt/zephyr-sdk//sysroots/iamcu-zephyr-elfiamcu/usr/lib/./libc.a(lib_a-nano-msizer.o)
 .debug_abbrev  0x000000000000df3c      0x1f7 /opt/zephyr-sdk//sysroots/iamcu-zephyr-elfiamcu/usr/lib/./libc.a(lib_a-readr.o)
 .debug_abbrev  0x000000000000e133      0x205 /opt/zephyr-sdk//sysroots/iamcu-zephyr-elfiamcu/usr/lib/i586-zephyr-elfiamcu/6.2.0/libgcc.a(_udivdi3.o)
 .debug_abbrev  0x000000000000e338      0x16f /opt/zephyr-sdk//sysroots/iamcu-zephyr-elfiamcu/usr/lib/i586-zephyr-elfiamcu/6.2.0/libgcc.a(divdf3.o)
 .debug_abbrev  0x000000000000e4a7      0x168 /opt/zephyr-sdk//sysroots/iamcu-zephyr-elfiamcu/usr/lib/i586-zephyr-elfiamcu/6.2.0/libgcc.a(fixdfsi.o)
 .debug_abbrev  0x000000000000e60f      0x158 /opt/zephyr-sdk//sysroots/iamcu-zephyr-elfiamcu/usr/lib/i586-zephyr-elfiamcu/6.2.0/libgcc.a(floatsidf.o)

.debug_line     0x0000000000000000    0x105b7
 .debug_line    0x0000000000000000      0x396 src/built-in.o
 .debug_line    0x0000000000000396     0x23ff drivers/built-in.o
 .debug_line    0x0000000000002795      0x3b3 lib/built-in.o
 .debug_line    0x0000000000002b48      0x2ec misc/built-in.o
 .debug_line    0x0000000000002e34      0x4e5 boards/built-in.o
 .debug_line    0x0000000000003319     0x3e25 ext/built-in.o
 .debug_line    0x000000000000713e     0x24ef arch/built-in.o
 .debug_line    0x000000000000962d      0x2fd kernel/lib.a(device.o)
 .debug_line    0x000000000000992a      0x2f0 kernel/lib.a(errno.o)
 .debug_line    0x0000000000009c1a      0x45f kernel/lib.a(init.o)
 .debug_line    0x000000000000a079      0x748 kernel/lib.a(sched.o)
 .debug_line    0x000000000000a7c1      0x4b8 kernel/lib.a(sem.o)
 .debug_line    0x000000000000ac79      0x5da kernel/lib.a(sys_clock.o)
 .debug_line    0x000000000000b253      0x7a6 kernel/lib.a(thread.o)
 .debug_line    0x000000000000b9f9      0x34a kernel/lib.a(thread_abort.o)
 .debug_line    0x000000000000bd43      0x665 kernel/lib.a(timer.o)
 .debug_line    0x000000000000c3a8      0x344 ./arch/x86/core/offsets/offsets.o
 .debug_line    0x000000000000c6ec      0x19e /opt/zephyr-sdk//sysroots/iamcu-zephyr-elfiamcu/usr/lib/./libc.a(lib_a-malloc.o)
 .debug_line    0x000000000000c88a       0x6b /opt/zephyr-sdk//sysroots/iamcu-zephyr-elfiamcu/usr/lib/./libc.a(lib_a-memcpy.o)
 .debug_line    0x000000000000c8f5       0x6c /opt/zephyr-sdk//sysroots/iamcu-zephyr-elfiamcu/usr/lib/./libc.a(lib_a-memset.o)
 .debug_line    0x000000000000c961      0x177 /opt/zephyr-sdk//sysroots/iamcu-zephyr-elfiamcu/usr/lib/./libc.a(lib_a-nano-freer.o)
 .debug_line    0x000000000000cad8      0x1d0 /opt/zephyr-sdk//sysroots/iamcu-zephyr-elfiamcu/usr/lib/./libc.a(lib_a-nano-mallocr.o)
 .debug_line    0x000000000000cca8      0x1bf /opt/zephyr-sdk//sysroots/iamcu-zephyr-elfiamcu/usr/lib/./libc.a(lib_a-printf.o)
 .debug_line    0x000000000000ce67      0x18e /opt/zephyr-sdk//sysroots/iamcu-zephyr-elfiamcu/usr/lib/./libc.a(lib_a-sbrkr.o)
 .debug_line    0x000000000000cff5      0x21e /opt/zephyr-sdk//sysroots/iamcu-zephyr-elfiamcu/usr/lib/./libc.a(lib_a-snprintf.o)
 .debug_line    0x000000000000d213      0x187 /opt/zephyr-sdk//sysroots/iamcu-zephyr-elfiamcu/usr/lib/./libc.a(lib_a-strcmp.o)
 .debug_line    0x000000000000d39a      0x12f /opt/zephyr-sdk//sysroots/iamcu-zephyr-elfiamcu/usr/lib/./libc.a(lib_a-getreent.o)
 .debug_line    0x000000000000d4c9      0x11d /opt/zephyr-sdk//sysroots/iamcu-zephyr-elfiamcu/usr/lib/./libc.a(lib_a-impure.o)
 .debug_line    0x000000000000d5e6      0x390 /opt/zephyr-sdk//sysroots/iamcu-zephyr-elfiamcu/usr/lib/./libc.a(lib_a-nano-svfprintf.o)
 .debug_line    0x000000000000d976      0x3a2 /opt/zephyr-sdk//sysroots/iamcu-zephyr-elfiamcu/usr/lib/./libc.a(lib_a-nano-vfprintf_i.o)
 .debug_line    0x000000000000dd18      0x379 /opt/zephyr-sdk//sysroots/iamcu-zephyr-elfiamcu/usr/lib/./libc.a(lib_a-nano-vfprintf.o)
 .debug_line    0x000000000000e091      0x1af /opt/zephyr-sdk//sysroots/iamcu-zephyr-elfiamcu/usr/lib/./libc.a(lib_a-reent.o)