Archive member included to satisfy reference by file (symbol)

drivers/built-in.o            (--whole-archive)
kernel/built-in.o             (--whole-archive)
lib/built-in.o                (--whole-archive)
misc/built-in.o               (--whole-archive)
boards/built-in.o             (--whole-archive)
ext/built-in.o                (--whole-archive)
subsys/built-in.o             (--whole-archive)
arch/built-in.o               (--whole-archive)
kernel/lib.a(device.o)        drivers/built-in.o (device_get_binding)
kernel/lib.a(errno.o)         arch/built-in.o (_k_neg_eagain)
kernel/lib.a(init.o)          arch/built-in.o (_Cstart)
kernel/lib.a(sched.o)         arch/built-in.o (_kernel)
kernel/lib.a(sem.o)           drivers/built-in.o (k_sem_init)
kernel/lib.a(sys_clock.o)     drivers/built-in.o (_nano_sys_clock_tick_announce)
kernel/lib.a(thread.o)        arch/built-in.o (k_is_in_isr)
kernel/lib.a(thread_abort.o)  arch/built-in.o (k_thread_abort)
kernel/lib.a(timer.o)         ext/built-in.o (_timer_expiration_handler)
/opt/zephyr-sdk//sysroots/iamcu-zephyr-elfiamcu/usr/lib/./libc.a(lib_a-malloc.o)
                              ext/built-in.o (malloc)
/opt/zephyr-sdk//sysroots/iamcu-zephyr-elfiamcu/usr/lib/./libc.a(lib_a-memcpy.o)
                              kernel/lib.a(init.o) (memcpy)
/opt/zephyr-sdk//sysroots/iamcu-zephyr-elfiamcu/usr/lib/./libc.a(lib_a-memset.o)
                              ext/built-in.o (memset)
/opt/zephyr-sdk//sysroots/iamcu-zephyr-elfiamcu/usr/lib/./libc.a(lib_a-nano-freer.o)
                              /opt/zephyr-sdk//sysroots/iamcu-zephyr-elfiamcu/usr/lib/./libc.a(lib_a-malloc.o) (_free_r)
/opt/zephyr-sdk//sysroots/iamcu-zephyr-elfiamcu/usr/lib/./libc.a(lib_a-nano-mallocr.o)
                              /opt/zephyr-sdk//sysroots/iamcu-zephyr-elfiamcu/usr/lib/./libc.a(lib_a-malloc.o) (_malloc_r)
/opt/zephyr-sdk//sysroots/iamcu-zephyr-elfiamcu/usr/lib/./libc.a(lib_a-printf.o)
                              src/built-in.o (printf)
/opt/zephyr-sdk//sysroots/iamcu-zephyr-elfiamcu/usr/lib/./libc.a(lib_a-rand.o)
                              ext/built-in.o (rand)
/opt/zephyr-sdk//sysroots/iamcu-zephyr-elfiamcu/usr/lib/./libc.a(lib_a-sbrkr.o)
                              /opt/zephyr-sdk//sysroots/iamcu-zephyr-elfiamcu/usr/lib/./libc.a(lib_a-nano-mallocr.o) (_sbrk_r)
/opt/zephyr-sdk//sysroots/iamcu-zephyr-elfiamcu/usr/lib/./libc.a(lib_a-strcmp.o)
                              kernel/lib.a(device.o) (strcmp)
/opt/zephyr-sdk//sysroots/iamcu-zephyr-elfiamcu/usr/lib/./libc.a(lib_a-getreent.o)
                              /opt/zephyr-sdk//sysroots/iamcu-zephyr-elfiamcu/usr/lib/./libc.a(lib_a-malloc.o) (__getreent)
/opt/zephyr-sdk//sysroots/iamcu-zephyr-elfiamcu/usr/lib/./libc.a(lib_a-impure.o)
                              /opt/zephyr-sdk//sysroots/iamcu-zephyr-elfiamcu/usr/lib/./libc.a(lib_a-getreent.o) (_impure_ptr)
/opt/zephyr-sdk//sysroots/iamcu-zephyr-elfiamcu/usr/lib/./libc.a(lib_a-nano-vfprintf.o)
                              /opt/zephyr-sdk//sysroots/iamcu-zephyr-elfiamcu/usr/lib/./libc.a(lib_a-printf.o) (_vfprintf_r)
/opt/zephyr-sdk//sysroots/iamcu-zephyr-elfiamcu/usr/lib/./libc.a(lib_a-reent.o)
                              /opt/zephyr-sdk//sysroots/iamcu-zephyr-elfiamcu/usr/lib/./libc.a(lib_a-sbrkr.o) (errno)
/opt/zephyr-sdk//sysroots/iamcu-zephyr-elfiamcu/usr/lib/./libc.a(lib_a-wbuf.o)
                              /opt/zephyr-sdk//sysroots/iamcu-zephyr-elfiamcu/usr/lib/./libc.a(lib_a-nano-vfprintf.o) (__swbuf_r)
/opt/zephyr-sdk//sysroots/iamcu-zephyr-elfiamcu/usr/lib/./libc.a(lib_a-wsetup.o)
                              /opt/zephyr-sdk//sysroots/iamcu-zephyr-elfiamcu/usr/lib/./libc.a(lib_a-nano-vfprintf.o) (__swsetup_r)
/opt/zephyr-sdk//sysroots/iamcu-zephyr-elfiamcu/usr/lib/./libc.a(lib_a-fflush.o)
                              /opt/zephyr-sdk//sysroots/iamcu-zephyr-elfiamcu/usr/lib/./libc.a(lib_a-wbuf.o) (_fflush_r)
/opt/zephyr-sdk//sysroots/iamcu-zephyr-elfiamcu/usr/lib/./libc.a(lib_a-findfp.o)
                              /opt/zephyr-sdk//sysroots/iamcu-zephyr-elfiamcu/usr/lib/./libc.a(lib_a-nano-vfprintf.o) (__sinit)
/opt/zephyr-sdk//sysroots/iamcu-zephyr-elfiamcu/usr/lib/./libc.a(lib_a-fvwrite.o)
                              /opt/zephyr-sdk//sysroots/iamcu-zephyr-elfiamcu/usr/lib/./libc.a(lib_a-nano-vfprintf.o) (__sfvwrite_r)
/opt/zephyr-sdk//sysroots/iamcu-zephyr-elfiamcu/usr/lib/./libc.a(lib_a-fwalk.o)
                              /opt/zephyr-sdk//sysroots/iamcu-zephyr-elfiamcu/usr/lib/./libc.a(lib_a-findfp.o) (_fwalk)
/opt/zephyr-sdk//sysroots/iamcu-zephyr-elfiamcu/usr/lib/./libc.a(lib_a-makebuf.o)
                              /opt/zephyr-sdk//sysroots/iamcu-zephyr-elfiamcu/usr/lib/./libc.a(lib_a-wsetup.o) (__smakebuf_r)
/opt/zephyr-sdk//sysroots/iamcu-zephyr-elfiamcu/usr/lib/./libc.a(lib_a-memchr.o)
                              /opt/zephyr-sdk//sysroots/iamcu-zephyr-elfiamcu/usr/lib/./libc.a(lib_a-nano-vfprintf.o) (memchr)
[...]
Memory Configuration

Name             Origin             Length             Attributes
ROM              0x0000000040030000 0x0000000000024000 xr
RAM              0x00000000a8006400 0x000000000000dbe0 xw
BSP_SHARED_GDT_RAM 0x00000000a8013fe0 0x0000000000000020 rw
IDT_LIST         0x0000000000000800 0x0000000000000800
*default*        0x0000000000000000 0xffffffffffffffff

Linker script and memory map

START GROUP
LOAD src/built-in.o
LOAD libzephyr.a
LOAD kernel/lib.a
LOAD ./arch/x86/core/offsets/offsets.o
END GROUP
LOAD /opt/zephyr-sdk//sysroots/iamcu-zephyr-elfiamcu/usr/lib/./libm.a
LOAD /opt/zephyr-sdk//sysroots/iamcu-zephyr-elfiamcu/usr/lib/./libc.a
LOAD /opt/zephyr-sdk//sysroots/iamcu-zephyr-elfiamcu/usr/lib/i586-zephyr-elfiamcu/6.2.0/libgcc.a
LOAD staticIdt.o
LOAD irq_int_vector_map.o
                0x0000000040030000                _image_rom_start = 0x40030000
                0x0000000040030000                _image_text_start = 0x40030000

text            0x0000000040030000     0x50ea
                0x0000000000000000                . = 0x0
 *(.text_start)
 *(.text_start.*)
 .text_start.__start
                0x0000000040030000       0x52 arch/built-in.o
                0x0000000040030000                __start
                0x000000004003004c                _Idt
 *(.text)
 *fill*         0x0000000040030052        0xe 
 .text          0x0000000040030060        0xa arch/built-in.o
 .text          0x000000004003006a        0xe /opt/zephyr-sdk//sysroots/iamcu-zephyr-elfiamcu/usr/lib/./libc.a(lib_a-memset.o)
                0x000000004003006a                memset
 .text          0x0000000040030078       0x18 /opt/zephyr-sdk//sysroots/iamcu-zephyr-elfiamcu/usr/lib/./libc.a(lib_a-memchr.o)
                0x0000000040030078                memchr
 .text          0x0000000040030090       0xf6 /opt/zephyr-sdk//sysroots/iamcu-zephyr-elfiamcu/usr/lib/i586-zephyr-elfiamcu/6.2.0/libgcc.a(_udivdi3.o)
                0x0000000040030090                __udivdi3
 .text          0x0000000040030186      0x111 /opt/zephyr-sdk//sysroots/iamcu-zephyr-elfiamcu/usr/lib/i586-zephyr-elfiamcu/6.2.0/libgcc.a(ledf2.o)
                0x0000000040030186                __ltdf2
                0x0000000040030186                __ledf2
 .text          0x0000000040030297       0x8d /opt/zephyr-sdk//sysroots/iamcu-zephyr-elfiamcu/usr/lib/i586-zephyr-elfiamcu/6.2.0/libgcc.a(floatsidf.o)
                0x0000000040030297                __floatsidf
 *(.text.*)
 .text.main     0x0000000040030324       0x83 src/built-in.o
                0x0000000040030324                main
 .text.console_out
                0x00000000400303a7       0x2e drivers/built-in.o
 .text.uart_console_hook_install
                0x00000000400303d5       0x18 drivers/built-in.o
                0x00000000400303d5                uart_console_hook_install
 .text.uart_console_init
                0x00000000400303ed       0x1b drivers/built-in.o
 .text.uart_qmsi_init
                0x0000000040030408       0x44 drivers/built-in.o
 .text.uart_qmsi_err_check
                0x000000004003044c       0x1b drivers/built-in.o
 .text.uart_qmsi_poll_out
                0x0000000040030467       0x1a drivers/built-in.o
 .text.uart_qmsi_poll_in
                0x0000000040030481       0x34 drivers/built-in.o
 .text._timer_int_handler
                0x00000000400304b5       0x19 drivers/built-in.o
                0x00000000400304b5                _timer_int_handler
 .text._sys_clock_driver_init
                0x00000000400304ce       0x58 drivers/built-in.o
                0x00000000400304ce                _sys_clock_driver_init
 .text.irqstubs
                0x0000000040030526       0x3c drivers/built-in.o
                0x0000000040030526                _timer_int_handler_irq64_stub
                0x0000000040030532                qm_spi_master_1_isr_irq3_stub
                0x000000004003053e                qm_spi_master_0_isr_irq2_stub
                0x000000004003054a                qm_aon_gpio_0_isr_irq31_stub
                0x0000000040030556                qm_gpio_0_isr_irq8_stub
 .text._timer_cycle_get_32
                0x0000000040030562       0x18 drivers/built-in.o
                0x0000000040030562                _timer_cycle_get_32
 .text._loapic_init
                0x000000004003057a       0xa8 drivers/built-in.o
 .text._loapic_int_vec_set
                0x0000000040030622       0x21 drivers/built-in.o
                0x0000000040030622                _loapic_int_vec_set
 .text._loapic_irq_enable
                0x0000000040030643       0x21 drivers/built-in.o
                0x0000000040030643                _loapic_irq_enable
 .text.__irq_controller_isr_vector_get
                0x0000000040030664       0x2f drivers/built-in.o
                0x0000000040030664                __irq_controller_isr_vector_get
 .text.__irq_controller_irq_config
                0x0000000040030693       0x22 drivers/built-in.o
                0x0000000040030693                __irq_controller_irq_config
 .text._arch_irq_enable
                0x00000000400306b5       0x17 drivers/built-in.o
                0x00000000400306b5                _arch_irq_enable
 .text.__IoApicSet
                0x00000000400306cc       0x1a drivers/built-in.o
 .text._IoApicRedUpdateLo
                0x00000000400306e6       0x2d drivers/built-in.o
 .text._ioapic_init
                0x0000000040030713       0x2f drivers/built-in.o
                0x0000000040030713                _ioapic_init
 .text._ioapic_irq_enable
                0x0000000040030742       0x10 drivers/built-in.o
                0x0000000040030742                _ioapic_irq_enable
 .text._ioapic_irq_set
                0x0000000040030752       0x2a drivers/built-in.o
                0x0000000040030752                _ioapic_irq_set
 .text.spi_qmsi_configure
                0x000000004003077c       0x4f drivers/built-in.o
 .text.spi_qmsi_slave_select
                0x00000000400307cb       0x24 drivers/built-in.o
 .text.spi_qmsi_init
                0x00000000400307ef      0x11e drivers/built-in.o
 .text.spi_control_cs
                0x000000004003090d       0x2f drivers/built-in.o
 .text.transfer_complete
                0x000000004003093c       0x42 drivers/built-in.o
 .text.spi_qmsi_transceive
                0x000000004003097e      0x171 drivers/built-in.o
 .text.gpio_qmsi_callback
                0x0000000040030aef       0x31 drivers/built-in.o
 .text.qmsi_write_bit
                0x0000000040030b20       0x14 drivers/built-in.o
 .text.gpio_qmsi_manage_callback
                0x0000000040030b34       0x5a drivers/built-in.o
 .text.gpio_qmsi_enable_callback
                0x0000000040030b8e       0x21 drivers/built-in.o
 .text.gpio_qmsi_disable_callback
                0x0000000040030baf       0x21 drivers/built-in.o
 .text.gpio_qmsi_get_pending_int
                0x0000000040030bd0       0x16 drivers/built-in.o
 .text.gpio_qmsi_read
                0x0000000040030be6       0x32 drivers/built-in.o
 .text.gpio_qmsi_write
                0x0000000040030c18       0x33 drivers/built-in.o
 .text.qmsi_pin_config
                0x0000000040030c4b       0xd5 drivers/built-in.o
 .text.gpio_qmsi_config
                0x0000000040030d20       0x53 drivers/built-in.o
 .text.gpio_qmsi_init
                0x0000000040030d73       0x8d drivers/built-in.o
 .text.pinmux_get
                0x0000000040030e00       0x2a drivers/built-in.o
 .text.pinmux_initialize
                0x0000000040030e2a        0x7 drivers/built-in.o
 .text.pinmux_input
                0x0000000040030e31       0x1c drivers/built-in.o
 .text.pinmux_pullup
                0x0000000040030e4d       0x1c drivers/built-in.o
 .text.pinmux_set
                0x0000000040030e69       0x17 drivers/built-in.o
 .text._stdin_hook_default
                0x0000000040030e80        0x7 lib/built-in.o
 .text._stdout_hook_default
                0x0000000040030e87        0x8 lib/built-in.o
 .text.__stdout_hook_install
                0x0000000040030e8f        0xa lib/built-in.o
                0x0000000040030e8f                __stdout_hook_install
 .text._read    0x0000000040030e99       0x2b lib/built-in.o
                0x0000000040030e99                read
                0x0000000040030e99                _read
 .text._write   0x0000000040030ec4       0x35 lib/built-in.o
                0x0000000040030ec4                write
                0x0000000040030ec4                _write
 .text._isatty  0x0000000040030ef9        0xa lib/built-in.o
                0x0000000040030ef9                isatty
                0x0000000040030ef9                _isatty
 .text._fstat   0x0000000040030f03        0xe lib/built-in.o
                0x0000000040030f03                _fstat
                0x0000000040030f03                fstat
 .text._close   0x0000000040030f11        0x8 lib/built-in.o
                0x0000000040030f11                close
                0x0000000040030f11                _close
 .text._lseek   0x0000000040030f19        0x7 lib/built-in.o
                0x0000000040030f19                lseek
                0x0000000040030f19                _lseek
 .text._sbrk    0x0000000040030f20       0x2d lib/built-in.o
                0x0000000040030f20                _sbrk
                0x0000000040030f20                sbrk
 .text._nop_char_out
                0x0000000040030f4d        0x7 misc/built-in.o
 .text.char_out
                0x0000000040030f54        0xc misc/built-in.o
 .text._printk_dec_ulong
                0x0000000040030f60       0xb0 misc/built-in.o
 .text.__printk_hook_install
                0x0000000040031010        0xa misc/built-in.o
                0x0000000040031010                __printk_hook_install
 .text._vprintk
                0x000000004003101a      0x247 misc/built-in.o
                0x000000004003101a                _vprintk
 .text.printk   0x0000000040031261       0x25 misc/built-in.o
                0x0000000040031261                printk
 .text._ConfigAbsSyms
                0x0000000040031286        0x5 misc/built-in.o
                0x0000000040031286                _ConfigAbsSyms
 .text.pinmux_initialize
                0x000000004003128b       0x45 boards/built-in.o
 .text.clk_periph_enable
                0x00000000400312d0       0x14 ext/built-in.o
                0x00000000400312d0                clk_periph_enable
 .text.gpio_isr
                0x00000000400312e4       0x38 ext/built-in.o
 .text.qm_gpio_0_isr
                0x000000004003131c        0xb ext/built-in.o
                0x000000004003131c                qm_gpio_0_isr
 .text.qm_aon_gpio_0_isr
                0x0000000040031327        0xe ext/built-in.o
                0x0000000040031327                qm_aon_gpio_0_isr
 .text.qm_gpio_set_config
                0x0000000040031335       0x5f ext/built-in.o
                0x0000000040031335                qm_gpio_set_config
 .text.qm_gpio_read_pin
                0x0000000040031394       0x1e ext/built-in.o
                0x0000000040031394                qm_gpio_read_pin
 .text.qm_gpio_set_pin
                0x00000000400313b2       0x21 ext/built-in.o
                0x00000000400313b2                qm_gpio_set_pin
 .text.qm_gpio_clear_pin
                0x00000000400313d3       0x21 ext/built-in.o
                0x00000000400313d3                qm_gpio_clear_pin
 .text.qm_gpio_read_port
                0x00000000400313f4       0x13 ext/built-in.o
                0x00000000400313f4                qm_gpio_read_port
 .text.qm_gpio_write_port
                0x0000000040031407       0x10 ext/built-in.o
                0x0000000040031407                qm_gpio_write_port
 .text.qm_uart_set_config
                0x0000000040031417       0x6d ext/built-in.o
                0x0000000040031417                qm_uart_set_config
 .text.qm_uart_get_status
                0x0000000040031484       0x41 ext/built-in.o
                0x0000000040031484                qm_uart_get_status
 .text.qm_uart_write
                0x00000000400314c5       0x23 ext/built-in.o
                0x00000000400314c5                qm_uart_write
 .text.qm_uart_read
                0x00000000400314e8       0x31 ext/built-in.o
                0x00000000400314e8                qm_uart_read
 .text.read_frame
                0x0000000040031519       0x2b ext/built-in.o
 .text.write_frame
                0x0000000040031544       0x29 ext/built-in.o
 .text.handle_spi_overflow_interrupt
                0x000000004003156d       0x4e ext/built-in.o
 .text.handle_spi_mst_interrupt
                0x00000000400315bb      0x20a ext/built-in.o
 .text.qm_spi_set_config
                0x00000000400317c5       0x6d ext/built-in.o
                0x00000000400317c5                qm_spi_set_config
 .text.qm_spi_slave_select
                0x0000000040031832       0x20 ext/built-in.o
                0x0000000040031832                qm_spi_slave_select
 .text.qm_spi_irq_update
                0x0000000040031852       0x62 ext/built-in.o
                0x0000000040031852                qm_spi_irq_update
 .text.qm_spi_irq_transfer
                0x00000000400318b4       0xfc ext/built-in.o
                0x00000000400318b4                qm_spi_irq_transfer
 .text.qm_spi_master_0_isr
                0x00000000400319b0        0xb ext/built-in.o
                0x00000000400319b0                qm_spi_master_0_isr
 .text.qm_spi_master_1_isr
                0x00000000400319bb        0xe ext/built-in.o
                0x00000000400319bb                qm_spi_master_1_isr
 .text.qm_pmux_select
                0x00000000400319c9       0x37 ext/built-in.o
                0x00000000400319c9                qm_pmux_select
 .text.qm_pmux_input_en
                0x0000000040031a00       0x30 ext/built-in.o
                0x0000000040031a00                qm_pmux_input_en
 .text.qm_pmux_pullup_en
                0x0000000040031a30       0x31 ext/built-in.o
                0x0000000040031a30                qm_pmux_pullup_en
 .text.mraa_init
                0x0000000040031a61       0x17 ext/built-in.o
                0x0000000040031a61                mraa_init
 .text.mraa_setup_mux_mapped
                0x0000000040031a78      0x1ce ext/built-in.o
                0x0000000040031a78                mraa_setup_mux_mapped
 .text.mraa_set_pininfo
                0x0000000040031c46       0x2b ext/built-in.o
                0x0000000040031c46                mraa_set_pininfo
 .text.mraa_set_board_config
                0x0000000040031c71       0x2c ext/built-in.o
                0x0000000040031c71                mraa_set_board_config
 .text.gpio_pin_configure
                0x0000000040031c9d       0x17 ext/built-in.o
 .text.mraa_gpio_init_raw
                0x0000000040031cb4       0x7c ext/built-in.o
                0x0000000040031cb4                mraa_gpio_init_raw
 .text.mraa_gpio_init
                0x0000000040031d30       0xb2 ext/built-in.o
                0x0000000040031d30                mraa_gpio_init
 .text.mraa_gpio_dir
                0x0000000040031de2       0x76 ext/built-in.o
                0x0000000040031de2                mraa_gpio_dir
 .text.mraa_gpio_write
                0x0000000040031e58       0x29 ext/built-in.o
                0x0000000040031e58                mraa_gpio_write
 .text.mraa_gpio_owner
                0x0000000040031e81       0x15 ext/built-in.o
                0x0000000040031e81                mraa_gpio_owner
 .text.mraa_gpio_mode
                0x0000000040031e96        0x7 ext/built-in.o
                0x0000000040031e96                mraa_gpio_mode
 .text.mraa_gpio_close
                0x0000000040031e9d        0xc ext/built-in.o
                0x0000000040031e9d                mraa_gpio_close
 .text.spi_configure
                0x0000000040031ea9        0xb ext/built-in.o
 .text.spi_transceive
                0x0000000040031eb4       0x17 ext/built-in.o
 .text.mraa_spi_init
                0x0000000040031ecb       0x88 ext/built-in.o
                0x0000000040031ecb                mraa_spi_init
 .text.mraa_spi_frequency
                0x0000000040031f53       0x39 ext/built-in.o
                0x0000000040031f53                mraa_spi_frequency
 .text.mraa_spi_transfer_buf
                0x0000000040031f8c       0x1a ext/built-in.o
                0x0000000040031f8c                mraa_spi_transfer_buf
 .text.mraa_intel_quark_se_devboard
                0x0000000040031fa6      0xac6 ext/built-in.o
                0x0000000040031fa6                mraa_intel_quark_se_devboard
 .text.upm_clock_init
                0x0000000040032a6c       0x10 ext/built-in.o
                0x0000000040032a6c                upm_clock_init
 .text.upm_elapsed_us
                0x0000000040032a7c       0x56 ext/built-in.o
                0x0000000040032a7c                upm_elapsed_us
 .text.upm_delay_us
                0x0000000040032ad2       0x28 ext/built-in.o
                0x0000000040032ad2                upm_delay_us
 .text.LoRaClass
                0x0000000040032afa       0x8d ext/built-in.o
                0x0000000040032afa                LoRaClass
 .text.setPins  0x0000000040032b87       0x16 ext/built-in.o
                0x0000000040032b87                setPins
 .text.readRegister
                0x0000000040032b9d       0x6f ext/built-in.o
                0x0000000040032b9d                readRegister
 .text.packetRssi
                0x0000000040032c0c       0x40 ext/built-in.o
                0x0000000040032c0c                packetRssi
 .text.available
                0x0000000040032c4c       0x18 ext/built-in.o
                0x0000000040032c4c                available
 .text.SX1276read
                0x0000000040032c64       0x23 ext/built-in.o
                0x0000000040032c64                SX1276read
 .text.dumpRegisters
                0x0000000040032c87       0x2d ext/built-in.o
                0x0000000040032c87                dumpRegisters
 .text.writeRegister
                0x0000000040032cb4       0x66 ext/built-in.o
                0x0000000040032cb4                writeRegister
 .text.idle     0x0000000040032d1a       0x48 ext/built-in.o
                0x0000000040032d1a                idle
 .text.SX1276sleep
                0x0000000040032d62       0x53 ext/built-in.o
                0x0000000040032d62                SX1276sleep
 .text.setTxPower.part.1
                0x0000000040032db5       0x5e ext/built-in.o
 .text.setFrequency
                0x0000000040032e13       0xae ext/built-in.o
                0x0000000040032e13                setFrequency
 .text.begin    0x0000000040032ec1      0x1f8 ext/built-in.o
                0x0000000040032ec1                begin
 .text.explicitHeaderMode
                0x00000000400330b9       0x2a ext/built-in.o
                0x00000000400330b9                explicitHeaderMode
 .text.implicitHeaderMode
                0x00000000400330e3       0x68 ext/built-in.o
                0x00000000400330e3                implicitHeaderMode
 .text.parsePacket
                0x000000004003314b       0xbf ext/built-in.o
                0x000000004003314b                parsePacket
 .text._arc_init
                0x000000004003320a       0x63 arch/built-in.o
                0x000000004003320a                _arc_init
 .text._lakemont_eoi
                0x000000004003326d       0x16 arch/built-in.o
                0x000000004003326d                _lakemont_eoi
 .text._SysFatalErrorHandler
                0x0000000040033283       0x55 arch/built-in.o
                0x0000000040033283                _SysFatalErrorHandler
 .text._cache_line_size_get
                0x00000000400332d8       0x14 arch/built-in.o
                0x00000000400332d8                _cache_line_size_get
 .text.init_cache
                0x00000000400332ec       0x11 arch/built-in.o
 .text._exception_enter
                0x00000000400332fd       0x2a arch/built-in.o
                0x00000000400332fd                _exception_enter
 .text._interrupt_enter
                0x0000000040033327       0x51 arch/built-in.o
                0x0000000040033327                _interrupt_enter
 .text._SpuriousIntNoErrCodeHandler
                0x0000000040033378        0x2 arch/built-in.o
                0x0000000040033378                _SpuriousIntNoErrCodeHandler
 .text._SpuriousIntHandler
                0x000000004003337a       0x1a arch/built-in.o
                0x000000004003337a                _SpuriousIntHandler
 .text._Swap    0x0000000040033394       0x34 arch/built-in.o
                0x0000000040033394                _Swap
 .text._new_thread
                0x00000000400333c8       0x62 arch/built-in.o
                0x00000000400333c8                _new_thread
 .text._debug_fatal_hook
                0x000000004003342a        0x5 arch/built-in.o
                0x000000004003342a                _debug_fatal_hook
 .text._NanoFatalErrorHandler
                0x000000004003342f       0xf4 arch/built-in.o
                0x000000004003342f                _NanoFatalErrorHandler
 .text.generic_exc_handle
                0x0000000040033523       0x3b arch/built-in.o
 .text.handle_exc_0
                0x000000004003355e        0xc arch/built-in.o
                0x000000004003355e                handle_exc_0
 .text.handle_exc_2
                0x000000004003356a        0xf arch/built-in.o
                0x000000004003356a                handle_exc_2
 .text.handle_exc_4
                0x0000000040033579        0xf arch/built-in.o
                0x0000000040033579                handle_exc_4
 .text.handle_exc_5
                0x0000000040033588        0xf arch/built-in.o
                0x0000000040033588                handle_exc_5
 .text.handle_exc_6
                0x0000000040033597        0xf arch/built-in.o
                0x0000000040033597                handle_exc_6
 .text.handle_exc_7
                0x00000000400335a6        0xf arch/built-in.o
                0x00000000400335a6                handle_exc_7
 .text.handle_exc_8
                0x00000000400335b5        0xf arch/built-in.o
                0x00000000400335b5                handle_exc_8
 .text.handle_exc_10
                0x00000000400335c4        0xf arch/built-in.o
                0x00000000400335c4                handle_exc_10
 .text.handle_exc_11
                0x00000000400335d3        0xf arch/built-in.o
                0x00000000400335d3                handle_exc_11
 .text.handle_exc_12
                0x00000000400335e2        0xf arch/built-in.o
                0x00000000400335e2                handle_exc_12
 .text.handle_exc_13
                0x00000000400335f1        0xf arch/built-in.o
                0x00000000400335f1                handle_exc_13
 .text.handle_exc_14
                0x0000000040033600        0xf arch/built-in.o
                0x0000000040033600                handle_exc_14
 .text.handle_exc_16
                0x000000004003360f        0xf arch/built-in.o
                0x000000004003360f                handle_exc_16
 .text.handle_exc_17
                0x000000004003361e        0xf arch/built-in.o
                0x000000004003361e                handle_exc_17
 .text.handle_exc_18
                0x000000004003362d        0xf arch/built-in.o
                0x000000004003362d                handle_exc_18
 .text._sys_device_do_config_level
                0x000000004003363c       0x28 kernel/lib.a(device.o)
                0x000000004003363c                _sys_device_do_config_level
 .text.device_get_binding
                0x0000000040033664       0x38 kernel/lib.a(device.o)
                0x0000000040033664                device_get_binding
 .text.device_busy_set
                0x000000004003369c        0x5 kernel/lib.a(device.o)
                0x000000004003369c                device_busy_set
 .text.device_busy_clear
                0x00000000400336a1        0x5 kernel/lib.a(device.o)
                0x00000000400336a1                device_busy_clear
 .text._main    0x00000000400336a6       0x48 kernel/lib.a(init.o)
 .text._Cstart  0x00000000400336ee      0x111 kernel/lib.a(init.o)
                0x00000000400336ee                _Cstart
 .text._get_highest_ready_prio
                0x00000000400337ff       0x16 kernel/lib.a(sched.o)
 .text._add_timeout
                0x0000000040033815       0x74 kernel/lib.a(sched.o)
 .text._add_thread_to_ready_q
                0x0000000040033889       0x5e kernel/lib.a(sched.o)
                0x0000000040033889                _add_thread_to_ready_q
 .text._remove_thread_from_ready_q
                0x00000000400338e7       0x5f kernel/lib.a(sched.o)
                0x00000000400338e7                _remove_thread_from_ready_q
 .text._pend_thread
                0x0000000040033946       0x77 kernel/lib.a(sched.o)
                0x0000000040033946                _pend_thread
 .text._pend_current_thread
                0x00000000400339bd       0x24 kernel/lib.a(sched.o)
                0x00000000400339bd                _pend_current_thread
 .text.__must_switch_threads
                0x00000000400339e1       0x1b kernel/lib.a(sched.o)
                0x00000000400339e1                __must_switch_threads
 .text._reschedule_threads
                0x00000000400339fc       0x2d kernel/lib.a(sched.o)
                0x00000000400339fc                _reschedule_threads
 .text.k_sched_unlock
                0x0000000040033a29       0x15 kernel/lib.a(sched.o)
                0x0000000040033a29                k_sched_unlock
 .text._move_thread_to_end_of_prio_q
                0x0000000040033a3e       0x60 kernel/lib.a(sched.o)
                0x0000000040033a3e                _move_thread_to_end_of_prio_q
 .text.k_current_get
                0x0000000040033a9e        0xa kernel/lib.a(sched.o)
                0x0000000040033a9e                k_current_get
 .text._ready_thread
                0x0000000040033aa8       0x21 kernel/lib.a(sem.o)
 .text._unpend_first_thread
                0x0000000040033ac9       0x4e kernel/lib.a(sem.o)
 .text._abort_timeout
                0x0000000040033b17       0x34 kernel/lib.a(sem.o)
 .text.k_sem_init
                0x0000000040033b4b       0x10 kernel/lib.a(sem.o)
                0x0000000040033b4b                k_sem_init
 .text.k_sem_give
                0x0000000040033b5b       0x75 kernel/lib.a(sem.o)
                0x0000000040033b5b                k_sem_give
 .text.k_sem_take
                0x0000000040033bd0       0x39 kernel/lib.a(sem.o)
                0x0000000040033bd0                k_sem_take
 .text._nano_sys_clock_tick_announce
                0x0000000040033c09      0x1b6 kernel/lib.a(sys_clock.o)
                0x0000000040033c09                _nano_sys_clock_tick_announce
 .text._is_thread_ready
                0x0000000040033dbf       0x19 kernel/lib.a(thread.o)
 .text._abort_timeout
                0x0000000040033dd8       0x34 kernel/lib.a(thread.o)
 .text.schedule_new_thread
                0x0000000040033e0c       0xe0 kernel/lib.a(thread.o)
 .text.k_is_in_isr
                0x0000000040033eec       0x11 kernel/lib.a(thread.o)
                0x0000000040033eec                k_is_in_isr
 .text._is_thread_essential
                0x0000000040033efd       0x10 kernel/lib.a(thread.o)
                0x0000000040033efd                _is_thread_essential
 .text._thread_entry
                0x0000000040033f0d       0x31 kernel/lib.a(thread.o)
                0x0000000040033f0d                _thread_entry
 .text._k_thread_single_abort
                0x0000000040033f3e       0x4e kernel/lib.a(thread.o)
                0x0000000040033f3e                _k_thread_single_abort
 .text._init_static_threads
                0x0000000040033f8c       0x79 kernel/lib.a(thread.o)
                0x0000000040033f8c                _init_static_threads
 .text._init_thread_base
                0x0000000040034005       0x33 kernel/lib.a(thread.o)
                0x0000000040034005                _init_thread_base
 .text.k_thread_abort
                0x0000000040034038       0x26 kernel/lib.a(thread_abort.o)
                0x0000000040034038                k_thread_abort
 .text._ready_thread
                0x000000004003405e       0x21 kernel/lib.a(timer.o)
 .text._add_timeout.constprop.7
                0x000000004003407f       0x78 kernel/lib.a(timer.o)
 .text._timer_expiration_handler
                0x00000000400340f7       0x6c kernel/lib.a(timer.o)
                0x00000000400340f7                _timer_expiration_handler
 .text._OffsetAbsSyms
                0x0000000040034163        0x5 ./arch/x86/core/offsets/offsets.o
                0x0000000040034163                _OffsetAbsSyms
 .text.malloc   0x0000000040034168       0x10 /opt/zephyr-sdk//sysroots/iamcu-zephyr-elfiamcu/usr/lib/./libc.a(lib_a-malloc.o)
                0x0000000040034168                malloc
 .text.free     0x0000000040034178       0x10 /opt/zephyr-sdk//sysroots/iamcu-zephyr-elfiamcu/usr/lib/./libc.a(lib_a-malloc.o)
                0x0000000040034178                free
 .text._free_r  0x0000000040034188       0xb9 /opt/zephyr-sdk//sysroots/iamcu-zephyr-elfiamcu/usr/lib/./libc.a(lib_a-nano-freer.o)
                0x0000000040034188                _free_r
 .text._malloc_r
                0x0000000040034241       0xd3 /opt/zephyr-sdk//sysroots/iamcu-zephyr-elfiamcu/usr/lib/./libc.a(lib_a-nano-mallocr.o)
                0x0000000040034241                _malloc_r
 .text.printf   0x0000000040034314       0x18 /opt/zephyr-sdk//sysroots/iamcu-zephyr-elfiamcu/usr/lib/./libc.a(lib_a-printf.o)
                0x0000000040034314                printf
                0x0000000040034314                iprintf
 .text._sbrk_r  0x000000004003432c       0x27 /opt/zephyr-sdk//sysroots/iamcu-zephyr-elfiamcu/usr/lib/./libc.a(lib_a-sbrkr.o)
                0x000000004003432c                _sbrk_r
 .text.strcmp   0x0000000040034353       0x17 /opt/zephyr-sdk//sysroots/iamcu-zephyr-elfiamcu/usr/lib/./libc.a(lib_a-strcmp.o)
                0x0000000040034353                strcmp
 .text.__getreent
                0x000000004003436a        0x6 /opt/zephyr-sdk//sysroots/iamcu-zephyr-elfiamcu/usr/lib/./libc.a(lib_a-getreent.o)
                0x000000004003436a                __getreent
 .text.__sfputc_r
                0x0000000040034370       0x2a /opt/zephyr-sdk//sysroots/iamcu-zephyr-elfiamcu/usr/lib/./libc.a(lib_a-nano-vfprintf.o)
 .text.__sfputs_r
                0x000000004003439a       0x2f /opt/zephyr-sdk//sysroots/iamcu-zephyr-elfiamcu/usr/lib/./libc.a(lib_a-nano-vfprintf.o)
                0x000000004003439a                __sfputs_r
 .text._vfprintf_r
                0x00000000400343c9      0x292 /opt/zephyr-sdk//sysroots/iamcu-zephyr-elfiamcu/usr/lib/./libc.a(lib_a-nano-vfprintf.o)
                0x00000000400343c9                _vfiprintf_r
                0x00000000400343c9                _vfprintf_r
 .text.__swbuf_r
                0x000000004003465b       0x8e /opt/zephyr-sdk//sysroots/iamcu-zephyr-elfiamcu/usr/lib/./libc.a(lib_a-wbuf.o)
                0x000000004003465b                __swbuf_r
 .text.__swsetup_r
                0x00000000400346e9       0xc9 /opt/zephyr-sdk//sysroots/iamcu-zephyr-elfiamcu/usr/lib/./libc.a(lib_a-wsetup.o)
                0x00000000400346e9                __swsetup_r
 .text.__sflush_r
                0x00000000400347b2      0x123 /opt/zephyr-sdk//sysroots/iamcu-zephyr-elfiamcu/usr/lib/./libc.a(lib_a-fflush.o)
                0x00000000400347b2                __sflush_r
 .text._fflush_r
                0x00000000400348d5       0x2e /opt/zephyr-sdk//sysroots/iamcu-zephyr-elfiamcu/usr/lib/./libc.a(lib_a-fflush.o)
                0x00000000400348d5                _fflush_r
 .text._cleanup_r
                0x0000000040034903        0xa /opt/zephyr-sdk//sysroots/iamcu-zephyr-elfiamcu/usr/lib/./libc.a(lib_a-findfp.o)
                0x0000000040034903                _cleanup_r
 .text.std.isra.0
                0x000000004003490d       0x6b /opt/zephyr-sdk//sysroots/iamcu-zephyr-elfiamcu/usr/lib/./libc.a(lib_a-findfp.o)
 .text.__sinit  0x0000000040034978       0x6c /opt/zephyr-sdk//sysroots/iamcu-zephyr-elfiamcu/usr/lib/./libc.a(lib_a-findfp.o)
                0x0000000040034978                __sinit
 .text._fwalk_reent
                0x00000000400349e4       0x56 /opt/zephyr-sdk//sysroots/iamcu-zephyr-elfiamcu/usr/lib/./libc.a(lib_a-fwalk.o)
                0x00000000400349e4                _fwalk_reent
 .text.__swhatbuf_r
                0x0000000040034a3a       0x66 /opt/zephyr-sdk//sysroots/iamcu-zephyr-elfiamcu/usr/lib/./libc.a(lib_a-makebuf.o)
                0x0000000040034a3a                __swhatbuf_r
 .text.__smakebuf_r
                0x0000000040034aa0       0xa0 /opt/zephyr-sdk//sysroots/iamcu-zephyr-elfiamcu/usr/lib/./libc.a(lib_a-makebuf.o)
                0x0000000040034aa0                __smakebuf_r
 .text._printf_common
                0x0000000040034b40       0xdc /opt/zephyr-sdk//sysroots/iamcu-zephyr-elfiamcu/usr/lib/./libc.a(lib_a-nano-vfprintf_i.o)
                0x0000000040034b40                _printf_common
 .text._printf_i
                0x0000000040034c1c      0x299 /opt/zephyr-sdk//sysroots/iamcu-zephyr-elfiamcu/usr/lib/./libc.a(lib_a-nano-vfprintf_i.o)
                0x0000000040034c1c                _printf_i
 .text.__sread  0x0000000040034eb5       0x22 /opt/zephyr-sdk//sysroots/iamcu-zephyr-elfiamcu/usr/lib/./libc.a(lib_a-stdio.o)
                0x0000000040034eb5                __sread
 .text.__swrite
                0x0000000040034ed7       0x3d /opt/zephyr-sdk//sysroots/iamcu-zephyr-elfiamcu/usr/lib/./libc.a(lib_a-stdio.o)
                0x0000000040034ed7                __swrite
 .text.__sseek  0x0000000040034f14       0x29 /opt/zephyr-sdk//sysroots/iamcu-zephyr-elfiamcu/usr/lib/./libc.a(lib_a-stdio.o)
                0x0000000040034f14                __sseek
 .text.__sclose
                0x0000000040034f3d        0x9 /opt/zephyr-sdk//sysroots/iamcu-zephyr-elfiamcu/usr/lib/./libc.a(lib_a-stdio.o)
                0x0000000040034f3d                __sclose
 .text._write_r
                0x0000000040034f46       0x2d /opt/zephyr-sdk//sysroots/iamcu-zephyr-elfiamcu/usr/lib/./libc.a(lib_a-writer.o)
                0x0000000040034f46                _write_r
 .text._close_r
                0x0000000040034f73       0x27 /opt/zephyr-sdk//sysroots/iamcu-zephyr-elfiamcu/usr/lib/./libc.a(lib_a-closer.o)
                0x0000000040034f73                _close_r
 .text._fstat_r
                0x0000000040034f9a       0x29 /opt/zephyr-sdk//sysroots/iamcu-zephyr-elfiamcu/usr/lib/./libc.a(lib_a-fstatr.o)
                0x0000000040034f9a                _fstat_r
 .text._isatty_r
                0x0000000040034fc3       0x27 /opt/zephyr-sdk//sysroots/iamcu-zephyr-elfiamcu/usr/lib/./libc.a(lib_a-isattyr.o)
                0x0000000040034fc3                _isatty_r
 .text._lseek_r
                0x0000000040034fea       0x2d /opt/zephyr-sdk//sysroots/iamcu-zephyr-elfiamcu/usr/lib/./libc.a(lib_a-lseekr.o)
                0x0000000040034fea                _lseek_r
 .text._read_r  0x0000000040035017       0x2d /opt/zephyr-sdk//sysroots/iamcu-zephyr-elfiamcu/usr/lib/./libc.a(lib_a-readr.o)
                0x0000000040035017                _read_r
 *(.gnu.linkonce.t.*)
 .gnu.linkonce.t.exc_0_stub
                0x0000000040035044        0xc arch/built-in.o
                0x0000000040035044                _handle_exc_0_vector_0_stub
 .gnu.linkonce.t.exc_2_stub
                0x0000000040035050        0xc arch/built-in.o
                0x0000000040035050                _handle_exc_2_vector_2_stub
 .gnu.linkonce.t.exc_4_stub
                0x000000004003505c        0xc arch/built-in.o
                0x000000004003505c                _handle_exc_4_vector_4_stub
 .gnu.linkonce.t.exc_5_stub
                0x0000000040035068        0xc arch/built-in.o
                0x0000000040035068                _handle_exc_5_vector_5_stub
 .gnu.linkonce.t.exc_6_stub
                0x0000000040035074        0xc arch/built-in.o
                0x0000000040035074                _handle_exc_6_vector_6_stub
 .gnu.linkonce.t.exc_7_stub
                0x0000000040035080        0xc arch/built-in.o
                0x0000000040035080                _handle_exc_7_vector_7_stub
 .gnu.linkonce.t.exc_8_stub
                0x000000004003508c        0xa arch/built-in.o
                0x000000004003508c                _handle_exc_8_vector_8_stub
 .gnu.linkonce.t.exc_10_stub
                0x0000000040035096        0xa arch/built-in.o
                0x0000000040035096                _handle_exc_10_vector_10_stub
 .gnu.linkonce.t.exc_11_stub
                0x00000000400350a0        0xa arch/built-in.o
                0x00000000400350a0                _handle_exc_11_vector_11_stub
 .gnu.linkonce.t.exc_12_stub
                0x00000000400350aa        0xa arch/built-in.o
                0x00000000400350aa                _handle_exc_12_vector_12_stub
 .gnu.linkonce.t.exc_13_stub
                0x00000000400350b4        0xa arch/built-in.o
                0x00000000400350b4                _handle_exc_13_vector_13_stub
 .gnu.linkonce.t.exc_14_stub
                0x00000000400350be        0xa arch/built-in.o
                0x00000000400350be                _handle_exc_14_vector_14_stub
 .gnu.linkonce.t.exc_16_stub
                0x00000000400350c8        0xc arch/built-in.o
                0x00000000400350c8                _handle_exc_16_vector_16_stub
 .gnu.linkonce.t.exc_17_stub
                0x00000000400350d4        0xa arch/built-in.o
                0x00000000400350d4                _handle_exc_17_vector_17_stub
 .gnu.linkonce.t.exc_18_stub
                0x00000000400350de        0xc arch/built-in.o
                0x00000000400350de                _handle_exc_18_vector_18_stub
 *(.eh_frame)
 *(.init)
 *(.fini)
 *(.eini)
 *(.openocd_dbg)
 *(.openocd_dbg.*)
                0x00000000400350ea                _image_text_end = .

.rel.dyn        0x00000000400350ec        0x0
 .rel.text._sys_clock_driver_init
                0x00000000400350ec        0x0 src/built-in.o
 .rel.text.spi_qmsi_init
                0x00000000400350ec        0x0 src/built-in.o
 .rel.text.gpio_qmsi_init
                0x00000000400350ec        0x0 src/built-in.o
 .rel.text._sbrk
                0x00000000400350ec        0x0 src/built-in.o
 .rel.text.LoRaClass
                0x00000000400350ec        0x0 src/built-in.o
 .rel.text.setPins
                0x00000000400350ec        0x0 src/built-in.o
 .rel.text.readRegister
                0x00000000400350ec        0x0 src/built-in.o
 .rel.text.packetRssi
                0x00000000400350ec        0x0 src/built-in.o
 .rel.text.available
                0x00000000400350ec        0x0 src/built-in.o
 .rel.text.SX1276read
                0x00000000400350ec        0x0 src/built-in.o
 .rel.text.writeRegister
                0x00000000400350ec        0x0 src/built-in.o
 .rel.text.setFrequency
                0x00000000400350ec        0x0 src/built-in.o
 .rel.text.begin
                0x00000000400350ec        0x0 src/built-in.o
 .rel.text.explicitHeaderMode
                0x00000000400350ec        0x0 src/built-in.o
 .rel.text.implicitHeaderMode
                0x00000000400350ec        0x0 src/built-in.o
 .rel.text.parsePacket
                0x00000000400350ec        0x0 src/built-in.o
 .rel.text_start.__start
                0x00000000400350ec        0x0 src/built-in.o
 .rel.text.init_cache
                0x00000000400350ec        0x0 src/built-in.o
 .rel.text._NanoFatalErrorHandler
                0x00000000400350ec        0x0 src/built-in.o
 .rel.text.device_get_binding
                0x00000000400350ec        0x0 src/built-in.o
 .rel.rodata.config_levels
                0x00000000400350ec        0x0 src/built-in.o
 .rel.text._Cstart
                0x00000000400350ec        0x0 src/built-in.o
 .rel.text._unpend_first_thread
                0x00000000400350ec        0x0 src/built-in.o
 .rel.text._nano_sys_clock_tick_announce
                0x00000000400350ec        0x0 src/built-in.o
 .rel.text._init_static_threads
                0x00000000400350ec        0x0 src/built-in.o
 .rel.text._sbrk_r
                0x00000000400350ec        0x0 src/built-in.o
 .rel.text._vfprintf_r
                0x00000000400350ec        0x0 src/built-in.o
 .rel.text._write_r
                0x00000000400350ec        0x0 src/built-in.o
 .rel.text._close_r
                0x00000000400350ec        0x0 src/built-in.o
 .rel.text._fstat_r
                0x00000000400350ec        0x0 src/built-in.o
 .rel.text._isatty_r
                0x00000000400350ec        0x0 src/built-in.o
 .rel.text._lseek_r
                0x00000000400350ec        0x0 src/built-in.o
 .rel.text._read_r
                0x00000000400350ec        0x0 src/built-in.o

devconfig       0x00000000400350ec       0xa8
                0x00000000400350ec                __devconfig_start = .
 *(.devconfig.*)
 .devconfig.init
                0x00000000400350ec       0x84 drivers/built-in.o
 .devconfig.init
                0x0000000040035170        0xc boards/built-in.o
 .devconfig.init
                0x000000004003517c       0x18 arch/built-in.o
 *(SORT(.devconfig*))
                0x0000000040035194                __devconfig_end = .

net_l2          0x0000000040035194        0x0
                0x0000000040035194                __net_l2_start = .
 *(.net_l2.init)
 *(SORT(.net_l2.init*))
                0x0000000040035194                __net_l2_end = .

rodata          0x00000000400351a0     0x17c8
 *(.rodata)
 .rodata        0x00000000400351a0       0x18 ext/built-in.o
 *(.rodata.*)
 .rodata.main.str1.1
                0x00000000400351b8       0x53 src/built-in.o
                                         0x5d (size before relaxing)
 .rodata.uart_console_init.str1.1
                0x000000004003520b        0x7 drivers/built-in.o
 .rodata.str1.1
                0x0000000040035212       0x32 drivers/built-in.o
                                         0x3c (size before relaxing)
 .rodata.api    0x0000000040035244        0xc drivers/built-in.o
 .rodata.config_info_1
                0x0000000040035250       0x10 drivers/built-in.o
 .rodata.config_info_0
                0x0000000040035260       0x10 drivers/built-in.o
 .rodata.CSWTCH.5
                0x0000000040035270        0x3 drivers/built-in.o
 *fill*         0x0000000040035273        0x1 
 .rodata.spi_qmsi_mst_1_config
                0x0000000040035274        0xc drivers/built-in.o
 .rodata.spi_qmsi_mst_0_config
                0x0000000040035280        0xc drivers/built-in.o
 .rodata.spi_qmsi_api
                0x000000004003528c        0xc drivers/built-in.o
 .rodata.api_funcs
                0x0000000040035298       0x1c drivers/built-in.o
 .rodata.gpio_aon_config
                0x00000000400352b4        0x8 drivers/built-in.o
 .rodata.gpio_0_config
                0x00000000400352bc        0x8 drivers/built-in.o
 .rodata.str1.1
                0x00000000400352c4        0x1 boards/built-in.o
 .rodata.tx_dummy_frame
                0x00000000400352c4        0x4 ext/built-in.o
 .rodata.mraa_setup_mux_mapped
                0x00000000400352c8       0x18 ext/built-in.o
 .rodata.mraa_gpio_init_raw.str1.1
                0x00000000400352e0       0x3f ext/built-in.o
                                         0x46 (size before relaxing)
 .rodata.mraa_gpio_init.str1.1
                0x000000004003531f       0x8d ext/built-in.o
                                         0x94 (size before relaxing)
 .rodata.__FUNCTION__.3740
                0x00000000400353ac       0x13 ext/built-in.o
 .rodata.mraa_spi_init.str1.1
                0x00000000400353bf       0x24 ext/built-in.o
                                         0x2a (size before relaxing)
 .rodata.mraa_intel_quark_se_devboard.str1.1
                0x00000000400353e3      0x598 ext/built-in.o
                                        0x59f (size before relaxing)
 .rodata.LoRaClass.str1.1
                0x000000004003597b       0x62 ext/built-in.o
 .rodata.readRegister.str1.1
                0x00000000400359dd       0x40 ext/built-in.o
 .rodata.dumpRegisters.str1.1
                0x0000000040035a1d        0xc ext/built-in.o
 .rodata.endPacket.str1.1
                0x0000000040035a29      0x147 ext/built-in.o
 .rodata.idle.str1.1
                0x0000000040035b70       0x23 ext/built-in.o
 .rodata.SX1276sleep.str1.1
                0x0000000040035b93       0x41 ext/built-in.o
 .rodata.setTxPower.part.1.str1.1
                0x0000000040035bd4       0x3d ext/built-in.o
 .rodata.setFrequency.str1.1
                0x0000000040035c11       0x33 ext/built-in.o
 .rodata.begin.str1.1
                0x0000000040035c44      0x153 ext/built-in.o
 .rodata.implicitHeaderMode.str1.1
                0x0000000040035d97       0x6c ext/built-in.o
 *fill*         0x0000000040035e03        0x1 
 .rodata.__FUNCTION__.3804
                0x0000000040035e04        0xa ext/built-in.o
 .rodata._arc_init.str1.1
                0x0000000040035e0e       0x1a arch/built-in.o
 .rodata.str1.1
                0x0000000040035e28        0x2 arch/built-in.o
 .rodata._SysFatalErrorHandler.str1.1
                0x0000000040035e28       0x5a arch/built-in.o
 .rodata._NanoFatalErrorHandler.str1.1
                0x0000000040035e82      0x138 arch/built-in.o
                                        0x13f (size before relaxing)
 .rodata.generic_exc_handle.str1.1
                0x0000000040035fba       0x34 arch/built-in.o
 *fill*         0x0000000040035fee       0x12 
 .rodata._default_esf
                0x0000000040036000       0x30 arch/built-in.o
                0x0000000040036000                _default_esf
 *fill*         0x0000000040036030       0x10 
 .rodata.config_levels
                0x0000000040036040       0x24 kernel/lib.a(device.o)
 .rodata._k_neg_eagain
                0x0000000040036064        0x4 kernel/lib.a(errno.o)
                0x0000000040036064                _k_neg_eagain
 .rodata._Cstart.str1.1
                0x0000000040036068       0x48 kernel/lib.a(init.o)
 .rodata.str1.1
                0x00000000400360b0        0x2 /opt/zephyr-sdk//sysroots/iamcu-zephyr-elfiamcu/usr/lib/./libc.a(lib_a-impure.o)
 .rodata.str1.1
                0x00000000400360b2       0x11 /opt/zephyr-sdk//sysroots/iamcu-zephyr-elfiamcu/usr/lib/./libc.a(lib_a-nano-vfprintf.o)
 .rodata.str1.1
                0x00000000400360c3       0x22 /opt/zephyr-sdk//sysroots/iamcu-zephyr-elfiamcu/usr/lib/./libc.a(lib_a-nano-vfprintf_i.o)
 *(.gnu.linkonce.r.*)
                0x00000000400360e8                . = ALIGN (0x8)
 *fill*         0x00000000400360e5        0x3 
                0x00000000400360e8                _idt_base_address = .
 *(staticIdt)
 staticIdt      0x00000000400360e8      0x800 staticIdt.o
                0x00000000400360e8                _binary_staticIdt_bin_start
                0x00000000400368e8                _binary_staticIdt_bin_end
                0x00000000400368e8                . = ALIGN (0x4)
                0x00000000400368e8                _irq_to_interrupt_vector = .
 *(irq_int_vector_map)
 irq_int_vector_map
                0x00000000400368e8       0x80 irq_int_vector_map.o
                0x00000000400368e8                _binary_irq_int_vector_map_bin_start
                0x0000000040036968                _binary_irq_int_vector_map_bin_end
                0x0000000040036968                _image_rom_end = .
                0x0000000040036968                __data_rom_start = ALIGN (0x4)

datas           0x00000000a8006400      0x2f4 load address 0x0000000040036968
                0x00000000a8006400                _image_ram_start = .
                0x00000000a8006400                __data_ram_start = .
 *(.top_of_image_ram)
 *(.top_of_image_ram.*)
 *(.data)
 .data          0x00000000a8006400      0x2b0 /opt/zephyr-sdk//sysroots/iamcu-zephyr-elfiamcu/usr/lib/./libc.a(lib_a-impure.o)
                0x00000000a8006400                _impure_ptr
 *(.data.*)
 .data.api_funcs
                0x00000000a80066b0       0x10 drivers/built-in.o
 .data._stdin_hook
                0x00000000a80066c0        0x4 lib/built-in.o
 .data._stdout_hook
                0x00000000a80066c4        0x4 lib/built-in.o
 .data._char_out
                0x00000000a80066c8        0x4 misc/built-in.o
                0x00000000a80066c8                _char_out
 .data.qm_gpio  0x00000000a80066cc        0x8 ext/built-in.o
                0x00000000a80066cc                qm_gpio
 .data.qm_uart  0x00000000a80066d4        0x8 ext/built-in.o
                0x00000000a80066d4                qm_uart
 .data.qm_spi_controllers
                0x00000000a80066dc        0xc ext/built-in.o
                0x00000000a80066dc                qm_spi_controllers
 .data._sys_idle_elapsed_ticks
                0x00000000a80066e8        0x4 kernel/lib.a(sys_clock.o)
                0x00000000a80066e8                _sys_idle_elapsed_ticks
 .data.sys_clock_hw_cycles_per_tick
                0x00000000a80066ec        0x4 kernel/lib.a(sys_clock.o)
                0x00000000a80066ec                sys_clock_hw_cycles_per_tick
 .data.sys_clock_us_per_tick
                0x00000000a80066f0        0x4 kernel/lib.a(sys_clock.o)
                0x00000000a80066f0                sys_clock_us_per_tick
                0x00000000a80066f4                . = ALIGN (0x4)

initlevel       0x00000000a80066f4       0xa8 load address 0x0000000040036c5c
                0x00000000a80066f4                __device_init_start = .
                0x00000000a80066f4                __device_PRE_KERNEL_1_start = .
 *(SORT(.init_PRE_KERNEL_1[0-9]))
 *(SORT(.init_PRE_KERNEL_1[1-9][0-9]))
 .init_PRE_KERNEL_140
                0x00000000a80066f4       0x18 drivers/built-in.o
 .init_PRE_KERNEL_140
                0x00000000a800670c        0xc arch/built-in.o
 .init_PRE_KERNEL_150
                0x00000000a8006718       0x18 drivers/built-in.o
 .init_PRE_KERNEL_160
                0x00000000a8006730        0xc drivers/built-in.o
                0x00000000a800673c                __device_PRE_KERNEL_2_start = .
 *(SORT(.init_PRE_KERNEL_2[0-9]))
 *(SORT(.init_PRE_KERNEL_2[1-9][0-9]))
                0x00000000a800673c                __device_POST_KERNEL_start = .
 *(SORT(.init_POST_KERNEL[0-9]))
 .init_POST_KERNEL0
                0x00000000a800673c        0xc drivers/built-in.o
 *(SORT(.init_POST_KERNEL[1-9][0-9]))
 .init_POST_KERNEL40
                0x00000000a8006748        0xc drivers/built-in.o
 .init_POST_KERNEL40
                0x00000000a8006754        0xc boards/built-in.o
 .init_POST_KERNEL40
                0x00000000a8006760        0xc arch/built-in.o
 .init_POST_KERNEL60
                0x00000000a800676c       0x18 drivers/built-in.o
 .init_POST_KERNEL70
                0x00000000a8006784       0x18 drivers/built-in.o
                0x00000000a800679c                __device_APPLICATION_start = .
 *(SORT(.init_APPLICATION[0-9]))
 *(SORT(.init_APPLICATION[1-9][0-9]))
                0x00000000a800679c                __device_PRIMARY_start = .
 *(SORT(.init_PRIMARY[0-9]))
 *(SORT(.init_PRIMARY[1-9][0-9]))
                0x00000000a800679c                __device_SECONDARY_start = .
 *(SORT(.init_SECONDARY[0-9]))
 *(SORT(.init_SECONDARY[1-9][0-9]))
                0x00000000a800679c                __device_NANOKERNEL_start = .
 *(SORT(.init_NANOKERNEL[0-9]))
 *(SORT(.init_NANOKERNEL[1-9][0-9]))
                0x00000000a800679c                __device_MICROKERNEL_start = .
 *(SORT(.init_MICROKERNEL[0-9]))
 *(SORT(.init_MICROKERNEL[1-9][0-9]))
                0x00000000a800679c                __device_init_end = .

initlevel_error
                0x0000000040036968        0x0
 *(SORT(.init_[_A-Z0-9]*))
                0x0000000000000001                ASSERT ((SIZEOF (initlevel_error) == 0x0), Undefined initialization levels used.)

initshell       0x00000000a800679c        0x0 load address 0x0000000040036d04
                0x00000000a800679c                __shell_cmd_start = .
 *(.shell_*)
                0x00000000a800679c                __shell_cmd_end = .

_static_thread_area
                0x00000000a800679c        0x0 load address 0x0000000040036d04
                0x00000000a800679c                _static_thread_data_list_start = .
 *(SORT(._static_thread_data.static.*))
                0x00000000a800679c                _static_thread_data_list_end = .

_k_timer_area   0x00000000a80067a0       0x34 load address 0x0000000040036d08
                0x00000000a80067a0                _k_timer_list_start = .
 *(SORT(._k_timer.static.*))
 ._k_timer.static.timer
                0x00000000a80067a0       0x34 ext/built-in.o
                0x00000000a80067a0                timer
                0x00000000a80067d4                _k_timer_list_end = .

_k_mem_slab_area
                0x00000000a80067d4        0x0 load address 0x0000000040036d3c
                0x00000000a80067d4                _k_mem_slab_list_start = .
 *(SORT(._k_mem_slab.static.*))
                0x00000000a80067d4                _k_mem_slab_list_end = .

_k_mem_pool_area
                0x00000000a80067d4        0x0 load address 0x0000000040036d3c
 *(SORT(._k_memory_pool.struct*))
                0x00000000a80067d4                _k_mem_pool_list_start = .
 *(SORT(._k_mem_pool.static.*))
                0x00000000a80067d4                _k_mem_pool_list_end = .

_k_sem_area     0x00000000a80067d4        0x0 load address 0x0000000040036d3c
                0x00000000a80067d4                _k_sem_list_start = .
 *(SORT(._k_sem.static.*))
                0x00000000a80067d4                _k_sem_list_end = .

_k_mutex_area   0x00000000a80067d4        0x0 load address 0x0000000040036d3c
                0x00000000a80067d4                _k_mutex_list_start = .
 *(SORT(._k_mutex.static.*))
                0x00000000a80067d4                _k_mutex_list_end = .

_k_alert_area   0x00000000a80067d4        0x0 load address 0x0000000040036d3c
                0x00000000a80067d4                _k_alert_list_start = .
 *(SORT(._k_alert.static.*))
                0x00000000a80067d4                _k_alert_list_end = .

_k_fifo_area    0x00000000a80067d4        0x0 load address 0x0000000040036d3c
                0x00000000a80067d4                _k_fifo_list_start = .
 *(SORT(._k_fifo.static.*))
                0x00000000a80067d4                _k_fifo_list_end = .

_k_lifo_area    0x00000000a80067d4        0x0 load address 0x0000000040036d3c
                0x00000000a80067d4                _k_lifo_list_start = .
 *(SORT(._k_lifo.static.*))
                0x00000000a80067d4                _k_lifo_list_end = .

_k_stack_area   0x00000000a80067d4        0x0 load address 0x0000000040036d3c
                0x00000000a80067d4                _k_stack_list_start = .
 *(SORT(._k_stack.static.*))
                0x00000000a80067d4                _k_stack_list_end = .

_k_msgq_area    0x00000000a80067d4        0x0 load address 0x0000000040036d3c
                0x00000000a80067d4                _k_msgq_list_start = .
 *(SORT(._k_msgq.static.*))
                0x00000000a80067d4                _k_msgq_list_end = .

_k_mbox_area    0x00000000a80067d4        0x0 load address 0x0000000040036d3c
                0x00000000a80067d4                _k_mbox_list_start = .
 *(SORT(._k_mbox.static.*))
                0x00000000a80067d4                _k_mbox_list_end = .

_k_pipe_area    0x00000000a80067d4        0x0 load address 0x0000000040036d3c
                0x00000000a80067d4                _k_pipe_list_start = .
 *(SORT(._k_pipe.static.*))
                0x00000000a80067d4                _k_pipe_list_end = .

_k_task_list    0x00000000a80067d4        0x0 load address 0x0000000040036d3c
                0x00000000a80067d4                _k_task_list_start = .
 *(._k_task_list.public.*)
 *(._k_task_list.private.*)
                0x00000000a80067d4                _k_task_list_idle_start = .
 *(._k_task_list.idle.*)
 *(SORT(._k_task_list*))
                0x00000000a80067d4                _k_task_list_end = .

_k_event_list   0x00000000a80067d4        0x0 load address 0x0000000040036d3c
                0x00000000a80067d4                _k_event_list_start = .
 *(._k_event_list.event.*)
 *(SORT(._k_event_list*))
                0x00000000a80067d4                _k_event_list_end = .

_k_memory_pool  0x00000000a80067d4        0x0 load address 0x0000000040036d3c
 *(._k_memory_pool.struct*)
 *(SORT(._k_memory_pool.struct*))
                0x00000000a80067d4                _k_mem_pool_start = .
 *(._k_memory_pool.*)
 *(SORT(._k_memory_pool*))
                0x00000000a80067d4                _k_mem_pool_end = .

net_if          0x00000000a80067d4        0x0 load address 0x0000000040036d3c
                0x00000000a80067d4                __net_if_start = .
 *(.net_if.*)
 *(SORT(.net_if*))
                0x00000000a80067d4                __net_if_end = .

net_l2_data     0x00000000a80067d4        0x0 load address 0x0000000040036d3c
                0x00000000a80067d4                __net_l2_data_start = .
 *(.net_l2.data)
 *(SORT(.net_l2.data*))
                0x00000000a80067d4                __net_l2_data_end = .
                0x00000000a80067d4                __data_ram_end = .

bss             0x00000000a80067e0     0x10d8
                0x00000000a80067e0                . = ALIGN (0x4)
                0x00000000a80067e0                __bss_start = .
 *(.bss)
 .bss           0x00000000a80067e0        0x8 /opt/zephyr-sdk//sysroots/iamcu-zephyr-elfiamcu/usr/lib/./libc.a(lib_a-nano-mallocr.o)
                0x00000000a80067e0                __malloc_sbrk_start
                0x00000000a80067e4                __malloc_free_list
 *(.bss.*)
 .bss.uart_console_dev
                0x00000000a80067e8        0x4 drivers/built-in.o
 .bss.drv_data_1
                0x00000000a80067ec        0x8 drivers/built-in.o
 .bss.drv_data_0
                0x00000000a80067f4        0x8 drivers/built-in.o
 .bss.accumulated_cycle_count
                0x00000000a80067fc        0x4 drivers/built-in.o
 .bss.spi_qmsi_mst_1_runtime
                0x00000000a8006800       0x40 drivers/built-in.o
 .bss.spi_qmsi_mst_0_runtime
                0x00000000a8006840       0x40 drivers/built-in.o
 .bss.pending_transfers
                0x00000000a8006880       0x54 drivers/built-in.o
 .bss.gpio_aon_runtime
                0x00000000a80068d4        0xc drivers/built-in.o
 .bss.gpio_0_runtime
                0x00000000a80068e0        0xc drivers/built-in.o
 .bss.heap_sz   0x00000000a80068ec        0x4 lib/built-in.o
 .bss.callback_data
                0x00000000a80068f0        0x8 ext/built-in.o
 .bss.callback  0x00000000a80068f8        0x8 ext/built-in.o
 .bss.frf       0x00000000a8006900        0xc ext/built-in.o
 .bss.tmode     0x00000000a800690c        0xc ext/built-in.o
 .bss.dfs       0x00000000a8006918        0x3 ext/built-in.o
 *fill*         0x00000000a800691b        0x1 
 .bss.rx_counter
                0x00000000a800691c        0x6 ext/built-in.o
 *fill*         0x00000000a8006922        0x2 
 .bss.tx_counter
                0x00000000a8006924        0x6 ext/built-in.o
 *fill*         0x00000000a800692a        0x2 
 .bss.spi_async_transfer
                0x00000000a800692c        0xc ext/built-in.o
 .bss.plat      0x00000000a8006938        0x4 ext/built-in.o
                0x00000000a8006938                plat
 *fill*         0x00000000a800693c        0x4 
 .bss._board    0x00000000a8006940      0xd48 ext/built-in.o
 *fill*         0x00000000a8007688       0x18 
 .bss._kernel   0x00000000a80076a0      0x11c kernel/lib.a(sched.o)
                0x00000000a80076a0                _kernel
 .bss._time_slice_prio_ceiling
                0x00000000a80077bc        0x4 kernel/lib.a(sys_clock.o)
                0x00000000a80077bc                _time_slice_prio_ceiling
 .bss._time_slice_duration
                0x00000000a80077c0        0x4 kernel/lib.a(sys_clock.o)
                0x00000000a80077c0                _time_slice_duration
 *(COMMON)
 *fill*         0x00000000a80077c4       0x1c 
 COMMON         0x00000000a80077e0       0xa4 ext/built-in.o
                0x00000000a80077e0                _internalgpios
                0x00000000a8007860                SX1276
 COMMON         0x00000000a8007884       0x20 arch/built-in.o
                0x00000000a8007884                _dummy_exception_vector_stub
                0x00000000a8007888                _pm_save_gdtr
                0x00000000a8007890                _pm_save_esp
                0x00000000a8007894                _pm_save_idtr
                0x00000000a800789c                sys_cache_line_size
                0x00000000a80078a0                _dummy_spurious_interrupt
 COMMON         0x00000000a80078a4       0x10 kernel/lib.a(sys_clock.o)
                0x00000000a80078a4                _handling_timeouts
                0x00000000a80078a8                _time_slice_elapsed
                0x00000000a80078ac                _sys_clock_tick_count
 COMMON         0x00000000a80078b4        0x4 /opt/zephyr-sdk//sysroots/iamcu-zephyr-elfiamcu/usr/lib/./libc.a(lib_a-reent.o)
                0x00000000a80078b4                errno
                0x00000000a80078b8                . = ALIGN (0x4)
                0x00000000a80078b8                __bss_end = .

noinit          0x00000000a80078b8      0xd04
 *(.noinit)
 *(.noinit.*)
 .noinit._FILE_PATH_HASH.0
                0x00000000a80078b8        0x4 drivers/built-in.o
 .noinit._FILE_PATH_HASH.2
                0x00000000a80078bc      0x800 kernel/lib.a(init.o)
                0x00000000a80078bc                _interrupt_stack
 .noinit._FILE_PATH_HASH.1
                0x00000000a80080bc      0x100 kernel/lib.a(init.o)
                0x00000000a80080bc                _idle_stack
 .noinit._FILE_PATH_HASH.0
                0x00000000a80081bc      0x400 kernel/lib.a(init.o)
                0x00000000a80081bc                _main_stack
 *(.bottom_of_image_ram)
 *(.bottom_of_image_ram.*)
                0x00000000a80085bc                _image_ram_end = .
                0x00000000a80085bc                _end = .
                0x00000000a8009000                . = ALIGN (0x1000)
                0x0000000000000436                __bss_num_words = ((__bss_end - __bss_start) >> 0x2)

intList         0x0000000000000800      0x19c
 *(.spurIsr)
 .spurIsr       0x0000000000000800        0x4 arch/built-in.o
                0x0000000000000800                __isr___SpuriousIntHandler
 *(.spurNoErrIsr)
 .spurNoErrIsr  0x0000000000000804        0x4 arch/built-in.o
                0x0000000000000804                __isr___SpuriousIntNoErrCodeHandler
                0x0000000000000808                __INT_LIST_START__ = .
                0x0000000000000808        0x4 LONG 0x14 ((__INT_LIST_END__ - __INT_LIST_START__) / 0x14)
 *(.intList)
 .intList       0x000000000000080c       0x64 drivers/built-in.o
 *(.gnu.linkonce.intList.*)
 .gnu.linkonce.intList.exc_0
                0x0000000000000870       0x14 arch/built-in.o
 .gnu.linkonce.intList.exc_2
                0x0000000000000884       0x14 arch/built-in.o
 .gnu.linkonce.intList.exc_4
                0x0000000000000898       0x14 arch/built-in.o
 .gnu.linkonce.intList.exc_5
                0x00000000000008ac       0x14 arch/built-in.o
 .gnu.linkonce.intList.exc_6
                0x00000000000008c0       0x14 arch/built-in.o
 .gnu.linkonce.intList.exc_7
                0x00000000000008d4       0x14 arch/built-in.o
 .gnu.linkonce.intList.exc_8
                0x00000000000008e8       0x14 arch/built-in.o
 .gnu.linkonce.intList.exc_10
                0x00000000000008fc       0x14 arch/built-in.o
 .gnu.linkonce.intList.exc_11
                0x0000000000000910       0x14 arch/built-in.o
 .gnu.linkonce.intList.exc_12
                0x0000000000000924       0x14 arch/built-in.o
 .gnu.linkonce.intList.exc_13
                0x0000000000000938       0x14 arch/built-in.o
 .gnu.linkonce.intList.exc_14
                0x000000000000094c       0x14 arch/built-in.o
 .gnu.linkonce.intList.exc_16
                0x0000000000000960       0x14 arch/built-in.o
 .gnu.linkonce.intList.exc_17
                0x0000000000000974       0x14 arch/built-in.o
 .gnu.linkonce.intList.exc_18
                0x0000000000000988       0x14 arch/built-in.o
                0x000000000000099c                __INT_LIST_END__ = .
                0x00000000000003d4                __data_size = (__data_ram_end - __data_ram_start)
                0x00000000000000f5                __data_num_words = ((__data_size + 0x3) >> 0x2)
OUTPUT(zephyr.elf elf32-iamcu)

.comment        0x0000000000000000       0x11
 .comment       0x0000000000000000       0x11 src/built-in.o
                                         0x12 (size before relaxing)
 .comment       0x0000000000000011       0xb4 drivers/built-in.o
 .comment       0x0000000000000011       0x12 lib/built-in.o
 .comment       0x0000000000000011       0x24 misc/built-in.o
 .comment       0x0000000000000011       0x24 boards/built-in.o
 .comment       0x0000000000000011       0xfc ext/built-in.o
 .comment       0x0000000000000011       0xc6 arch/built-in.o
 .comment       0x0000000000000011       0x12 kernel/lib.a(device.o)
 .comment       0x0000000000000011       0x12 kernel/lib.a(errno.o)
 .comment       0x0000000000000011       0x12 kernel/lib.a(init.o)
 .comment       0x0000000000000011       0x12 kernel/lib.a(sched.o)
 .comment       0x0000000000000011       0x12 kernel/lib.a(sem.o)
 .comment       0x0000000000000011       0x12 kernel/lib.a(sys_clock.o)
 .comment       0x0000000000000011       0x12 kernel/lib.a(thread.o)
 .comment       0x0000000000000011       0x12 kernel/lib.a(thread_abort.o)
 .comment       0x0000000000000011       0x12 kernel/lib.a(timer.o)
 .comment       0x0000000000000011       0x12 ./arch/x86/core/offsets/offsets.o
 .comment       0x0000000000000011       0x12 /opt/zephyr-sdk//sysroots/iamcu-zephyr-elfiamcu/usr/lib/./libc.a(lib_a-malloc.o)
 .comment       0x0000000000000011       0x12 /opt/zephyr-sdk//sysroots/iamcu-zephyr-elfiamcu/usr/lib/./libc.a(lib_a-nano-freer.o)
 .comment       0x0000000000000011       0x12 /opt/zephyr-sdk//sysroots/iamcu-zephyr-elfiamcu/usr/lib/./libc.a(lib_a-nano-mallocr.o)
 .comment       0x0000000000000011       0x12 /opt/zephyr-sdk//sysroots/iamcu-zephyr-elfiamcu/usr/lib/./libc.a(lib_a-printf.o)
 .comment       0x0000000000000011       0x12 /opt/zephyr-sdk//sysroots/iamcu-zephyr-elfiamcu/usr/lib/./libc.a(lib_a-sbrkr.o)
 .comment       0x0000000000000011       0x12 /opt/zephyr-sdk//sysroots/iamcu-zephyr-elfiamcu/usr/lib/./libc.a(lib_a-strcmp.o)
 .comment       0x0000000000000011       0x12 /opt/zephyr-sdk//sysroots/iamcu-zephyr-elfiamcu/usr/lib/./libc.a(lib_a-getreent.o)
 .comment       0x0000000000000011       0x12 /opt/zephyr-sdk//sysroots/iamcu-zephyr-elfiamcu/usr/lib/./libc.a(lib_a-impure.o)
 .comment       0x0000000000000011       0x12 /opt/zephyr-sdk//sysroots/iamcu-zephyr-elfiamcu/usr/lib/./libc.a(lib_a-nano-vfprintf.o)
 .comment       0x0000000000000011       0x12 /opt/zephyr-sdk//sysroots/iamcu-zephyr-elfiamcu/usr/lib/./libc.a(lib_a-reent.o)
 .comment       0x0000000000000011       0x12 /opt/zephyr-sdk//sysroots/iamcu-zephyr-elfiamcu/usr/lib/./libc.a(lib_a-wbuf.o)
 .comment       0x0000000000000011       0x12 /opt/zephyr-sdk//sysroots/iamcu-zephyr-elfiamcu/usr/lib/./libc.a(lib_a-wsetup.o)
 .comment       0x0000000000000011       0x12 /opt/zephyr-sdk//sysroots/iamcu-zephyr-elfiamcu/usr/lib/./libc.a(lib_a-fflush.o)
 .comment       0x0000000000000011       0x12 /opt/zephyr-sdk//sysroots/iamcu-zephyr-elfiamcu/usr/lib/./libc.a(lib_a-findfp.o)
 .comment       0x0000000000000011       0x12 /opt/zephyr-sdk//sysroots/iamcu-zephyr-elfiamcu/usr/lib/./libc.a(lib_a-fwalk.o)
 .comment       0x0000000000000011       0x12 /opt/zephyr-sdk//sysroots/iamcu-zephyr-elfiamcu/usr/lib/./libc.a(lib_a-makebuf.o)
 .comment       0x0000000000000011       0x12 /opt/zephyr-sdk//sysroots/iamcu-zephyr-elfiamcu/usr/lib/./libc.a(lib_a-nano-vfprintf_i.o)
 .comment       0x0000000000000011       0x12 /opt/zephyr-sdk//sysroots/iamcu-zephyr-elfiamcu/usr/lib/./libc.a(lib_a-stdio.o)
 .comment       0x0000000000000011       0x12 /opt/zephyr-sdk//sysroots/iamcu-zephyr-elfiamcu/usr/lib/./libc.a(lib_a-writer.o)
 .comment       0x0000000000000011       0x12 /opt/zephyr-sdk//sysroots/iamcu-zephyr-elfiamcu/usr/lib/./libc.a(lib_a-closer.o)
 .comment       0x0000000000000011       0x12 /opt/zephyr-sdk//sysroots/iamcu-zephyr-elfiamcu/usr/lib/./libc.a(lib_a-fstatr.o)
 .comment       0x0000000000000011       0x12 /opt/zephyr-sdk//sysroots/iamcu-zephyr-elfiamcu/usr/lib/./libc.a(lib_a-isattyr.o)
 .comment       0x0000000000000011       0x12 /opt/zephyr-sdk//sysroots/iamcu-zephyr-elfiamcu/usr/lib/./libc.a(lib_a-lseekr.o)
 .comment       0x0000000000000011       0x12 /opt/zephyr-sdk//sysroots/iamcu-zephyr-elfiamcu/usr/lib/./libc.a(lib_a-readr.o)
 .comment       0x0000000000000011       0x12 /opt/zephyr-sdk//sysroots/iamcu-zephyr-elfiamcu/usr/lib/i586-zephyr-elfiamcu/6.2.0/libgcc.a(_udivdi3.o)
 .comment       0x0000000000000011       0x12 /opt/zephyr-sdk//sysroots/iamcu-zephyr-elfiamcu/usr/lib/i586-zephyr-elfiamcu/6.2.0/libgcc.a(ledf2.o)
 .comment       0x0000000000000011       0x12 /opt/zephyr-sdk//sysroots/iamcu-zephyr-elfiamcu/usr/lib/i586-zephyr-elfiamcu/6.2.0/libgcc.a(floatsidf.o)

.debug_aranges  0x0000000000000000     0x16b8
 .debug_aranges
                0x0000000000000000       0x28 src/built-in.o
 .debug_aranges
                0x0000000000000028      0x2b8 drivers/built-in.o
 .debug_aranges
                0x00000000000002e0       0x90 lib/built-in.o
 .debug_aranges
                0x0000000000000370       0x88 misc/built-in.o
 .debug_aranges
                0x00000000000003f8       0x48 boards/built-in.o
 .debug_aranges
                0x0000000000000440      0x728 ext/built-in.o
 .debug_aranges
                0x0000000000000b68      0x318 arch/built-in.o
 .debug_aranges
                0x0000000000000e80       0x38 kernel/lib.a(device.o)
 .debug_aranges
                0x0000000000000eb8       0x28 kernel/lib.a(errno.o)
 .debug_aranges
                0x0000000000000ee0       0x50 kernel/lib.a(init.o)
 .debug_aranges
                0x0000000000000f30       0xc0 kernel/lib.a(sched.o)
 .debug_aranges
                0x0000000000000ff0       0x58 kernel/lib.a(sem.o)
 .debug_aranges
                0x0000000000001048       0x68 kernel/lib.a(sys_clock.o)
 .debug_aranges
                0x00000000000010b0       0xd8 kernel/lib.a(thread.o)
 .debug_aranges
                0x0000000000001188       0x30 kernel/lib.a(thread_abort.o)
 .debug_aranges
                0x00000000000011b8       0x70 kernel/lib.a(timer.o)
 .debug_aranges
                0x0000000000001228       0x28 ./arch/x86/core/offsets/offsets.o
 .debug_aranges
                0x0000000000001250       0x28 /opt/zephyr-sdk//sysroots/iamcu-zephyr-elfiamcu/usr/lib/./libc.a(lib_a-malloc.o)
 .debug_aranges
                0x0000000000001278       0x20 /opt/zephyr-sdk//sysroots/iamcu-zephyr-elfiamcu/usr/lib/./libc.a(lib_a-memset.o)
 .debug_aranges
                0x0000000000001298       0x20 /opt/zephyr-sdk//sysroots/iamcu-zephyr-elfiamcu/usr/lib/./libc.a(lib_a-nano-freer.o)
 .debug_aranges
                0x00000000000012b8       0x20 /opt/zephyr-sdk//sysroots/iamcu-zephyr-elfiamcu/usr/lib/./libc.a(lib_a-nano-mallocr.o)
 .debug_aranges
                0x00000000000012d8       0x28 /opt/zephyr-sdk//sysroots/iamcu-zephyr-elfiamcu/usr/lib/./libc.a(lib_a-printf.o)
 .debug_aranges
                0x0000000000001300       0x20 /opt/zephyr-sdk//sysroots/iamcu-zephyr-elfiamcu/usr/lib/./libc.a(lib_a-sbrkr.o)
 .debug_aranges
                0x0000000000001320       0x20 /opt/zephyr-sdk//sysroots/iamcu-zephyr-elfiamcu/usr/lib/./libc.a(lib_a-strcmp.o)
 .debug_aranges
                0x0000000000001340       0x20 /opt/zephyr-sdk//sysroots/iamcu-zephyr-elfiamcu/usr/lib/./libc.a(lib_a-getreent.o)
 .debug_aranges
                0x0000000000001360       0x18 /opt/zephyr-sdk//sysroots/iamcu-zephyr-elfiamcu/usr/lib/./libc.a(lib_a-impure.o)
 .debug_aranges
                0x0000000000001378       0x40 /opt/zephyr-sdk//sysroots/iamcu-zephyr-elfiamcu/usr/lib/./libc.a(lib_a-nano-vfprintf.o)
 .debug_aranges
                0x00000000000013b8       0x28 /opt/zephyr-sdk//sysroots/iamcu-zephyr-elfiamcu/usr/lib/./libc.a(lib_a-reent.o)
 .debug_aranges
                0x00000000000013e0       0x28 /opt/zephyr-sdk//sysroots/iamcu-zephyr-elfiamcu/usr/lib/./libc.a(lib_a-wbuf.o)
 .debug_aranges
                0x0000000000001408       0x20 /opt/zephyr-sdk//sysroots/iamcu-zephyr-elfiamcu/usr/lib/./libc.a(lib_a-wsetup.o)
 .debug_aranges
                0x0000000000001428       0x30 /opt/zephyr-sdk//sysroots/iamcu-zephyr-elfiamcu/usr/lib/./libc.a(lib_a-fflush.o)
 .debug_aranges
                0x0000000000001458       0x68 /opt/zephyr-sdk//sysroots/iamcu-zephyr-elfiamcu/usr/lib/./libc.a(lib_a-findfp.o)
 .debug_aranges
                0x00000000000014c0       0x28 /opt/zephyr-sdk//sysroots/iamcu-zephyr-elfiamcu/usr/lib/./libc.a(lib_a-fwalk.o)
 .debug_aranges
                0x00000000000014e8       0x28 /opt/zephyr-sdk//sysroots/iamcu-zephyr-elfiamcu/usr/lib/./libc.a(lib_a-makebuf.o)
 .debug_aranges
                0x0000000000001510       0x20 /opt/zephyr-sdk//sysroots/iamcu-zephyr-elfiamcu/usr/lib/./libc.a(lib_a-memchr.o)
 .debug_aranges
                0x0000000000001530       0x28 /opt/zephyr-sdk//sysroots/iamcu-zephyr-elfiamcu/usr/lib/./libc.a(lib_a-nano-vfprintf_i.o)
 .debug_aranges
                0x0000000000001558       0x40 /opt/zephyr-sdk//sysroots/iamcu-zephyr-elfiamcu/usr/lib/./libc.a(lib_a-stdio.o)
 .debug_aranges
                0x0000000000001598       0x20 /opt/zephyr-sdk//sysroots/iamcu-zephyr-elfiamcu/usr/lib/./libc.a(lib_a-writer.o)
 .debug_aranges
                0x00000000000015b8       0x20 /opt/zephyr-sdk//sysroots/iamcu-zephyr-elfiamcu/usr/lib/./libc.a(lib_a-closer.o)
 .debug_aranges
                0x00000000000015d8       0x20 /opt/zephyr-sdk//sysroots/iamcu-zephyr-elfiamcu/usr/lib/./libc.a(lib_a-fstatr.o)
 .debug_aranges
                0x00000000000015f8       0x20 /opt/zephyr-sdk//sysroots/iamcu-zephyr-elfiamcu/usr/lib/./libc.a(lib_a-isattyr.o)
 .debug_aranges
                0x0000000000001618       0x20 /opt/zephyr-sdk//sysroots/iamcu-zephyr-elfiamcu/usr/lib/./libc.a(lib_a-lseekr.o)
 .debug_aranges
                0x0000000000001638       0x20 /opt/zephyr-sdk//sysroots/iamcu-zephyr-elfiamcu/usr/lib/./libc.a(lib_a-readr.o)
 .debug_aranges
                0x0000000000001658       0x20 /opt/zephyr-sdk//sysroots/iamcu-zephyr-elfiamcu/usr/lib/i586-zephyr-elfiamcu/6.2.0/libgcc.a(_udivdi3.o)
 .debug_aranges
                0x0000000000001678       0x20 /opt/zephyr-sdk//sysroots/iamcu-zephyr-elfiamcu/usr/lib/i586-zephyr-elfiamcu/6.2.0/libgcc.a(ledf2.o)
 .debug_aranges
                0x0000000000001698       0x20 /opt/zephyr-sdk//sysroots/iamcu-zephyr-elfiamcu/usr/lib/i586-zephyr-elfiamcu/6.2.0/libgcc.a(floatsidf.o)

.debug_info     0x0000000000000000    0x59df7
 .debug_info    0x0000000000000000      0xd0a src/built-in.o
 .debug_info    0x0000000000000d0a     0xfd61 drivers/built-in.o
 .debug_info    0x0000000000010a6b     0x109f lib/built-in.o
 .debug_info    0x0000000000011b0a      0x735 misc/built-in.o
 .debug_info    0x000000000001223f     0x1836 boards/built-in.o
 .debug_info    0x0000000000013a75    0x1adee ext/built-in.o
 .debug_info    0x000000000002e863     0xaf5f arch/built-in.o
 .debug_info    0x00000000000397c2      0xdc6 kernel/lib.a(device.o)
 .debug_info    0x000000000003a588      0xee9 kernel/lib.a(errno.o)
 .debug_info    0x000000000003b471     0x1494 kernel/lib.a(init.o)
 .debug_info    0x000000000003c905     0x22da kernel/lib.a(sched.o)
 .debug_info    0x000000000003ebdf     0x18e2 kernel/lib.a(sem.o)
 .debug_info    0x00000000000404c1     0x1cf6 kernel/lib.a(sys_clock.o)
 .debug_info    0x00000000000421b7     0x2377 kernel/lib.a(thread.o)
 .debug_info    0x000000000004452e     0x1005 kernel/lib.a(thread_abort.o)
 .debug_info    0x0000000000045533     0x1f86 kernel/lib.a(timer.o)
 .debug_info    0x00000000000474b9      0xece ./arch/x86/core/offsets/offsets.o
 .debug_info    0x0000000000048387      0x930 /opt/zephyr-sdk//sysroots/iamcu-zephyr-elfiamcu/usr/lib/./libc.a(lib_a-malloc.o)
 .debug_info    0x0000000000048cb7       0xb5 /opt/zephyr-sdk//sysroots/iamcu-zephyr-elfiamcu/usr/lib/./libc.a(lib_a-memset.o)
 .debug_info    0x0000000000048d6c      0xa46 /opt/zephyr-sdk//sysroots/iamcu-zephyr-elfiamcu/usr/lib/./libc.a(lib_a-nano-freer.o)
 .debug_info    0x00000000000497b2      0xb15 /opt/zephyr-sdk//sysroots/iamcu-zephyr-elfiamcu/usr/lib/./libc.a(lib_a-nano-mallocr.o)
 .debug_info    0x000000000004a2c7      0xb6a /opt/zephyr-sdk//sysroots/iamcu-zephyr-elfiamcu/usr/lib/./libc.a(lib_a-printf.o)
 .debug_info    0x000000000004ae31      0x94a /opt/zephyr-sdk//sysroots/iamcu-zephyr-elfiamcu/usr/lib/./libc.a(lib_a-sbrkr.o)
 .debug_info    0x000000000004b77b      0x8a8 /opt/zephyr-sdk//sysroots/iamcu-zephyr-elfiamcu/usr/lib/./libc.a(lib_a-strcmp.o)
 .debug_info    0x000000000004c023      0x88c /opt/zephyr-sdk//sysroots/iamcu-zephyr-elfiamcu/usr/lib/./libc.a(lib_a-getreent.o)
 .debug_info    0x000000000004c8af      0x895 /opt/zephyr-sdk//sysroots/iamcu-zephyr-elfiamcu/usr/lib/./libc.a(lib_a-impure.o)
 .debug_info    0x000000000004d144     0x112b /opt/zephyr-sdk//sysroots/iamcu-zephyr-elfiamcu/usr/lib/./libc.a(lib_a-nano-vfprintf.o)
 .debug_info    0x000000000004e26f      0x9d0 /opt/zephyr-sdk//sysroots/iamcu-zephyr-elfiamcu/usr/lib/./libc.a(lib_a-reent.o)
 .debug_info    0x000000000004ec3f      0xbda /opt/zephyr-sdk//sysroots/iamcu-zephyr-elfiamcu/usr/lib/./libc.a(lib_a-wbuf.o)
 .debug_info    0x000000000004f819      0xb4f /opt/zephyr-sdk//sysroots/iamcu-zephyr-elfiamcu/usr/lib/./libc.a(lib_a-wsetup.o)
 .debug_info    0x0000000000050368      0xc95 /opt/zephyr-sdk//sysroots/iamcu-zephyr-elfiamcu/usr/lib/./libc.a(lib_a-fflush.o)
 .debug_info    0x0000000000050ffd      0xef7 /opt/zephyr-sdk//sysroots/iamcu-zephyr-elfiamcu/usr/lib/./libc.a(lib_a-findfp.o)
 .debug_info    0x0000000000051ef4      0xbc4 /opt/zephyr-sdk//sysroots/iamcu-zephyr-elfiamcu/usr/lib/./libc.a(lib_a-fwalk.o)
 .debug_info    0x0000000000052ab8      0xdd3 /opt/zephyr-sdk//sysroots/iamcu-zephyr-elfiamcu/usr/lib/./libc.a(lib_a-makebuf.o)
 .debug_info    0x000000000005388b       0xb5 /opt/zephyr-sdk//sysroots/iamcu-zephyr-elfiamcu/usr/lib/./libc.a(lib_a-memchr.o)
 .debug_info    0x0000000000053940      0xf90 /opt/zephyr-sdk//sysroots/iamcu-zephyr-elfiamcu/usr/lib/./libc.a(lib_a-nano-vfprintf_i.o)
 .debug_info    0x00000000000548d0      0xd2b /opt/zephyr-sdk//sysroots/iamcu-zephyr-elfiamcu/usr/lib/./libc.a(lib_a-stdio.o)
 .debug_info    0x00000000000555fb      0x971 /opt/zephyr-sdk//sysroots/iamcu-zephyr-elfiamcu/usr/lib/./libc.a(lib_a-writer.o)
 .debug_info    0x0000000000055f6c      0x929 /opt/zephyr-sdk//sysroots/iamcu-zephyr-elfiamcu/usr/lib/./libc.a(lib_a-closer.o)
 .debug_info    0x0000000000056895      0xad8 /opt/zephyr-sdk//sysroots/iamcu-zephyr-elfiamcu/usr/lib/./libc.a(lib_a-fstatr.o)
 .debug_info    0x000000000005736d      0x929 /opt/zephyr-sdk//sysroots/iamcu-zephyr-elfiamcu/usr/lib/./libc.a(lib_a-isattyr.o)
 .debug_info    0x0000000000057c96      0x954 /opt/zephyr-sdk//sysroots/iamcu-zephyr-elfiamcu/usr/lib/./libc.a(lib_a-lseekr.o)
 .debug_info    0x00000000000585ea      0x96a /opt/zephyr-sdk//sysroots/iamcu-zephyr-elfiamcu/usr/lib/./libc.a(lib_a-readr.o)
 .debug_info    0x0000000000058f54      0xa16 /opt/zephyr-sdk//sysroots/iamcu-zephyr-elfiamcu/usr/lib/i586-zephyr-elfiamcu/6.2.0/libgcc.a(_udivdi3.o)
 .debug_info    0x000000000005996a      0x25f /opt/zephyr-sdk//sysroots/iamcu-zephyr-elfiamcu/usr/lib/i586-zephyr-elfiamcu/6.2.0/libgcc.a(ledf2.o)
 .debug_info    0x0000000000059bc9      0x22e /opt/zephyr-sdk//sysroots/iamcu-zephyr-elfiamcu/usr/lib/i586-zephyr-elfiamcu/6.2.0/libgcc.a(floatsidf.o)

.debug_abbrev   0x0000000000000000     0xdc2e
 .debug_abbrev  0x0000000000000000      0x233 src/built-in.o
 .debug_abbrev  0x0000000000000233     0x204e drivers/built-in.o
 .debug_abbrev  0x0000000000002281      0x333 lib/built-in.o
 .debug_abbrev  0x00000000000025b4      0x382 misc/built-in.o
 .debug_abbrev  0x0000000000002936      0x45f boards/built-in.o
 .debug_abbrev  0x0000000000002d95     0x31dc ext/built-in.o
 .debug_abbrev  0x0000000000005f71     0x1a69 arch/built-in.o
 .debug_abbrev  0x00000000000079da      0x2cc kernel/lib.a(device.o)
 .debug_abbrev  0x0000000000007ca6      0x205 kernel/lib.a(errno.o)
 .debug_abbrev  0x0000000000007eab      0x43a kernel/lib.a(init.o)
 .debug_abbrev  0x00000000000082e5      0x5a7 kernel/lib.a(sched.o)
 .debug_abbrev  0x000000000000888c      0x4ac kernel/lib.a(sem.o)
 .debug_abbrev  0x0000000000008d38      0x46f kernel/lib.a(sys_clock.o)
 .debug_abbrev  0x00000000000091a7      0x5b4 kernel/lib.a(thread.o)
 .debug_abbrev  0x000000000000975b      0x2ba kernel/lib.a(thread_abort.o)
 .debug_abbrev  0x0000000000009a15      0x4fc kernel/lib.a(timer.o)
 .debug_abbrev  0x0000000000009f11      0x1f2 ./arch/x86/core/offsets/offsets.o
 .debug_abbrev  0x000000000000a103      0x212 /opt/zephyr-sdk//sysroots/iamcu-zephyr-elfiamcu/usr/lib/./libc.a(lib_a-malloc.o)
 .debug_abbrev  0x000000000000a315       0x14 /opt/zephyr-sdk//sysroots/iamcu-zephyr-elfiamcu/usr/lib/./libc.a(lib_a-memset.o)
 .debug_abbrev  0x000000000000a329      0x225 /opt/zephyr-sdk//sysroots/iamcu-zephyr-elfiamcu/usr/lib/./libc.a(lib_a-nano-freer.o)
 .debug_abbrev  0x000000000000a54e      0x2b1 /opt/zephyr-sdk//sysroots/iamcu-zephyr-elfiamcu/usr/lib/./libc.a(lib_a-nano-mallocr.o)
 .debug_abbrev  0x000000000000a7ff      0x256 /opt/zephyr-sdk//sysroots/iamcu-zephyr-elfiamcu/usr/lib/./libc.a(lib_a-printf.o)
 .debug_abbrev  0x000000000000aa55      0x20c /opt/zephyr-sdk//sysroots/iamcu-zephyr-elfiamcu/usr/lib/./libc.a(lib_a-sbrkr.o)
 .debug_abbrev  0x000000000000ac61      0x19e /opt/zephyr-sdk//sysroots/iamcu-zephyr-elfiamcu/usr/lib/./libc.a(lib_a-strcmp.o)
 .debug_abbrev  0x000000000000adff      0x18f /opt/zephyr-sdk//sysroots/iamcu-zephyr-elfiamcu/usr/lib/./libc.a(lib_a-getreent.o)
 .debug_abbrev  0x000000000000af8e      0x189 /opt/zephyr-sdk//sysroots/iamcu-zephyr-elfiamcu/usr/lib/./libc.a(lib_a-impure.o)
 .debug_abbrev  0x000000000000b117      0x306 /opt/zephyr-sdk//sysroots/iamcu-zephyr-elfiamcu/usr/lib/./libc.a(lib_a-nano-vfprintf.o)
 .debug_abbrev  0x000000000000b41d      0x25e /opt/zephyr-sdk//sysroots/iamcu-zephyr-elfiamcu/usr/lib/./libc.a(lib_a-reent.o)
 .debug_abbrev  0x000000000000b67b      0x279 /opt/zephyr-sdk//sysroots/iamcu-zephyr-elfiamcu/usr/lib/./libc.a(lib_a-wbuf.o)
 .debug_abbrev  0x000000000000b8f4      0x242 /opt/zephyr-sdk//sysroots/iamcu-zephyr-elfiamcu/usr/lib/./libc.a(lib_a-wsetup.o)
 .debug_abbrev  0x000000000000bb36      0x2c6 /opt/zephyr-sdk//sysroots/iamcu-zephyr-elfiamcu/usr/lib/./libc.a(lib_a-fflush.o)
 .debug_abbrev  0x000000000000bdfc      0x379 /opt/zephyr-sdk//sysroots/iamcu-zephyr-elfiamcu/usr/lib/./libc.a(lib_a-findfp.o)
 .debug_abbrev  0x000000000000c175      0x20d /opt/zephyr-sdk//sysroots/iamcu-zephyr-elfiamcu/usr/lib/./libc.a(lib_a-fwalk.o)
 .debug_abbrev  0x000000000000c382      0x2dd /opt/zephyr-sdk//sysroots/iamcu-zephyr-elfiamcu/usr/lib/./libc.a(lib_a-makebuf.o)
 .debug_abbrev  0x000000000000c65f       0x14 /opt/zephyr-sdk//sysroots/iamcu-zephyr-elfiamcu/usr/lib/./libc.a(lib_a-memchr.o)
 .debug_abbrev  0x000000000000c673      0x2cd /opt/zephyr-sdk//sysroots/iamcu-zephyr-elfiamcu/usr/lib/./libc.a(lib_a-nano-vfprintf_i.o)
 .debug_abbrev  0x000000000000c940      0x26d /opt/zephyr-sdk//sysroots/iamcu-zephyr-elfiamcu/usr/lib/./libc.a(lib_a-stdio.o)
 .debug_abbrev  0x000000000000cbad      0x1fc /opt/zephyr-sdk//sysroots/iamcu-zephyr-elfiamcu/usr/lib/./libc.a(lib_a-writer.o)
 .debug_abbrev  0x000000000000cda9      0x1e8 /opt/zephyr-sdk//sysroots/iamcu-zephyr-elfiamcu/usr/lib/./libc.a(lib_a-closer.o)
 .debug_abbrev  0x000000000000cf91      0x1f7 /opt/zephyr-sdk//sysroots/iamcu-zephyr-elfiamcu/usr/lib/./libc.a(lib_a-fstatr.o)
 .debug_abbrev  0x000000000000d188      0x1e8 /opt/zephyr-sdk//sysroots/iamcu-zephyr-elfiamcu/usr/lib/./libc.a(lib_a-isattyr.o)
 .debug_abbrev  0x000000000000d370      0x1f7 /opt/zephyr-sdk//sysroots/iamcu-zephyr-elfiamcu/usr/lib/./libc.a(lib_a-lseekr.o)
 .debug_abbrev  0x000000000000d567      0x1f7 /opt/zephyr-sdk//sysroots/iamcu-zephyr-elfiamcu/usr/lib/./libc.a(lib_a-readr.o)
 .debug_abbrev  0x000000000000d75e      0x205 /opt/zephyr-sdk//sysroots/iamcu-zephyr-elfiamcu/usr/lib/i586-zephyr-elfiamcu/6.2.0/libgcc.a(_udivdi3.o)
 .debug_abbrev  0x000000000000d963      0x173 /opt/zephyr-sdk//sysroots/iamcu-zephyr-elfiamcu/usr/lib/i586-zephyr-elfiamcu/6.2.0/libgcc.a(ledf2.o)
 .debug_abbrev  0x000000000000dad6      0x158 /opt/zephyr-sdk//sysroots/iamcu-zephyr-elfiamcu/usr/lib/i586-zephyr-elfiamcu/6.2.0/libgcc.a(floatsidf.o)

.debug_line     0x0000000000000000     0xf8d7
 .debug_line    0x0000000000000000      0x320 src/built-in.o
 .debug_line    0x0000000000000320     0x23ff drivers/built-in.o
 .debug_line    0x000000000000271f      0x3b3 lib/built-in.o
 .debug_line    0x0000000000002ad2      0x2ec misc/built-in.o
 .debug_line    0x0000000000002dbe      0x4e5 boards/built-in.o
 .debug_line    0x00000000000032a3     0x3d54 ext/built-in.o
 .debug_line    0x0000000000006ff7     0x24ef arch/built-in.o
 .debug_line    0x00000000000094e6      0x2fd kernel/lib.a(device.o)
 .debug_line    0x00000000000097e3      0x2f0 kernel/lib.a(errno.o)
 .debug_line    0x0000000000009ad3      0x45f kernel/lib.a(init.o)
 .debug_line    0x0000000000009f32      0x748 kernel/lib.a(sched.o)
 .debug_line    0x000000000000a67a      0x4b8 kernel/lib.a(sem.o)
 .debug_line    0x000000000000ab32      0x5da kernel/lib.a(sys_clock.o)
 .debug_line    0x000000000000b10c      0x7a6 kernel/lib.a(thread.o)
 .debug_line    0x000000000000b8b2      0x34a kernel/lib.a(thread_abort.o)
 .debug_line    0x000000000000bbfc      0x665 kernel/lib.a(timer.o)
 .debug_line    0x000000000000c261      0x344 ./arch/x86/core/offsets/offsets.o
 .debug_line    0x000000000000c5a5      0x19e /opt/zephyr-sdk//sysroots/iamcu-zephyr-elfiamcu/usr/lib/./libc.a(lib_a-malloc.o)
 .debug_line    0x000000000000c743       0x6c /opt/zephyr-sdk//sysroots/iamcu-zephyr-elfiamcu/usr/lib/./libc.a(lib_a-memset.o)
 .debug_line    0x000000000000c7af      0x177 /opt/zephyr-sdk//sysroots/iamcu-zephyr-elfiamcu/usr/lib/./libc.a(lib_a-nano-freer.o)
 .debug_line    0x000000000000c926      0x1d0 /opt/zephyr-sdk//sysroots/iamcu-zephyr-elfiamcu/usr/lib/./libc.a(lib_a-nano-mallocr.o)
 .debug_line    0x000000000000caf6      0x1bf /opt/zephyr-sdk//sysroots/iamcu-zephyr-elfiamcu/usr/lib/./libc.a(lib_a-printf.o)
 .debug_line    0x000000000000ccb5      0x18e /opt/zephyr-sdk//sysroots/iamcu-zephyr-elfiamcu/usr/lib/./libc.a(lib_a-sbrkr.o)
 .debug_line    0x000000000000ce43      0x187 /opt/zephyr-sdk//sysroots/iamcu-zephyr-elfiamcu/usr/lib/./libc.a(lib_a-strcmp.o)
 .debug_line    0x000000000000cfca      0x12f /opt/zephyr-sdk//sysroots/iamcu-zephyr-elfiamcu/usr/lib/./libc.a(lib_a-getreent.o)
 .debug_line    0x000000000000d0f9      0x11d /opt/zephyr-sdk//sysroots/iamcu-zephyr-elfiamcu/usr/lib/./libc.a(lib_a-impure.o)
 .debug_line    0x000000000000d216      0x379 /opt/zephyr-sdk//sysroots/iamcu-zephyr-elfiamcu/usr/lib/./libc.a(lib_a-nano-vfprintf.o)
 .debug_line    0x000000000000d58f      0x1af /opt/zephyr-sdk//sysroots/iamcu-zephyr-elfiamcu/usr/lib/./libc.a(lib_a-reent.o)
 .debug_line    0x000000000000d73e      0x1ff /opt/zephyr-sdk//sysroots/iamcu-zephyr-elfiamcu/usr/lib/./libc.a(lib_a-wbuf.o)
 .debug_line    0x000000000000d93d      0x1ee /opt/zephyr-sdk//sysroots/iamcu-zephyr-elfiamcu/usr/lib/./libc.a(lib_a-wsetup.o)
 .debug_line    0x000000000000db2b      0x26b /opt/zephyr-sdk//sysroots/iamcu-zephyr-elfiamcu/usr/lib/./libc.a(lib_a-fflush.o)
 .debug_line    0x000000000000dd96      0x2bd /opt/zephyr-sdk//sysroots/iamcu-zephyr-elfiamcu/usr/lib/./libc.a(lib_a-findfp.o)
 .debug_line    0x000000000000e053      0x208 /opt/zephyr-sdk//sysroots/iamcu-zephyr-elfiamcu/usr/lib/./libc.a(lib_a-fwalk.o)
 .debug_line    0x000000000000e25b      0x223 /opt/zephyr-sdk//sysroots/iamcu-zephyr-elfiamcu/usr/lib/./libc.a(lib_a-makebuf.o)
 .debug_line    0x000000000000e47e       0x73 /opt/zephyr-sdk//sysroots/iamcu-zephyr-elfiamcu/usr/lib/./libc.a(lib_a-memchr.o)
 .debug_line    0x000000000000e4f1      0x3a2 /opt/zephyr-sdk//sysroots/iamcu-zephyr-elfiamcu/usr/lib/./libc.a(lib_a-nano-vfprintf_i.o)
 .debug_line    0x000000000000e893      0x215 /opt/zephyr-sdk//sysroots/iamcu-zephyr-elfiamcu/usr/lib/./libc.a(lib_a-stdio.o)
 .debug_line    0x000000000000eaa8      0x190 /opt/zephyr-sdk//sysroots/iamcu-zephyr-elfiamcu/usr/lib/./libc.a(lib_a-writer.o)
 .debug_line    0x000000000000ec38      0x18f /opt/zephyr-sdk//sysroots/iamcu-zephyr-elfiamcu/usr/lib/./libc.a(lib_a-closer.o)
 .debug_line    0x000000000000edc7      0x1bc /opt/zephyr-sdk//sysroots/iamcu-zephyr-elfiamcu/usr/lib/./libc.a(lib_a-fstatr.o)
 .debug_line    0x000000000000ef83      0x190 /opt/zephyr-sdk//sysroots/iamcu-zephyr-elfiamcu/usr/lib/./libc.a(lib_a-isattyr.o)
 .debug_line    0x000000000000f113      0x190 /opt/zephyr-sdk//sysroots/iamcu-zephyr-elfiamcu/usr/lib/./libc.a(lib_a-lseekr.o)
 .debug_line    0x000000000000f2a3      0x18f /opt/zephyr-sdk//sysroots/iamcu-zephyr-elfiamcu/usr/lib/./libc.a(lib_a-readr.o)
 .debug_line    0x000000000000f432      0x212 /opt/zephyr-sdk//sysroots/iamcu-zephyr-elfiamcu/usr/lib/i586-zephyr-elfiamcu/6.2.0/libgcc.a(_udivdi3.o)
 .debug_line    0x000000000000f644      0x181 /opt/zephyr-sdk//sysroots/iamcu-zephyr-elfiamcu/usr/lib/i586-zephyr-elfiamcu/6.2.0/libgcc.a(ledf2.o)
 .debug_line    0x000000000000f7c5      0x112 /opt/zephyr-sdk//sysroots/iamcu-zephyr-elfiamcu/usr/lib/i586-zephyr-elfiamcu/6.2.0/libgcc.a(floatsidf.o)

.debug_frame    0x0000000000000000     0x3d54
 .debug_frame   0x0000000000000000       0x4c src/built-in.o
 .debug_frame   0x000000000000004c      0x8ac drivers/built-in.o
 .debug_frame   0x00000000000008f8      0x224 lib/built-in.o
 .debug_frame   0x0000000000000b1c      0x1b4 misc/built-in.o
 .debug_frame   0x0000000000000cd0       0x88 boards/built-in.o
 .debug_frame   0x0000000000000d58     0x1c0c ext/built-in.o
 .debug_frame   0x0000000000002964      0x5f0 arch/built-in.o
 .debug_frame   0x0000000000002f54       0xc4 kernel/lib.a(device.o)
 .debug_frame   0x0000000000003018       0x54 kernel/lib.a(errno.o)
 .debug_frame   0x000000000000306c       0xec kernel/lib.a(init.o)
 .debug_frame   0x0000000000003158      0x314 kernel/lib.a(sched.o)
 .debug_frame   0x000000000000346c      0x14c kernel/lib.a(sem.o)
 .debug_frame   0x00000000000035b8      0x17c kernel/lib.a(sys_clock.o)
 .debug_frame   0x0000000000003734      0x394 kernel/lib.a(thread.o)
 .debug_frame   0x0000000000003ac8       0x7c kernel/lib.a(thread_abort.o)
 .debug_frame   0x0000000000003b44      0x1bc kernel/lib.a(timer.o)
 .debug_frame   0x0000000000003d00       0x54 ./arch/x86/core/offsets/offsets.o

.debug_str      0x0000000000000000     0x9b75
 .debug_str     0x0000000000000000      0x798 src/built-in.o
                                        0x8c3 (size before relaxing)
 .debug_str     0x0000000000000798     0x2ce8 drivers/built-in.o
                                       0xb742 (size before relaxing)
 .debug_str     0x0000000000003480      0x23d lib/built-in.o
                                        0xa60 (size before relaxing)
 .debug_str     0x00000000000036bd      0x18f misc/built-in.o
                                        0x45f (size before relaxing)
 .debug_str     0x000000000000384c       0xe7 boards/built-in.o
                                       0x10d1 (size before relaxing)
 .debug_str     0x0000000000003933     0x2cb9 ext/built-in.o
                                      0x1215f (size before relaxing)
 .debug_str     0x00000000000065ec      0x9cb arch/built-in.o
                                       0x7809 (size before relaxing)
 .debug_str     0x0000000000006fb7      0x158 kernel/lib.a(device.o)
                                        0xaa6 (size before relaxing)
 .debug_str     0x000000000000710f       0x3d kernel/lib.a(errno.o)
                                        0xa6f (size before relaxing)
 .debug_str     0x000000000000714c      0x177 kernel/lib.a(init.o)
                                        0xd2d (size before relaxing)
 .debug_str     0x00000000000072c3      0x4cf kernel/lib.a(sched.o)
                                       0x1027 (size before relaxing)
 .debug_str     0x0000000000007792      0x161 kernel/lib.a(sem.o)
                                        0xdca (size before relaxing)
 .debug_str     0x00000000000078f3      0x176 kernel/lib.a(sys_clock.o)
                                        0xe5d (size before relaxing)
 .debug_str     0x0000000000007a69      0x341 kernel/lib.a(thread.o)
                                       0x1198 (size before relaxing)
 .debug_str     0x0000000000007daa       0x42 kernel/lib.a(thread_abort.o)
                                        0xaf2 (size before relaxing)
 .debug_str     0x0000000000007dec       0xe6 kernel/lib.a(timer.o)
                                        0xee9 (size before relaxing)
 .debug_str     0x0000000000007ed2       0x44 ./arch/x86/core/offsets/offsets.o
                                        0xa76 (size before relaxing)
 .debug_str     0x0000000000007f16      0x171 /opt/zephyr-sdk//sysroots/iamcu-zephyr-elfiamcu/usr/lib/./libc.a(lib_a-malloc.o)
                                        0x604 (size before relaxing)
 .debug_str     0x0000000000008087      0x116 /opt/zephyr-sdk//sysroots/iamcu-zephyr-elfiamcu/usr/lib/./libc.a(lib_a-nano-freer.o)
                                        0x6da (size before relaxing)
 .debug_str     0x000000000000819d       0x32 /opt/zephyr-sdk//sysroots/iamcu-zephyr-elfiamcu/usr/lib/./libc.a(lib_a-nano-mallocr.o)
                                        0x6f1 (size before relaxing)
 .debug_str     0x00000000000081cf      0x1aa /opt/zephyr-sdk//sysroots/iamcu-zephyr-elfiamcu/usr/lib/./libc.a(lib_a-printf.o)
                                        0x748 (size before relaxing)
 .debug_str     0x0000000000008379       0xa8 /opt/zephyr-sdk//sysroots/iamcu-zephyr-elfiamcu/usr/lib/./libc.a(lib_a-sbrkr.o)
                                        0x60a (size before relaxing)
 .debug_str     0x0000000000008421       0x9c /opt/zephyr-sdk//sysroots/iamcu-zephyr-elfiamcu/usr/lib/./libc.a(lib_a-strcmp.o)
                                        0x5c5 (size before relaxing)