Archive member included to satisfy reference by file (symbol)

drivers/built-in.o            (--whole-archive)
kernel/built-in.o             (--whole-archive)
lib/built-in.o                (--whole-archive)
misc/built-in.o               (--whole-archive)
boards/built-in.o             (--whole-archive)
ext/built-in.o                (--whole-archive)
subsys/built-in.o             (--whole-archive)
arch/built-in.o               (--whole-archive)
kernel/lib.a(device.o)        drivers/built-in.o (device_get_binding)
kernel/lib.a(errno.o)         arch/built-in.o (_k_neg_eagain)
kernel/lib.a(init.o)          arch/built-in.o (_Cstart)
kernel/lib.a(sched.o)         arch/built-in.o (_kernel)
kernel/lib.a(sem.o)           drivers/built-in.o (k_sem_init)
kernel/lib.a(sys_clock.o)     ext/built-in.o (k_uptime_get_32)
kernel/lib.a(thread.o)        arch/built-in.o (k_is_in_isr)
kernel/lib.a(thread_abort.o)  arch/built-in.o (k_thread_abort)
kernel/lib.a(timer.o)         src/built-in.o (k_timer_init)
kernel/lib.a(idle.o)          kernel/lib.a(init.o) (idle)
/opt/zephyr-sdk//sysroots/iamcu-zephyr-elfiamcu/usr/lib/./libm.a(lib_a-s_ceil.o)
                              ext/built-in.o (ceil)
/opt/zephyr-sdk//sysroots/iamcu-zephyr-elfiamcu/usr/lib/./libm.a(lib_a-s_floor.o)
                              ext/built-in.o (floor)
/opt/zephyr-sdk//sysroots/iamcu-zephyr-elfiamcu/usr/lib/./libc.a(lib_a-malloc.o)
                              ext/built-in.o (malloc)
/opt/zephyr-sdk//sysroots/iamcu-zephyr-elfiamcu/usr/lib/./libc.a(lib_a-memcpy.o)
                              ext/built-in.o (memcpy)
/opt/zephyr-sdk//sysroots/iamcu-zephyr-elfiamcu/usr/lib/./libc.a(lib_a-memset.o)
                              ext/built-in.o (memset)
/opt/zephyr-sdk//sysroots/iamcu-zephyr-elfiamcu/usr/lib/./libc.a(lib_a-nano-freer.o)
                              /opt/zephyr-sdk//sysroots/iamcu-zephyr-elfiamcu/usr/lib/./libc.a(lib_a-malloc.o) (_free_r)
/opt/zephyr-sdk//sysroots/iamcu-zephyr-elfiamcu/usr/lib/./libc.a(lib_a-nano-mallocr.o)
                              /opt/zephyr-sdk//sysroots/iamcu-zephyr-elfiamcu/usr/lib/./libc.a(lib_a-malloc.o) (_malloc_r)
/opt/zephyr-sdk//sysroots/iamcu-zephyr-elfiamcu/usr/lib/./libc.a(lib_a-printf.o)
                              src/built-in.o (printf)
/opt/zephyr-sdk//sysroots/iamcu-zephyr-elfiamcu/usr/lib/./libc.a(lib_a-rand.o)
                              src/built-in.o (srand)
/opt/zephyr-sdk//sysroots/iamcu-zephyr-elfiamcu/usr/lib/./libc.a(lib_a-sbrkr.o)
                              /opt/zephyr-sdk//sysroots/iamcu-zephyr-elfiamcu/usr/lib/./libc.a(lib_a-nano-mallocr.o) (_sbrk_r)
/opt/zephyr-sdk//sysroots/iamcu-zephyr-elfiamcu/usr/lib/./libc.a(lib_a-strcmp.o)
                              kernel/lib.a(device.o) (strcmp)
/opt/zephyr-sdk//sysroots/iamcu-zephyr-elfiamcu/usr/lib/./libc.a(lib_a-strlen.o)
                              ext/built-in.o (strlen)
/opt/zephyr-sdk//sysroots/iamcu-zephyr-elfiamcu/usr/lib/./libc.a(lib_a-getreent.o)
                              /opt/zephyr-sdk//sysroots/iamcu-zephyr-elfiamcu/usr/lib/./libc.a(lib_a-malloc.o) (__getreent)
/opt/zephyr-sdk//sysroots/iamcu-zephyr-elfiamcu/usr/lib/./libc.a(lib_a-impure.o)
                              /opt/zephyr-sdk//sysroots/iamcu-zephyr-elfiamcu/usr/lib/./libc.a(lib_a-getreent.o) (_impure_ptr)
/opt/zephyr-sdk//sysroots/iamcu-zephyr-elfiamcu/usr/lib/./libc.a(lib_a-nano-vfprintf.o)
                              /opt/zephyr-sdk//sysroots/iamcu-zephyr-elfiamcu/usr/lib/./libc.a(lib_a-printf.o) (_vfprintf_r)
/opt/zephyr-sdk//sysroots/iamcu-zephyr-elfiamcu/usr/lib/./libc.a(lib_a-reent.o)
                              /opt/zephyr-sdk//sysroots/iamcu-zephyr-elfiamcu/usr/lib/./libc.a(lib_a-sbrkr.o) (errno)
/opt/zephyr-sdk//sysroots/iamcu-zephyr-elfiamcu/usr/lib/./libc.a(lib_a-wbuf.o)
                              /opt/zephyr-sdk//sysroots/iamcu-zephyr-elfiamcu/usr/lib/./libc.a(lib_a-nano-vfprintf.o) (__swbuf_r)
/opt/zephyr-sdk//sysroots/iamcu-zephyr-elfiamcu/usr/lib/./libc.a(lib_a-wsetup.o)
                              /opt/zephyr-sdk//sysroots/iamcu-zephyr-elfiamcu/usr/lib/./libc.a(lib_a-nano-vfprintf.o) (__swsetup_r)
/opt/zephyr-sdk//sysroots/iamcu-zephyr-elfiamcu/usr/lib/./libc.a(lib_a-fflush.o)
                              /opt/zephyr-sdk//sysroots/iamcu-zephyr-elfiamcu/usr/lib/./libc.a(lib_a-wbuf.o) (_fflush_r)
/opt/zephyr-sdk//sysroots/iamcu-zephyr-elfiamcu/usr/lib/./libc.a(lib_a-findfp.o)
                              /opt/zephyr-sdk//sysroots/iamcu-zephyr-elfiamcu/usr/lib/./libc.a(lib_a-nano-vfprintf.o) (__sinit)
/opt/zephyr-sdk//sysroots/iamcu-zephyr-elfiamcu/usr/lib/./libc.a(lib_a-fvwrite.o)
                              /opt/zephyr-sdk//sysroots/iamcu-zephyr-elfiamcu/usr/lib/./libc.a(lib_a-nano-vfprintf.o) (__sfvwrite_r)
/opt/zephyr-sdk//sysroots/iamcu-zephyr-elfiamcu/usr/lib/./libc.a(lib_a-fwalk.o)
                              /opt/zephyr-sdk//sysroots/iamcu-zephyr-elfiamcu/usr/lib/./libc.a(lib_a-findfp.o) (_fwalk)
[...]
Memory Configuration

Name             Origin             Length             Attributes
ROM              0x0000000040030000 0x0000000000024000 xr
RAM              0x00000000a8006400 0x000000000000dbe0 xw
BSP_SHARED_GDT_RAM 0x00000000a8013fe0 0x0000000000000020 rw
IDT_LIST         0x0000000000000800 0x0000000000000800
*default*        0x0000000000000000 0xffffffffffffffff

Linker script and memory map

START GROUP
LOAD src/built-in.o
LOAD libzephyr.a
LOAD kernel/lib.a
LOAD ./arch/x86/core/offsets/offsets.o
END GROUP
LOAD /opt/zephyr-sdk//sysroots/iamcu-zephyr-elfiamcu/usr/lib/./libm.a
LOAD /opt/zephyr-sdk//sysroots/iamcu-zephyr-elfiamcu/usr/lib/./libc.a
LOAD /opt/zephyr-sdk//sysroots/iamcu-zephyr-elfiamcu/usr/lib/i586-zephyr-elfiamcu/6.2.0/libgcc.a
LOAD staticIdt.o
LOAD irq_int_vector_map.o
                0x0000000040030000                _image_rom_start = 0x40030000
                0x0000000040030000                _image_text_start = 0x40030000

text            0x0000000040030000     0xbab8
                0x0000000000000000                . = 0x0
 *(.text_start)
 *(.text_start.*)
 .text_start.__start
                0x0000000040030000       0x52 arch/built-in.o
                0x0000000040030000                __start
                0x000000004003004c                _Idt
 *(.text)
 *fill*         0x0000000040030052        0xe 
 .text          0x0000000040030060        0xa arch/built-in.o
 .text          0x000000004003006a        0xb /opt/zephyr-sdk//sysroots/iamcu-zephyr-elfiamcu/usr/lib/./libc.a(lib_a-memcpy.o)
                0x000000004003006a                memcpy
 .text          0x0000000040030075        0xe /opt/zephyr-sdk//sysroots/iamcu-zephyr-elfiamcu/usr/lib/./libc.a(lib_a-memset.o)
                0x0000000040030075                memset
 .text          0x0000000040030083       0x18 /opt/zephyr-sdk//sysroots/iamcu-zephyr-elfiamcu/usr/lib/./libc.a(lib_a-memchr.o)
                0x0000000040030083                memchr
 .text          0x000000004003009b       0xf6 /opt/zephyr-sdk//sysroots/iamcu-zephyr-elfiamcu/usr/lib/i586-zephyr-elfiamcu/6.2.0/libgcc.a(_udivdi3.o)
                0x000000004003009b                __udivdi3
 .text          0x0000000040030191      0x86d /opt/zephyr-sdk//sysroots/iamcu-zephyr-elfiamcu/usr/lib/i586-zephyr-elfiamcu/6.2.0/libgcc.a(adddf3.o)
                0x0000000040030191                __adddf3
 .text          0x00000000400309fe      0x530 /opt/zephyr-sdk//sysroots/iamcu-zephyr-elfiamcu/usr/lib/i586-zephyr-elfiamcu/6.2.0/libgcc.a(divdf3.o)
                0x00000000400309fe                __divdf3
 .text          0x0000000040030f2e      0x111 /opt/zephyr-sdk//sysroots/iamcu-zephyr-elfiamcu/usr/lib/i586-zephyr-elfiamcu/6.2.0/libgcc.a(gedf2.o)
                0x0000000040030f2e                __gtdf2
                0x0000000040030f2e                __gedf2
 .text          0x000000004003103f      0x111 /opt/zephyr-sdk//sysroots/iamcu-zephyr-elfiamcu/usr/lib/i586-zephyr-elfiamcu/6.2.0/libgcc.a(ledf2.o)
                0x000000004003103f                __ltdf2
                0x000000004003103f                __ledf2
 .text          0x0000000040031150      0x4b7 /opt/zephyr-sdk//sysroots/iamcu-zephyr-elfiamcu/usr/lib/i586-zephyr-elfiamcu/6.2.0/libgcc.a(muldf3.o)
                0x0000000040031150                __muldf3
 .text          0x0000000040031607       0x6d /opt/zephyr-sdk//sysroots/iamcu-zephyr-elfiamcu/usr/lib/i586-zephyr-elfiamcu/6.2.0/libgcc.a(fixunsdfsi.o)
                0x0000000040031607                __fixunsdfsi
 .text          0x0000000040031674       0x8d /opt/zephyr-sdk//sysroots/iamcu-zephyr-elfiamcu/usr/lib/i586-zephyr-elfiamcu/6.2.0/libgcc.a(floatsidf.o)
                0x0000000040031674                __floatsidf
 .text          0x0000000040031701       0x79 /opt/zephyr-sdk//sysroots/iamcu-zephyr-elfiamcu/usr/lib/i586-zephyr-elfiamcu/6.2.0/libgcc.a(floatunsidf.o)
                0x0000000040031701                __floatunsidf
 *(.text.*)
 .text.McpsConfirm
                0x000000004003177a        0xc src/built-in.o
 .text.MlmeConfirm
                0x0000000040031786       0x50 src/built-in.o
 .text.OnTxNextPacketTimerEvent
                0x00000000400317d6       0x48 src/built-in.o
 .text.McpsIndication
                0x000000004003181e      0x20d src/built-in.o
 .text.main     0x0000000040031a2b      0x313 src/built-in.o
                0x0000000040031a2b                main
 .text.console_out
                0x0000000040031d3e       0x2e drivers/built-in.o
 .text.uart_console_hook_install
                0x0000000040031d6c       0x18 drivers/built-in.o
                0x0000000040031d6c                uart_console_hook_install
 .text.uart_console_init
                0x0000000040031d84       0x1b drivers/built-in.o
 .text.uart_qmsi_init
                0x0000000040031d9f       0x44 drivers/built-in.o
 .text.uart_qmsi_err_check
                0x0000000040031de3       0x1b drivers/built-in.o
 .text.uart_qmsi_poll_out
                0x0000000040031dfe       0x1a drivers/built-in.o
 .text.uart_qmsi_poll_in
                0x0000000040031e18       0x34 drivers/built-in.o
 .text._timer_int_handler
                0x0000000040031e4c       0x19 drivers/built-in.o
                0x0000000040031e4c                _timer_int_handler
 .text._sys_clock_driver_init
                0x0000000040031e65       0x58 drivers/built-in.o
                0x0000000040031e65                _sys_clock_driver_init
 .text.irqstubs
                0x0000000040031ebd       0x3c drivers/built-in.o
                0x0000000040031ebd                _timer_int_handler_irq64_stub
                0x0000000040031ec9                qm_spi_master_1_isr_irq3_stub
                0x0000000040031ed5                qm_spi_master_0_isr_irq2_stub
                0x0000000040031ee1                qm_aon_gpio_0_isr_irq31_stub
                0x0000000040031eed                qm_gpio_0_isr_irq8_stub
 .text._timer_cycle_get_32
                0x0000000040031ef9       0x18 drivers/built-in.o
                0x0000000040031ef9                _timer_cycle_get_32
 .text._loapic_init
                0x0000000040031f11       0xa8 drivers/built-in.o
 .text._loapic_int_vec_set
                0x0000000040031fb9       0x21 drivers/built-in.o
                0x0000000040031fb9                _loapic_int_vec_set
 .text._loapic_irq_enable
                0x0000000040031fda       0x21 drivers/built-in.o
                0x0000000040031fda                _loapic_irq_enable
 .text.__irq_controller_isr_vector_get
                0x0000000040031ffb       0x2f drivers/built-in.o
                0x0000000040031ffb                __irq_controller_isr_vector_get
 .text.__irq_controller_irq_config
                0x000000004003202a       0x22 drivers/built-in.o
                0x000000004003202a                __irq_controller_irq_config
 .text._arch_irq_enable
                0x000000004003204c       0x17 drivers/built-in.o
                0x000000004003204c                _arch_irq_enable
 .text.__IoApicSet
                0x0000000040032063       0x1a drivers/built-in.o
 .text._IoApicRedUpdateLo
                0x000000004003207d       0x2d drivers/built-in.o
 .text._ioapic_init
                0x00000000400320aa       0x2f drivers/built-in.o
                0x00000000400320aa                _ioapic_init
 .text._ioapic_irq_enable
                0x00000000400320d9       0x10 drivers/built-in.o
                0x00000000400320d9                _ioapic_irq_enable
 .text._ioapic_irq_set
                0x00000000400320e9       0x2a drivers/built-in.o
                0x00000000400320e9                _ioapic_irq_set
 .text.spi_qmsi_configure
                0x0000000040032113       0x4f drivers/built-in.o
 .text.spi_qmsi_slave_select
                0x0000000040032162       0x24 drivers/built-in.o
 .text.spi_qmsi_init
                0x0000000040032186      0x11e drivers/built-in.o
 .text.spi_control_cs
                0x00000000400322a4       0x2f drivers/built-in.o
 .text.transfer_complete
                0x00000000400322d3       0x42 drivers/built-in.o
 .text.spi_qmsi_transceive
                0x0000000040032315      0x171 drivers/built-in.o
 .text.gpio_qmsi_callback
                0x0000000040032486       0x31 drivers/built-in.o
 .text.qmsi_write_bit
                0x00000000400324b7       0x14 drivers/built-in.o
 .text.gpio_qmsi_manage_callback
                0x00000000400324cb       0x5a drivers/built-in.o
 .text.gpio_qmsi_enable_callback
                0x0000000040032525       0x21 drivers/built-in.o
 .text.gpio_qmsi_disable_callback
                0x0000000040032546       0x21 drivers/built-in.o
 .text.gpio_qmsi_get_pending_int
                0x0000000040032567       0x16 drivers/built-in.o
 .text.gpio_qmsi_read
                0x000000004003257d       0x32 drivers/built-in.o
 .text.gpio_qmsi_write
                0x00000000400325af       0x33 drivers/built-in.o
 .text.qmsi_pin_config
                0x00000000400325e2       0xd5 drivers/built-in.o
 .text.gpio_qmsi_config
                0x00000000400326b7       0x53 drivers/built-in.o
 .text.gpio_qmsi_init
                0x000000004003270a       0x8d drivers/built-in.o
 .text.pinmux_get
                0x0000000040032797       0x2a drivers/built-in.o
 .text.pinmux_initialize
                0x00000000400327c1        0x7 drivers/built-in.o
 .text.pinmux_input
                0x00000000400327c8       0x1c drivers/built-in.o
 .text.pinmux_pullup
                0x00000000400327e4       0x1c drivers/built-in.o
 .text.pinmux_set
                0x0000000040032800       0x17 drivers/built-in.o
 .text._stdin_hook_default
                0x0000000040032817        0x7 lib/built-in.o
 .text._stdout_hook_default
                0x000000004003281e        0x8 lib/built-in.o
 .text.__stdout_hook_install
                0x0000000040032826        0xa lib/built-in.o
                0x0000000040032826                __stdout_hook_install
 .text._read    0x0000000040032830       0x2b lib/built-in.o
                0x0000000040032830                read
                0x0000000040032830                _read
 .text._write   0x000000004003285b       0x35 lib/built-in.o
                0x000000004003285b                write
                0x000000004003285b                _write
 .text._isatty  0x0000000040032890        0xa lib/built-in.o
                0x0000000040032890                isatty
                0x0000000040032890                _isatty
 .text._fstat   0x000000004003289a        0xe lib/built-in.o
                0x000000004003289a                _fstat
                0x000000004003289a                fstat
 .text._close   0x00000000400328a8        0x8 lib/built-in.o
                0x00000000400328a8                close
                0x00000000400328a8                _close
 .text._lseek   0x00000000400328b0        0x7 lib/built-in.o
                0x00000000400328b0                lseek
                0x00000000400328b0                _lseek
 .text._sbrk    0x00000000400328b7       0x2d lib/built-in.o
                0x00000000400328b7                _sbrk
                0x00000000400328b7                sbrk
 .text._nop_char_out
                0x00000000400328e4        0x7 misc/built-in.o
 .text.char_out
                0x00000000400328eb        0xc misc/built-in.o
 .text._printk_dec_ulong
                0x00000000400328f7       0xb0 misc/built-in.o
 .text.__printk_hook_install
                0x00000000400329a7        0xa misc/built-in.o
                0x00000000400329a7                __printk_hook_install
 .text._vprintk
                0x00000000400329b1      0x247 misc/built-in.o
                0x00000000400329b1                _vprintk
 .text.printk   0x0000000040032bf8       0x25 misc/built-in.o
                0x0000000040032bf8                printk
 .text._ConfigAbsSyms
                0x0000000040032c1d        0x5 misc/built-in.o
                0x0000000040032c1d                _ConfigAbsSyms
 .text.pinmux_initialize
                0x0000000040032c22       0x45 boards/built-in.o
 .text.clk_periph_enable
                0x0000000040032c67       0x14 ext/built-in.o
                0x0000000040032c67                clk_periph_enable
 .text.gpio_isr
                0x0000000040032c7b       0x38 ext/built-in.o
 .text.qm_gpio_0_isr
                0x0000000040032cb3        0xb ext/built-in.o
                0x0000000040032cb3                qm_gpio_0_isr
 .text.qm_aon_gpio_0_isr
                0x0000000040032cbe        0xe ext/built-in.o
                0x0000000040032cbe                qm_aon_gpio_0_isr
 .text.qm_gpio_set_config
                0x0000000040032ccc       0x5f ext/built-in.o
                0x0000000040032ccc                qm_gpio_set_config
 .text.qm_gpio_read_pin
                0x0000000040032d2b       0x1e ext/built-in.o
                0x0000000040032d2b                qm_gpio_read_pin
 .text.qm_gpio_set_pin
                0x0000000040032d49       0x21 ext/built-in.o
                0x0000000040032d49                qm_gpio_set_pin
 .text.qm_gpio_clear_pin
                0x0000000040032d6a       0x21 ext/built-in.o
                0x0000000040032d6a                qm_gpio_clear_pin
 .text.qm_gpio_read_port
                0x0000000040032d8b       0x13 ext/built-in.o
                0x0000000040032d8b                qm_gpio_read_port
 .text.qm_gpio_write_port
                0x0000000040032d9e       0x10 ext/built-in.o
                0x0000000040032d9e                qm_gpio_write_port
 .text.qm_uart_set_config
                0x0000000040032dae       0x6d ext/built-in.o
                0x0000000040032dae                qm_uart_set_config
 .text.qm_uart_get_status
                0x0000000040032e1b       0x41 ext/built-in.o
                0x0000000040032e1b                qm_uart_get_status
 .text.qm_uart_write
                0x0000000040032e5c       0x23 ext/built-in.o
                0x0000000040032e5c                qm_uart_write
 .text.qm_uart_read
                0x0000000040032e7f       0x31 ext/built-in.o
                0x0000000040032e7f                qm_uart_read
 .text.read_frame
                0x0000000040032eb0       0x2b ext/built-in.o
 .text.write_frame
                0x0000000040032edb       0x29 ext/built-in.o
 .text.handle_spi_overflow_interrupt
                0x0000000040032f04       0x4e ext/built-in.o
 .text.handle_spi_mst_interrupt
                0x0000000040032f52      0x20a ext/built-in.o
 .text.qm_spi_set_config
                0x000000004003315c       0x6d ext/built-in.o
                0x000000004003315c                qm_spi_set_config
 .text.qm_spi_slave_select
                0x00000000400331c9       0x20 ext/built-in.o
                0x00000000400331c9                qm_spi_slave_select
 .text.qm_spi_irq_update
                0x00000000400331e9       0x62 ext/built-in.o
                0x00000000400331e9                qm_spi_irq_update
 .text.qm_spi_irq_transfer
                0x000000004003324b       0xfc ext/built-in.o
                0x000000004003324b                qm_spi_irq_transfer
 .text.qm_spi_master_0_isr
                0x0000000040033347        0xb ext/built-in.o
                0x0000000040033347                qm_spi_master_0_isr
 .text.qm_spi_master_1_isr
                0x0000000040033352        0xe ext/built-in.o
                0x0000000040033352                qm_spi_master_1_isr
 .text.qm_pmux_select
                0x0000000040033360       0x37 ext/built-in.o
                0x0000000040033360                qm_pmux_select
 .text.qm_pmux_input_en
                0x0000000040033397       0x30 ext/built-in.o
                0x0000000040033397                qm_pmux_input_en
 .text.qm_pmux_pullup_en
                0x00000000400333c7       0x31 ext/built-in.o
                0x00000000400333c7                qm_pmux_pullup_en
 .text.mraa_init
                0x00000000400333f8       0x17 ext/built-in.o
                0x00000000400333f8                mraa_init
 .text.mraa_setup_mux_mapped
                0x000000004003340f      0x1ce ext/built-in.o
                0x000000004003340f                mraa_setup_mux_mapped
 .text.mraa_set_pininfo
                0x00000000400335dd       0x2b ext/built-in.o
                0x00000000400335dd                mraa_set_pininfo
 .text.mraa_set_board_config
                0x0000000040033608       0x2c ext/built-in.o
                0x0000000040033608                mraa_set_board_config
 .text.gpio_pin_configure
                0x0000000040033634       0x17 ext/built-in.o
 .text.gpio_internal_callback
                0x000000004003364b       0x12 ext/built-in.o
 .text.mraa_gpio_init_raw
                0x000000004003365d       0x7c ext/built-in.o
                0x000000004003365d                mraa_gpio_init_raw
 .text.mraa_gpio_init
                0x00000000400336d9       0xb2 ext/built-in.o
                0x00000000400336d9                mraa_gpio_init
 .text.mraa_gpio_dir
                0x000000004003378b       0x76 ext/built-in.o
                0x000000004003378b                mraa_gpio_dir
 .text.mraa_gpio_edge_mode
                0x0000000040033801       0x4d ext/built-in.o
                0x0000000040033801                mraa_gpio_edge_mode
 .text.mraa_gpio_write
                0x000000004003384e       0x29 ext/built-in.o
                0x000000004003384e                mraa_gpio_write
 .text.mraa_gpio_isr
                0x0000000040033877       0x82 ext/built-in.o
                0x0000000040033877                mraa_gpio_isr
 .text.mraa_gpio_owner
                0x00000000400338f9       0x15 ext/built-in.o
                0x00000000400338f9                mraa_gpio_owner
 .text.mraa_gpio_mode
                0x000000004003390e        0x7 ext/built-in.o
                0x000000004003390e                mraa_gpio_mode
 .text.mraa_gpio_close
                0x0000000040033915        0xc ext/built-in.o
                0x0000000040033915                mraa_gpio_close
 .text.spi_configure
                0x0000000040033921        0xb ext/built-in.o
 .text.spi_transceive
                0x000000004003392c       0x17 ext/built-in.o
 .text.mraa_spi_init
                0x0000000040033943       0x88 ext/built-in.o
                0x0000000040033943                mraa_spi_init
 .text.mraa_spi_mode
                0x00000000400339cb       0x3c ext/built-in.o
                0x00000000400339cb                mraa_spi_mode
 .text.mraa_spi_frequency
                0x0000000040033a07       0x39 ext/built-in.o
                0x0000000040033a07                mraa_spi_frequency
 .text.mraa_spi_transfer_buf
                0x0000000040033a40       0x1a ext/built-in.o
                0x0000000040033a40                mraa_spi_transfer_buf
 .text.mraa_intel_quark_se_devboard
                0x0000000040033a5a      0xac6 ext/built-in.o
                0x0000000040033a5a                mraa_intel_quark_se_devboard
 .text.upm_delay_ms
                0x0000000040034520       0x3c ext/built-in.o
                0x0000000040034520                upm_delay_ms
 .text.upm_rand_range
                0x000000004003455c       0x1d ext/built-in.o
                0x000000004003455c                upm_rand_range
 .text.sx1276_on_dio0_irq
                0x0000000040034579       0x1d ext/built-in.o
                0x0000000040034579                sx1276_on_dio0_irq
 .text.sx1276_on_dio1_irq
                0x0000000040034596       0x1d ext/built-in.o
                0x0000000040034596                sx1276_on_dio1_irq
 .text.sx1276_on_dio2_irq
                0x00000000400345b3       0x1d ext/built-in.o
                0x00000000400345b3                sx1276_on_dio2_irq
 .text.sx1276_on_dio3_irq
                0x00000000400345d0       0x1d ext/built-in.o
                0x00000000400345d0                sx1276_on_dio3_irq
 .text.sx1276_on_dio4_irq
                0x00000000400345ed       0x10 ext/built-in.o
                0x00000000400345ed                sx1276_on_dio4_irq
 .text.sx1276_reset
                0x00000000400345fd       0x42 ext/built-in.o
                0x00000000400345fd                sx1276_reset
 .text.sx1276_dio1_qos
                0x000000004003463f       0x38 ext/built-in.o
                0x000000004003463f                sx1276_dio1_qos
 .text.sx1276_cs_on
                0x0000000040034677       0x1f ext/built-in.o
                0x0000000040034677                sx1276_cs_on
 .text.sx1276_cs_off
                0x0000000040034696       0x22 ext/built-in.o
                0x0000000040034696                sx1276_cs_off
 .text.sx1276_read_reg
                0x00000000400346b8       0x5c ext/built-in.o
                0x00000000400346b8                sx1276_read_reg
 .text.sx1276_get_chip_version
                0x0000000040034714       0x17 ext/built-in.o
                0x0000000040034714                sx1276_get_chip_version
 .text.sx1276_write_reg
                0x000000004003472b       0x5c ext/built-in.o
                0x000000004003472b                sx1276_write_reg
 .text.sx1276_set_channel
                0x0000000040034787       0x75 ext/built-in.o
                0x0000000040034787                sx1276_set_channel
 .text.sx1276_rx_chain_calibration
                0x00000000400347fc      0x14a ext/built-in.o
                0x00000000400347fc                sx1276_rx_chain_calibration
 .text.sx1276_set_op_mode
                0x0000000040034946       0x43 ext/built-in.o
                0x0000000040034946                sx1276_set_op_mode
 .text.sx1276_set_stand_by
                0x0000000040034989       0x1f ext/built-in.o
                0x0000000040034989                sx1276_set_stand_by
 .text.sx1276_set_modem
                0x00000000400349a8       0x77 ext/built-in.o
                0x00000000400349a8                sx1276_set_modem
 .text.sx1276_set_tx_config
                0x0000000040034a1f      0x35f ext/built-in.o
                0x0000000040034a1f                sx1276_set_tx_config
 .text.sx1276_set_rx_config
                0x0000000040034d7e      0x31a ext/built-in.o
                0x0000000040034d7e                sx1276_set_rx_config
 .text.sx1276_set_rx
                0x0000000040035098      0x2fa ext/built-in.o
                0x0000000040035098                sx1276_set_rx
 .text.sx1276_init
                0x0000000040035392      0x3ba ext/built-in.o
                0x0000000040035392                sx1276_init
 .text.sx1276_write_fifo
                0x000000004003574c       0x82 ext/built-in.o
                0x000000004003574c                sx1276_write_fifo
 .text.sx1276_read_fifo
                0x00000000400357ce       0x82 ext/built-in.o
                0x00000000400357ce                sx1276_read_fifo
 .text.sx1276_dio0_qos
                0x0000000040035850      0x218 ext/built-in.o
                0x0000000040035850                sx1276_dio0_qos
 .text.sx1276_set_tx
                0x0000000040035a68      0x1c7 ext/built-in.o
                0x0000000040035a68                sx1276_set_tx
 .text.sx1276_send
                0x0000000040035c2f      0x10b ext/built-in.o
                0x0000000040035c2f                sx1276_send
 .text.sx1276_set_sleep
                0x0000000040035d3a       0x1c ext/built-in.o
                0x0000000040035d3a                sx1276_set_sleep
 .text.sx1276_set_max_payload_length
                0x0000000040035d56       0x2d ext/built-in.o
                0x0000000040035d56                sx1276_set_max_payload_length
 .text.sx1276_set_public_network
                0x0000000040035d83       0x2f ext/built-in.o
                0x0000000040035d83                sx1276_set_public_network
 .text.sx1276_get_status
                0x0000000040035db2        0xb ext/built-in.o
                0x0000000040035db2                sx1276_get_status
 .text.sx1276_check_rf_frequency
                0x0000000040035dbd        0x7 ext/built-in.o
                0x0000000040035dbd                sx1276_check_rf_frequency
 .text.sx1276_random
                0x0000000040035dc4       0x63 ext/built-in.o
                0x0000000040035dc4                sx1276_random
 .text.sx1276_get_time_on_air
                0x0000000040035e27      0x1b2 ext/built-in.o
                0x0000000040035e27                sx1276_get_time_on_air
 .text.sx1276_set_tx_continuous_wave
                0x0000000040035fd9      0x18d ext/built-in.o
                0x0000000040035fd9                sx1276_set_tx_continuous_wave
 .text.sx1276_set_standby
                0x0000000040036166       0x1d ext/built-in.o
                0x0000000040036166                sx1276_set_standby
 .text.ValidatePayloadLength
                0x0000000040036183       0x39 ext/built-in.o
 .text.AddMacCommand
                0x00000000400361bc      0x148 ext/built-in.o
 .text.AdrNextDr
                0x0000000040036304       0x7a ext/built-in.o
 .text.OnAckTimeoutTimerEvent
                0x000000004003637e       0x36 ext/built-in.o
 .text.RxWindowSetup
                0x00000000400363b4       0xe1 ext/built-in.o
 .text.OnRxWindow2TimerEvent
                0x0000000040036495       0x60 ext/built-in.o
 .text.OnRadioTxTimeout
                0x00000000400364f5       0x3a ext/built-in.o
 .text.PrepareRxDoneAbort
                0x000000004003652f       0x48 ext/built-in.o
 .text.OnRxWindow1TimerEvent
                0x0000000040036577       0x88 ext/built-in.o
 .text.ResetMacParameters
                0x00000000400365ff      0x13e ext/built-in.o
 .text.OnRadioTxDone
                0x000000004003673d      0x1ca ext/built-in.o
 .text.OnRadioRxTimeout
                0x0000000040036907       0x4c ext/built-in.o
 .text.OnRadioRxError
                0x0000000040036953       0x4c ext/built-in.o
 .text.CountNbEnabled125kHzChannels
                0x000000004003699f       0x4c ext/built-in.o
 .text.LimitTxPower
                0x00000000400369eb       0x4a ext/built-in.o
 .text.ProcessMacCommands
                0x0000000040036a35      0x413 ext/built-in.o
 .text.OnRadioRxDone
                0x0000000040036e48      0x66c ext/built-in.o
 .text.SendFrameOnChannel
                0x00000000400374b4      0x149 ext/built-in.o
                0x00000000400374b4                SendFrameOnChannel
 .text.ScheduleTx
                0x00000000400375fd      0x277 ext/built-in.o
 .text.SetTxContinuousWave
                0x0000000040037874       0x76 ext/built-in.o
                0x0000000040037874                SetTxContinuousWave
 .text.LoRaMacInitialization
                0x00000000400378ea      0x2b1 ext/built-in.o
                0x00000000400378ea                LoRaMacInitialization
 .text.LoRaMacQueryTxPossible
                0x0000000040037b9b       0xac ext/built-in.o
                0x0000000040037b9b                LoRaMacQueryTxPossible
 .text.LoRaMacMibGetRequestConfirm
                0x0000000040037c47      0x12f ext/built-in.o
                0x0000000040037c47                LoRaMacMibGetRequestConfirm
 .text.LoRaMacMibSetRequestConfirm
                0x0000000040037d76      0x2a7 ext/built-in.o
                0x0000000040037d76                LoRaMacMibSetRequestConfirm
 .text.loramac_memcpyr
                0x000000004003801d       0x25 ext/built-in.o
                0x000000004003801d                loramac_memcpyr
 .text.PrepareFrame
                0x0000000040038042      0x490 ext/built-in.o
                0x0000000040038042                PrepareFrame
 .text.Send     0x00000000400384d2       0x4c ext/built-in.o
                0x00000000400384d2                Send
 .text.LoRaMacMlmeRequest
                0x000000004003851e      0x161 ext/built-in.o
                0x000000004003851e                LoRaMacMlmeRequest
 .text.LoRaMacMcpsRequest
                0x000000004003867f       0xfc ext/built-in.o
                0x000000004003867f                LoRaMacMcpsRequest
 .text.OnTxDelayedTimerEvent
                0x000000004003877b       0x72 ext/built-in.o
 .text.OnMacStateCheckTimerEvent
                0x00000000400387ed      0x2e1 ext/built-in.o
 .text.LoRaMacComputeMic
                0x0000000040038ace       0xc1 ext/built-in.o
                0x0000000040038ace                LoRaMacComputeMic
 .text.LoRaMacPayloadEncrypt
                0x0000000040038b8f      0x145 ext/built-in.o
                0x0000000040038b8f                LoRaMacPayloadEncrypt
 .text.LoRaMacPayloadDecrypt
                0x0000000040038cd4       0x15 ext/built-in.o
                0x0000000040038cd4                LoRaMacPayloadDecrypt
 .text.LoRaMacJoinComputeMic
                0x0000000040038ce9       0x50 ext/built-in.o
                0x0000000040038ce9                LoRaMacJoinComputeMic
 .text.LoRaMacJoinDecrypt
                0x0000000040038d39       0x63 ext/built-in.o
                0x0000000040038d39                LoRaMacJoinDecrypt
 .text.LoRaMacJoinComputeSKeys
                0x0000000040038d9c       0xbd ext/built-in.o
                0x0000000040038d9c                LoRaMacJoinComputeSKeys
 .text.xor_block
                0x0000000040038e59       0x63 ext/built-in.o
 .text.copy_and_key
                0x0000000040038ebc       0x94 ext/built-in.o
 .text.aes_set_key
                0x0000000040038f50      0x152 ext/built-in.o
                0x0000000040038f50                aes_set_key
 .text.aes_encrypt
                0x00000000400390a2      0x364 ext/built-in.o
                0x00000000400390a2                aes_encrypt
 .text.AES_CMAC_Init
                0x0000000040039406       0x32 ext/built-in.o
                0x0000000040039406                AES_CMAC_Init
 .text.AES_CMAC_SetKey
                0x0000000040039438       0x16 ext/built-in.o
                0x0000000040039438                AES_CMAC_SetKey
 .text.AES_CMAC_Update
                0x000000004003944e       0xf6 ext/built-in.o
                0x000000004003944e                AES_CMAC_Update
 .text.AES_CMAC_Final
                0x0000000040039544      0x161 ext/built-in.o
                0x0000000040039544                AES_CMAC_Final
 .text._arc_init
                0x00000000400396a5       0x63 arch/built-in.o
                0x00000000400396a5                _arc_init
 .text._lakemont_eoi
                0x0000000040039708       0x16 arch/built-in.o
                0x0000000040039708                _lakemont_eoi
 .text.k_cpu_idle
                0x000000004003971e        0x7 arch/built-in.o
                0x000000004003971e                k_cpu_idle
 .text._SysFatalErrorHandler
                0x0000000040039725       0x55 arch/built-in.o
                0x0000000040039725                _SysFatalErrorHandler
 .text._cache_line_size_get
                0x000000004003977a       0x14 arch/built-in.o
                0x000000004003977a                _cache_line_size_get
 .text.init_cache
                0x000000004003978e       0x11 arch/built-in.o
 .text._exception_enter
                0x000000004003979f       0x2a arch/built-in.o
                0x000000004003979f                _exception_enter
 .text._interrupt_enter
                0x00000000400397c9       0x51 arch/built-in.o
                0x00000000400397c9                _interrupt_enter
 .text._SpuriousIntNoErrCodeHandler
                0x000000004003981a        0x2 arch/built-in.o
                0x000000004003981a                _SpuriousIntNoErrCodeHandler
 .text._SpuriousIntHandler
                0x000000004003981c       0x1a arch/built-in.o
                0x000000004003981c                _SpuriousIntHandler
 .text._Swap    0x0000000040039836       0x34 arch/built-in.o
                0x0000000040039836                _Swap
 .text._new_thread
                0x000000004003986a       0x62 arch/built-in.o
                0x000000004003986a                _new_thread
 .text._debug_fatal_hook
                0x00000000400398cc        0x5 arch/built-in.o
                0x00000000400398cc                _debug_fatal_hook
 .text._NanoFatalErrorHandler
                0x00000000400398d1       0xf4 arch/built-in.o
                0x00000000400398d1                _NanoFatalErrorHandler
 .text.generic_exc_handle
                0x00000000400399c5       0x3b arch/built-in.o
 .text.handle_exc_0
                0x0000000040039a00        0xc arch/built-in.o
                0x0000000040039a00                handle_exc_0
 .text.handle_exc_2
                0x0000000040039a0c        0xf arch/built-in.o
                0x0000000040039a0c                handle_exc_2
 .text.handle_exc_4
                0x0000000040039a1b        0xf arch/built-in.o
                0x0000000040039a1b                handle_exc_4
 .text.handle_exc_5
                0x0000000040039a2a        0xf arch/built-in.o
                0x0000000040039a2a                handle_exc_5
 .text.handle_exc_6
                0x0000000040039a39        0xf arch/built-in.o
                0x0000000040039a39                handle_exc_6
 .text.handle_exc_7
                0x0000000040039a48        0xf arch/built-in.o
                0x0000000040039a48                handle_exc_7
 .text.handle_exc_8
                0x0000000040039a57        0xf arch/built-in.o
                0x0000000040039a57                handle_exc_8
 .text.handle_exc_10
                0x0000000040039a66        0xf arch/built-in.o
                0x0000000040039a66                handle_exc_10
 .text.handle_exc_11
                0x0000000040039a75        0xf arch/built-in.o
                0x0000000040039a75                handle_exc_11
 .text.handle_exc_12
                0x0000000040039a84        0xf arch/built-in.o
                0x0000000040039a84                handle_exc_12
 .text.handle_exc_13
                0x0000000040039a93        0xf arch/built-in.o
                0x0000000040039a93                handle_exc_13
 .text.handle_exc_14
                0x0000000040039aa2        0xf arch/built-in.o
                0x0000000040039aa2                handle_exc_14
 .text.handle_exc_16
                0x0000000040039ab1        0xf arch/built-in.o
                0x0000000040039ab1                handle_exc_16
 .text.handle_exc_17
                0x0000000040039ac0        0xf arch/built-in.o
                0x0000000040039ac0                handle_exc_17
 .text.handle_exc_18
                0x0000000040039acf        0xf arch/built-in.o
                0x0000000040039acf                handle_exc_18
 .text._sys_device_do_config_level
                0x0000000040039ade       0x28 kernel/lib.a(device.o)
                0x0000000040039ade                _sys_device_do_config_level
 .text.device_get_binding
                0x0000000040039b06       0x38 kernel/lib.a(device.o)
                0x0000000040039b06                device_get_binding
 .text.device_busy_set
                0x0000000040039b3e        0x5 kernel/lib.a(device.o)
                0x0000000040039b3e                device_busy_set
 .text.device_busy_clear
                0x0000000040039b43        0x5 kernel/lib.a(device.o)
                0x0000000040039b43                device_busy_clear
 .text._main    0x0000000040039b48       0x48 kernel/lib.a(init.o)
 .text._Cstart  0x0000000040039b90      0x111 kernel/lib.a(init.o)
                0x0000000040039b90                _Cstart
 .text._get_highest_ready_prio
                0x0000000040039ca1       0x16 kernel/lib.a(sched.o)
 .text._add_timeout
                0x0000000040039cb7       0x74 kernel/lib.a(sched.o)
 .text._add_thread_to_ready_q
                0x0000000040039d2b       0x5e kernel/lib.a(sched.o)
                0x0000000040039d2b                _add_thread_to_ready_q
 .text._remove_thread_from_ready_q
                0x0000000040039d89       0x5f kernel/lib.a(sched.o)
                0x0000000040039d89                _remove_thread_from_ready_q
 .text._pend_thread
                0x0000000040039de8       0x77 kernel/lib.a(sched.o)
                0x0000000040039de8                _pend_thread
 .text._pend_current_thread
                0x0000000040039e5f       0x24 kernel/lib.a(sched.o)
                0x0000000040039e5f                _pend_current_thread
 .text.__must_switch_threads
                0x0000000040039e83       0x1b kernel/lib.a(sched.o)
                0x0000000040039e83                __must_switch_threads
 .text._reschedule_threads
                0x0000000040039e9e       0x2d kernel/lib.a(sched.o)
                0x0000000040039e9e                _reschedule_threads
 .text.k_sched_unlock
                0x0000000040039ecb       0x15 kernel/lib.a(sched.o)
                0x0000000040039ecb                k_sched_unlock
 .text._move_thread_to_end_of_prio_q
                0x0000000040039ee0       0x60 kernel/lib.a(sched.o)
                0x0000000040039ee0                _move_thread_to_end_of_prio_q
 .text.k_current_get
                0x0000000040039f40        0xa kernel/lib.a(sched.o)
                0x0000000040039f40                k_current_get
 .text._ready_thread
                0x0000000040039f4a       0x21 kernel/lib.a(sem.o)
 .text._unpend_first_thread
                0x0000000040039f6b       0x4e kernel/lib.a(sem.o)
 .text._abort_timeout
                0x0000000040039fb9       0x34 kernel/lib.a(sem.o)
 .text.k_sem_init
                0x0000000040039fed       0x10 kernel/lib.a(sem.o)
                0x0000000040039fed                k_sem_init
 .text.k_sem_give
                0x0000000040039ffd       0x75 kernel/lib.a(sem.o)
                0x0000000040039ffd                k_sem_give
 .text.k_sem_take
                0x000000004003a072       0x39 kernel/lib.a(sem.o)
                0x000000004003a072                k_sem_take
 .text.k_uptime_get_32
                0x000000004003a0ab       0x10 kernel/lib.a(sys_clock.o)
                0x000000004003a0ab                k_uptime_get_32
 .text._tick_get
                0x000000004003a0bb       0x1a kernel/lib.a(sys_clock.o)
                0x000000004003a0bb                sys_tick_get
                0x000000004003a0bb                _tick_get
 .text.k_uptime_get
                0x000000004003a0d5       0x16 kernel/lib.a(sys_clock.o)
                0x000000004003a0d5                k_uptime_get
 .text.k_uptime_delta
                0x000000004003a0eb       0x24 kernel/lib.a(sys_clock.o)
                0x000000004003a0eb                k_uptime_delta
 .text.k_uptime_delta_32
                0x000000004003a10f        0xa kernel/lib.a(sys_clock.o)
                0x000000004003a10f                k_uptime_delta_32
 .text._nano_sys_clock_tick_announce
                0x000000004003a119      0x1b6 kernel/lib.a(sys_clock.o)
                0x000000004003a119                _nano_sys_clock_tick_announce
 .text._is_thread_ready
                0x000000004003a2cf       0x19 kernel/lib.a(thread.o)
 .text._abort_timeout
                0x000000004003a2e8       0x34 kernel/lib.a(thread.o)
 .text.schedule_new_thread
                0x000000004003a31c       0xe0 kernel/lib.a(thread.o)
 .text.k_is_in_isr
                0x000000004003a3fc       0x11 kernel/lib.a(thread.o)
                0x000000004003a3fc                k_is_in_isr
 .text._is_thread_essential
                0x000000004003a40d       0x10 kernel/lib.a(thread.o)
                0x000000004003a40d                _is_thread_essential
 .text.k_busy_wait
                0x000000004003a41d       0x35 kernel/lib.a(thread.o)
                0x000000004003a41d                k_busy_wait
 .text._thread_entry
                0x000000004003a452       0x31 kernel/lib.a(thread.o)
                0x000000004003a452                _thread_entry
 .text._k_thread_single_abort
                0x000000004003a483       0x4e kernel/lib.a(thread.o)
                0x000000004003a483                _k_thread_single_abort
 .text._init_static_threads
                0x000000004003a4d1       0x79 kernel/lib.a(thread.o)
                0x000000004003a4d1                _init_static_threads
 .text._init_thread_base
                0x000000004003a54a       0x33 kernel/lib.a(thread.o)
                0x000000004003a54a                _init_thread_base
 .text.k_thread_abort
                0x000000004003a57d       0x26 kernel/lib.a(thread_abort.o)
                0x000000004003a57d                k_thread_abort
 .text._ready_thread
                0x000000004003a5a3       0x21 kernel/lib.a(timer.o)
 .text._abort_timeout
                0x000000004003a5c4       0x34 kernel/lib.a(timer.o)
 .text._add_timeout.constprop.7
                0x000000004003a5f8       0x78 kernel/lib.a(timer.o)
 .text._timer_expiration_handler
                0x000000004003a670       0x6c kernel/lib.a(timer.o)
                0x000000004003a670                _timer_expiration_handler
 .text.k_timer_init
                0x000000004003a6dc       0x3e kernel/lib.a(timer.o)
                0x000000004003a6dc                k_timer_init
 .text.k_timer_start
                0x000000004003a71a       0x5f kernel/lib.a(timer.o)
                0x000000004003a71a                k_timer_start
 .text.k_timer_stop
                0x000000004003a779       0x8e kernel/lib.a(timer.o)
                0x000000004003a779                k_timer_stop
 .text.k_timer_status_get
                0x000000004003a807       0x1b kernel/lib.a(timer.o)
                0x000000004003a807                k_timer_status_get
 .text.idle     0x000000004003a822        0xd kernel/lib.a(idle.o)
                0x000000004003a822                idle
 .text._OffsetAbsSyms
                0x000000004003a82f        0x5 ./arch/x86/core/offsets/offsets.o
                0x000000004003a82f                _OffsetAbsSyms
 .text.ceil     0x000000004003a834      0x14b /opt/zephyr-sdk//sysroots/iamcu-zephyr-elfiamcu/usr/lib/./libm.a(lib_a-s_ceil.o)
                0x000000004003a834                ceil
 .text.floor    0x000000004003a97f      0x14d /opt/zephyr-sdk//sysroots/iamcu-zephyr-elfiamcu/usr/lib/./libm.a(lib_a-s_floor.o)
                0x000000004003a97f                floor
 .text.malloc   0x000000004003aacc       0x10 /opt/zephyr-sdk//sysroots/iamcu-zephyr-elfiamcu/usr/lib/./libc.a(lib_a-malloc.o)
                0x000000004003aacc                malloc
 .text.free     0x000000004003aadc       0x10 /opt/zephyr-sdk//sysroots/iamcu-zephyr-elfiamcu/usr/lib/./libc.a(lib_a-malloc.o)
                0x000000004003aadc                free
 .text._free_r  0x000000004003aaec       0xb9 /opt/zephyr-sdk//sysroots/iamcu-zephyr-elfiamcu/usr/lib/./libc.a(lib_a-nano-freer.o)
                0x000000004003aaec                _free_r
 .text._malloc_r
                0x000000004003aba5       0xd3 /opt/zephyr-sdk//sysroots/iamcu-zephyr-elfiamcu/usr/lib/./libc.a(lib_a-nano-mallocr.o)
                0x000000004003aba5                _malloc_r
 .text.printf   0x000000004003ac78       0x18 /opt/zephyr-sdk//sysroots/iamcu-zephyr-elfiamcu/usr/lib/./libc.a(lib_a-printf.o)
                0x000000004003ac78                printf
                0x000000004003ac78                iprintf
 .text.srand    0x000000004003ac90       0x1a /opt/zephyr-sdk//sysroots/iamcu-zephyr-elfiamcu/usr/lib/./libc.a(lib_a-rand.o)
                0x000000004003ac90                srand
 .text.rand     0x000000004003acaa       0x50 /opt/zephyr-sdk//sysroots/iamcu-zephyr-elfiamcu/usr/lib/./libc.a(lib_a-rand.o)
                0x000000004003acaa                rand
 .text._sbrk_r  0x000000004003acfa       0x27 /opt/zephyr-sdk//sysroots/iamcu-zephyr-elfiamcu/usr/lib/./libc.a(lib_a-sbrkr.o)
                0x000000004003acfa                _sbrk_r
 .text.strcmp   0x000000004003ad21       0x17 /opt/zephyr-sdk//sysroots/iamcu-zephyr-elfiamcu/usr/lib/./libc.a(lib_a-strcmp.o)
                0x000000004003ad21                strcmp
 .text.__getreent
                0x000000004003ad38        0x6 /opt/zephyr-sdk//sysroots/iamcu-zephyr-elfiamcu/usr/lib/./libc.a(lib_a-getreent.o)
                0x000000004003ad38                __getreent
 .text.__sfputc_r
                0x000000004003ad3e       0x2a /opt/zephyr-sdk//sysroots/iamcu-zephyr-elfiamcu/usr/lib/./libc.a(lib_a-nano-vfprintf.o)
 .text.__sfputs_r
                0x000000004003ad68       0x2f /opt/zephyr-sdk//sysroots/iamcu-zephyr-elfiamcu/usr/lib/./libc.a(lib_a-nano-vfprintf.o)
                0x000000004003ad68                __sfputs_r
 .text._vfprintf_r
                0x000000004003ad97      0x292 /opt/zephyr-sdk//sysroots/iamcu-zephyr-elfiamcu/usr/lib/./libc.a(lib_a-nano-vfprintf.o)
                0x000000004003ad97                _vfiprintf_r
                0x000000004003ad97                _vfprintf_r
 .text.__swbuf_r
                0x000000004003b029       0x8e /opt/zephyr-sdk//sysroots/iamcu-zephyr-elfiamcu/usr/lib/./libc.a(lib_a-wbuf.o)
                0x000000004003b029                __swbuf_r
 .text.__swsetup_r
                0x000000004003b0b7       0xc9 /opt/zephyr-sdk//sysroots/iamcu-zephyr-elfiamcu/usr/lib/./libc.a(lib_a-wsetup.o)
                0x000000004003b0b7                __swsetup_r
 .text.__sflush_r
                0x000000004003b180      0x123 /opt/zephyr-sdk//sysroots/iamcu-zephyr-elfiamcu/usr/lib/./libc.a(lib_a-fflush.o)
                0x000000004003b180                __sflush_r
 .text._fflush_r
                0x000000004003b2a3       0x2e /opt/zephyr-sdk//sysroots/iamcu-zephyr-elfiamcu/usr/lib/./libc.a(lib_a-fflush.o)
                0x000000004003b2a3                _fflush_r
 .text._cleanup_r
                0x000000004003b2d1        0xa /opt/zephyr-sdk//sysroots/iamcu-zephyr-elfiamcu/usr/lib/./libc.a(lib_a-findfp.o)
                0x000000004003b2d1                _cleanup_r
 .text.std.isra.0
                0x000000004003b2db       0x6b /opt/zephyr-sdk//sysroots/iamcu-zephyr-elfiamcu/usr/lib/./libc.a(lib_a-findfp.o)
 .text.__sinit  0x000000004003b346       0x6c /opt/zephyr-sdk//sysroots/iamcu-zephyr-elfiamcu/usr/lib/./libc.a(lib_a-findfp.o)
                0x000000004003b346                __sinit
 .text._fwalk_reent
                0x000000004003b3b2       0x56 /opt/zephyr-sdk//sysroots/iamcu-zephyr-elfiamcu/usr/lib/./libc.a(lib_a-fwalk.o)
                0x000000004003b3b2                _fwalk_reent
 .text.__swhatbuf_r
                0x000000004003b408       0x66 /opt/zephyr-sdk//sysroots/iamcu-zephyr-elfiamcu/usr/lib/./libc.a(lib_a-makebuf.o)
                0x000000004003b408                __swhatbuf_r
 .text.__smakebuf_r
                0x000000004003b46e       0xa0 /opt/zephyr-sdk//sysroots/iamcu-zephyr-elfiamcu/usr/lib/./libc.a(lib_a-makebuf.o)
                0x000000004003b46e                __smakebuf_r
 .text._printf_common
                0x000000004003b50e       0xdc /opt/zephyr-sdk//sysroots/iamcu-zephyr-elfiamcu/usr/lib/./libc.a(lib_a-nano-vfprintf_i.o)
                0x000000004003b50e                _printf_common
 .text._printf_i
                0x000000004003b5ea      0x299 /opt/zephyr-sdk//sysroots/iamcu-zephyr-elfiamcu/usr/lib/./libc.a(lib_a-nano-vfprintf_i.o)
                0x000000004003b5ea                _printf_i
 .text.__sread  0x000000004003b883       0x22 /opt/zephyr-sdk//sysroots/iamcu-zephyr-elfiamcu/usr/lib/./libc.a(lib_a-stdio.o)
                0x000000004003b883                __sread
 .text.__swrite
                0x000000004003b8a5       0x3d /opt/zephyr-sdk//sysroots/iamcu-zephyr-elfiamcu/usr/lib/./libc.a(lib_a-stdio.o)
                0x000000004003b8a5                __swrite
 .text.__sseek  0x000000004003b8e2       0x29 /opt/zephyr-sdk//sysroots/iamcu-zephyr-elfiamcu/usr/lib/./libc.a(lib_a-stdio.o)
                0x000000004003b8e2                __sseek
 .text.__sclose
                0x000000004003b90b        0x9 /opt/zephyr-sdk//sysroots/iamcu-zephyr-elfiamcu/usr/lib/./libc.a(lib_a-stdio.o)
                0x000000004003b90b                __sclose
 .text._write_r
                0x000000004003b914       0x2d /opt/zephyr-sdk//sysroots/iamcu-zephyr-elfiamcu/usr/lib/./libc.a(lib_a-writer.o)
                0x000000004003b914                _write_r
 .text._close_r
                0x000000004003b941       0x27 /opt/zephyr-sdk//sysroots/iamcu-zephyr-elfiamcu/usr/lib/./libc.a(lib_a-closer.o)
                0x000000004003b941                _close_r
 .text._fstat_r
                0x000000004003b968       0x29 /opt/zephyr-sdk//sysroots/iamcu-zephyr-elfiamcu/usr/lib/./libc.a(lib_a-fstatr.o)
                0x000000004003b968                _fstat_r
 .text._isatty_r
                0x000000004003b991       0x27 /opt/zephyr-sdk//sysroots/iamcu-zephyr-elfiamcu/usr/lib/./libc.a(lib_a-isattyr.o)
                0x000000004003b991                _isatty_r
 .text._lseek_r
                0x000000004003b9b8       0x2d /opt/zephyr-sdk//sysroots/iamcu-zephyr-elfiamcu/usr/lib/./libc.a(lib_a-lseekr.o)
                0x000000004003b9b8                _lseek_r
 .text._read_r  0x000000004003b9e5       0x2d /opt/zephyr-sdk//sysroots/iamcu-zephyr-elfiamcu/usr/lib/./libc.a(lib_a-readr.o)
                0x000000004003b9e5                _read_r
 *(.gnu.linkonce.t.*)
 .gnu.linkonce.t.exc_0_stub
                0x000000004003ba12        0xc arch/built-in.o
                0x000000004003ba12                _handle_exc_0_vector_0_stub
 .gnu.linkonce.t.exc_2_stub
                0x000000004003ba1e        0xc arch/built-in.o
                0x000000004003ba1e                _handle_exc_2_vector_2_stub
 .gnu.linkonce.t.exc_4_stub
                0x000000004003ba2a        0xc arch/built-in.o
                0x000000004003ba2a                _handle_exc_4_vector_4_stub
 .gnu.linkonce.t.exc_5_stub
                0x000000004003ba36        0xc arch/built-in.o
                0x000000004003ba36                _handle_exc_5_vector_5_stub
 .gnu.linkonce.t.exc_6_stub
                0x000000004003ba42        0xc arch/built-in.o
                0x000000004003ba42                _handle_exc_6_vector_6_stub
 .gnu.linkonce.t.exc_7_stub
                0x000000004003ba4e        0xc arch/built-in.o
                0x000000004003ba4e                _handle_exc_7_vector_7_stub
 .gnu.linkonce.t.exc_8_stub
                0x000000004003ba5a        0xa arch/built-in.o
                0x000000004003ba5a                _handle_exc_8_vector_8_stub
 .gnu.linkonce.t.exc_10_stub
                0x000000004003ba64        0xa arch/built-in.o
                0x000000004003ba64                _handle_exc_10_vector_10_stub
 .gnu.linkonce.t.exc_11_stub
                0x000000004003ba6e        0xa arch/built-in.o
                0x000000004003ba6e                _handle_exc_11_vector_11_stub
 .gnu.linkonce.t.exc_12_stub
                0x000000004003ba78        0xa arch/built-in.o
                0x000000004003ba78                _handle_exc_12_vector_12_stub
 .gnu.linkonce.t.exc_13_stub
                0x000000004003ba82        0xa arch/built-in.o
                0x000000004003ba82                _handle_exc_13_vector_13_stub
 .gnu.linkonce.t.exc_14_stub
                0x000000004003ba8c        0xa arch/built-in.o
                0x000000004003ba8c                _handle_exc_14_vector_14_stub
 .gnu.linkonce.t.exc_16_stub
                0x000000004003ba96        0xc arch/built-in.o
                0x000000004003ba96                _handle_exc_16_vector_16_stub
 .gnu.linkonce.t.exc_17_stub
                0x000000004003baa2        0xa arch/built-in.o
                0x000000004003baa2                _handle_exc_17_vector_17_stub
 .gnu.linkonce.t.exc_18_stub
                0x000000004003baac        0xc arch/built-in.o
                0x000000004003baac                _handle_exc_18_vector_18_stub
 *(.eh_frame)
 *(.init)
 *(.fini)
 *(.eini)
 *(.openocd_dbg)
 *(.openocd_dbg.*)
                0x000000004003bab8                _image_text_end = .

.rel.dyn        0x000000004003bab8        0x0
 .rel.text.MlmeConfirm
                0x000000004003bab8        0x0 src/built-in.o
 .rel.text.OnTxNextPacketTimerEvent
                0x000000004003bab8        0x0 src/built-in.o
 .rel.text.McpsIndication
                0x000000004003bab8        0x0 src/built-in.o
 .rel.text.main
                0x000000004003bab8        0x0 src/built-in.o
 .rel.text._sys_clock_driver_init
                0x000000004003bab8        0x0 src/built-in.o
 .rel.text.spi_qmsi_init
                0x000000004003bab8        0x0 src/built-in.o
 .rel.text.gpio_qmsi_init
                0x000000004003bab8        0x0 src/built-in.o
 .rel.text._sbrk
                0x000000004003bab8        0x0 src/built-in.o
 .rel.text.sx1276_on_dio0_irq
                0x000000004003bab8        0x0 src/built-in.o
 .rel.text.sx1276_on_dio1_irq
                0x000000004003bab8        0x0 src/built-in.o
 .rel.text.sx1276_on_dio2_irq
                0x000000004003bab8        0x0 src/built-in.o
 .rel.text.sx1276_on_dio3_irq
                0x000000004003bab8        0x0 src/built-in.o
 .rel.text.sx1276_dio1_qos
                0x000000004003bab8        0x0 src/built-in.o
 .rel.text.sx1276_set_rx
                0x000000004003bab8        0x0 src/built-in.o
 .rel.text.sx1276_init
                0x000000004003bab8        0x0 src/built-in.o
 .rel.text.sx1276_dio0_qos
                0x000000004003bab8        0x0 src/built-in.o
 .rel.text.sx1276_set_tx
                0x000000004003bab8        0x0 src/built-in.o
 .rel.text.sx1276_set_tx_continuous_wave
                0x000000004003bab8        0x0 src/built-in.o
 .rel.text.AdrNextDr
                0x000000004003bab8        0x0 src/built-in.o
 .rel.text.OnAckTimeoutTimerEvent
                0x000000004003bab8        0x0 src/built-in.o
 .rel.text.RxWindowSetup
                0x000000004003bab8        0x0 src/built-in.o
 .rel.text.OnRxWindow2TimerEvent
                0x000000004003bab8        0x0 src/built-in.o
 .rel.text.OnRadioTxTimeout
                0x000000004003bab8        0x0 src/built-in.o
 .rel.text.PrepareRxDoneAbort
                0x000000004003bab8        0x0 src/built-in.o
 .rel.text.OnRxWindow1TimerEvent
                0x000000004003bab8        0x0 src/built-in.o
 .rel.text.ResetMacParameters
                0x000000004003bab8        0x0 src/built-in.o
 .rel.text.OnRadioTxDone
                0x000000004003bab8        0x0 src/built-in.o
 .rel.text.OnRadioRxTimeout
                0x000000004003bab8        0x0 src/built-in.o
 .rel.text.OnRadioRxError
                0x000000004003bab8        0x0 src/built-in.o
 .rel.text.LimitTxPower
                0x000000004003bab8        0x0 src/built-in.o
 .rel.text.ProcessMacCommands
                0x000000004003bab8        0x0 src/built-in.o
 .rel.text.OnRadioRxDone
                0x000000004003bab8        0x0 src/built-in.o
 .rel.text.SendFrameOnChannel
                0x000000004003bab8        0x0 src/built-in.o
 .rel.text.ScheduleTx
                0x000000004003bab8        0x0 src/built-in.o
 .rel.text.SetTxContinuousWave
                0x000000004003bab8        0x0 src/built-in.o
 .rel.text.LoRaMacInitialization
                0x000000004003bab8        0x0 src/built-in.o
 .rel.text.LoRaMacQueryTxPossible
                0x000000004003bab8        0x0 src/built-in.o
 .rel.text.LoRaMacMibGetRequestConfirm
                0x000000004003bab8        0x0 src/built-in.o
 .rel.text.LoRaMacMibSetRequestConfirm
                0x000000004003bab8        0x0 src/built-in.o
 .rel.text.PrepareFrame
                0x000000004003bab8        0x0 src/built-in.o
 .rel.text.LoRaMacMlmeRequest
                0x000000004003bab8        0x0 src/built-in.o
 .rel.text.LoRaMacMcpsRequest
                0x000000004003bab8        0x0 src/built-in.o
 .rel.text.OnTxDelayedTimerEvent
                0x000000004003bab8        0x0 src/built-in.o
 .rel.text.OnMacStateCheckTimerEvent
                0x000000004003bab8        0x0 src/built-in.o
 .rel.text_start.__start
                0x000000004003bab8        0x0 src/built-in.o
 .rel.text.init_cache
                0x000000004003bab8        0x0 src/built-in.o
 .rel.text._NanoFatalErrorHandler
                0x000000004003bab8        0x0 src/built-in.o
 .rel.text.device_get_binding
                0x000000004003bab8        0x0 src/built-in.o
 .rel.rodata.config_levels
                0x000000004003bab8        0x0 src/built-in.o
 .rel.text._Cstart
                0x000000004003bab8        0x0 src/built-in.o
 .rel.text._unpend_first_thread
                0x000000004003bab8        0x0 src/built-in.o
 .rel.text.k_uptime_get_32
                0x000000004003bab8        0x0 src/built-in.o
 .rel.text._tick_get
                0x000000004003bab8        0x0 src/built-in.o
 .rel.text._nano_sys_clock_tick_announce
                0x000000004003bab8        0x0 src/built-in.o
 .rel.text._init_static_threads
                0x000000004003bab8        0x0 src/built-in.o
 .rel.text.k_timer_stop
                0x000000004003bab8        0x0 src/built-in.o
 .rel.text._sbrk_r
                0x000000004003bab8        0x0 src/built-in.o
 .rel.text._vfprintf_r
                0x000000004003bab8        0x0 src/built-in.o
 .rel.text._write_r
                0x000000004003bab8        0x0 src/built-in.o
 .rel.text._close_r
                0x000000004003bab8        0x0 src/built-in.o
 .rel.text._fstat_r
                0x000000004003bab8        0x0 src/built-in.o
 .rel.text._isatty_r
                0x000000004003bab8        0x0 src/built-in.o
 .rel.text._lseek_r
                0x000000004003bab8        0x0 src/built-in.o
 .rel.text._read_r
                0x000000004003bab8        0x0 src/built-in.o

devconfig       0x000000004003bab8       0xa8
                0x000000004003bab8                __devconfig_start = .
 *(.devconfig.*)
 .devconfig.init
                0x000000004003bab8       0x84 drivers/built-in.o
 .devconfig.init
                0x000000004003bb3c        0xc boards/built-in.o
 .devconfig.init
                0x000000004003bb48       0x18 arch/built-in.o
 *(SORT(.devconfig*))
                0x000000004003bb60                __devconfig_end = .

net_l2          0x000000004003bb60        0x0
                0x000000004003bb60                __net_l2_start = .
 *(.net_l2.init)
 *(SORT(.net_l2.init*))
                0x000000004003bb60                __net_l2_end = .

rodata          0x000000004003bb60     0x1fc8
 *(.rodata)
 .rodata        0x000000004003bb60       0x18 ext/built-in.o
 .rodata        0x000000004003bb78       0x3c /opt/zephyr-sdk//sysroots/iamcu-zephyr-elfiamcu/usr/lib/i586-zephyr-elfiamcu/6.2.0/libgcc.a(divdf3.o)
 .rodata        0x000000004003bbb4       0x3c /opt/zephyr-sdk//sysroots/iamcu-zephyr-elfiamcu/usr/lib/i586-zephyr-elfiamcu/6.2.0/libgcc.a(muldf3.o)
 *(.rodata.*)
 .rodata.McpsIndication
                0x000000004003bbf0       0x20 src/built-in.o
 .rodata.main.str1.1
                0x000000004003bc10       0x4e src/built-in.o
 *fill*         0x000000004003bc5e        0x2 
 .rodata.main   0x000000004003bc60       0x14 src/built-in.o
 .rodata.uart_console_init.str1.1
                0x000000004003bc74        0x7 drivers/built-in.o
 .rodata.str1.1
                0x000000004003bc7b       0x32 drivers/built-in.o
                                         0x3c (size before relaxing)
 *fill*         0x000000004003bcad        0x3 
 .rodata.api    0x000000004003bcb0        0xc drivers/built-in.o
 .rodata.config_info_1
                0x000000004003bcbc       0x10 drivers/built-in.o
 .rodata.config_info_0
                0x000000004003bccc       0x10 drivers/built-in.o
 .rodata.CSWTCH.5
                0x000000004003bcdc        0x3 drivers/built-in.o
 *fill*         0x000000004003bcdf        0x1 
 .rodata.spi_qmsi_mst_1_config
                0x000000004003bce0        0xc drivers/built-in.o
 .rodata.spi_qmsi_mst_0_config
                0x000000004003bcec        0xc drivers/built-in.o
 .rodata.spi_qmsi_api
                0x000000004003bcf8        0xc drivers/built-in.o
 .rodata.api_funcs
                0x000000004003bd04       0x1c drivers/built-in.o
 .rodata.gpio_aon_config
                0x000000004003bd20        0x8 drivers/built-in.o
 .rodata.gpio_0_config
                0x000000004003bd28        0x8 drivers/built-in.o
 .rodata.str1.1
                0x000000004003bd30        0x1 boards/built-in.o
 .rodata.tx_dummy_frame
                0x000000004003bd30        0x4 ext/built-in.o
 .rodata.mraa_setup_mux_mapped
                0x000000004003bd34       0x18 ext/built-in.o
 .rodata.mraa_gpio_init_raw.str1.1
                0x000000004003bd4c       0x3f ext/built-in.o
                                         0x46 (size before relaxing)
 .rodata.mraa_gpio_init.str1.1
                0x000000004003bd8b       0x8d ext/built-in.o
                                         0x94 (size before relaxing)
 .rodata.__FUNCTION__.3740
                0x000000004003be18       0x13 ext/built-in.o
 .rodata.mraa_spi_init.str1.1
                0x000000004003be2b       0x24 ext/built-in.o
                                         0x2a (size before relaxing)
 .rodata.mraa_intel_quark_se_devboard.str1.1
                0x000000004003be4f      0x598 ext/built-in.o
                                        0x59f (size before relaxing)
 .rodata.sx1276_on_dio0_irq.str1.1
                0x000000004003c3e7       0x16 ext/built-in.o
 .rodata.sx1276_on_dio1_irq.str1.1
                0x000000004003c3fd       0x16 ext/built-in.o
 .rodata.sx1276_on_dio2_irq.str1.1
                0x000000004003c413       0x16 ext/built-in.o
 .rodata.sx1276_on_dio3_irq.str1.1
                0x000000004003c429       0x16 ext/built-in.o
 .rodata.sx1276_on_dio4_irq.str1.1
                0x000000004003c43f       0x16 ext/built-in.o
 .rodata.sx1276_reset.str1.1
                0x000000004003c455       0x1f ext/built-in.o
 .rodata.sx1276_dio1_qos.str1.1
                0x000000004003c474        0xd ext/built-in.o
 .rodata.sx1276_cs_on.str1.1
                0x000000004003c481       0x17 ext/built-in.o
 .rodata.sx1276_read_reg.str1.1
                0x000000004003c498       0x40 ext/built-in.o
 .rodata.sx1276_set_modem.str1.1
                0x000000004003c4d8       0x4f ext/built-in.o
 .rodata.sx1276_set_tx_config.str1.1
                0x000000004003c527       0x39 ext/built-in.o
 .rodata.sx1276_set_rx
                0x000000004003c560       0x24 ext/built-in.o
 .rodata.sx1276_init.str1.1
                0x000000004003c584      0x337 ext/built-in.o
 .rodata.sx1276_write_fifo.str1.1
                0x000000004003c8bb       0x76 ext/built-in.o
 .rodata.sx1276_read_fifo.str1.1
                0x000000004003c931       0x75 ext/built-in.o
 .rodata.sx1276_set_tx.str1.1
                0x000000004003c9a6       0x94 ext/built-in.o
 .rodata.sx1276_send.str1.1
                0x000000004003ca3a       0x2d ext/built-in.o
 *fill*         0x000000004003ca67        0x1 
 .rodata.CSWTCH.91
                0x000000004003ca68       0x18 ext/built-in.o
 .rodata.radioRegsInit.5148
                0x000000004003ca80       0x78 ext/built-in.o
 .rodata.__FUNCTION__.5142
                0x000000004003caf8        0xc ext/built-in.o
 .rodata.AddMacCommand
                0x000000004003cb04       0x1c ext/built-in.o
 .rodata.ProcessMacCommands
                0x000000004003cb20       0x1c ext/built-in.o
 .rodata.LoRaMacInitialization.str1.1
                0x000000004003cb3c       0x3b ext/built-in.o
 *fill*         0x000000004003cb77        0x1 
 .rodata.LoRaMacMibGetRequestConfirm
                0x000000004003cb78       0x6c ext/built-in.o
 .rodata.LoRaMacMibSetRequestConfirm
                0x000000004003cbe4       0x68 ext/built-in.o
 .rodata.PrepareFrame
                0x000000004003cc4c       0x18 ext/built-in.o
 .rodata.CSWTCH.258
                0x000000004003cc64        0xd ext/built-in.o
 *fill*         0x000000004003cc71        0x3 
 .rodata.TxPowers
                0x000000004003cc74        0xb ext/built-in.o
                0x000000004003cc74                TxPowers
 *fill*         0x000000004003cc7f        0x1 
 .rodata.MaxPayloadOfDatarateRepeater
                0x000000004003cc80       0x10 ext/built-in.o
                0x000000004003cc80                MaxPayloadOfDatarateRepeater
 .rodata.MaxPayloadOfDatarate
                0x000000004003cc90       0x10 ext/built-in.o
                0x000000004003cc90                MaxPayloadOfDatarate
 .rodata.datarateOffsets
                0x000000004003cca0       0x14 ext/built-in.o
                0x000000004003cca0                datarateOffsets
 .rodata.Datarates
                0x000000004003ccb4       0x10 ext/built-in.o
                0x000000004003ccb4                Datarates
 *fill*         0x000000004003ccc4       0x1c 
 .rodata.gfm3_sbox
                0x000000004003cce0      0x100 ext/built-in.o
 .rodata.gfm2_sbox
                0x000000004003cde0      0x100 ext/built-in.o
 .rodata.sbox   0x000000004003cee0      0x100 ext/built-in.o
 .rodata._arc_init.str1.1
                0x000000004003cfe0       0x1a arch/built-in.o
 .rodata.str1.1
                0x000000004003cffa        0x2 arch/built-in.o
 .rodata._SysFatalErrorHandler.str1.1
                0x000000004003cffa       0x5a arch/built-in.o
 .rodata._NanoFatalErrorHandler.str1.1
                0x000000004003d054      0x138 arch/built-in.o
                                        0x13f (size before relaxing)
 .rodata.generic_exc_handle.str1.1
                0x000000004003d18c       0x34 arch/built-in.o
 .rodata._default_esf
                0x000000004003d1c0       0x30 arch/built-in.o
                0x000000004003d1c0                _default_esf
 *fill*         0x000000004003d1f0       0x10 
 .rodata.config_levels
                0x000000004003d200       0x24 kernel/lib.a(device.o)
 .rodata._k_neg_eagain
                0x000000004003d224        0x4 kernel/lib.a(errno.o)
                0x000000004003d224                _k_neg_eagain
 .rodata._Cstart.str1.1
                0x000000004003d228       0x48 kernel/lib.a(init.o)
 .rodata.str1.1
                0x000000004003d270        0x2 /opt/zephyr-sdk//sysroots/iamcu-zephyr-elfiamcu/usr/lib/./libc.a(lib_a-impure.o)
 .rodata.str1.1
                0x000000004003d272       0x11 /opt/zephyr-sdk//sysroots/iamcu-zephyr-elfiamcu/usr/lib/./libc.a(lib_a-nano-vfprintf.o)
 .rodata.str1.1
                0x000000004003d283       0x22 /opt/zephyr-sdk//sysroots/iamcu-zephyr-elfiamcu/usr/lib/./libc.a(lib_a-nano-vfprintf_i.o)
 *(.gnu.linkonce.r.*)
                0x000000004003d2a8                . = ALIGN (0x8)
 *fill*         0x000000004003d2a5        0x3 
                0x000000004003d2a8                _idt_base_address = .
 *(staticIdt)
 staticIdt      0x000000004003d2a8      0x800 staticIdt.o
                0x000000004003d2a8                _binary_staticIdt_bin_start
                0x000000004003daa8                _binary_staticIdt_bin_end
                0x000000004003daa8                . = ALIGN (0x4)
                0x000000004003daa8                _irq_to_interrupt_vector = .
 *(irq_int_vector_map)
 irq_int_vector_map
                0x000000004003daa8       0x80 irq_int_vector_map.o
                0x000000004003daa8                _binary_irq_int_vector_map_bin_start
                0x000000004003db28                _binary_irq_int_vector_map_bin_end
                0x000000004003db28                _image_rom_end = .
                0x000000004003db28                __data_rom_start = ALIGN (0x4)

datas           0x00000000a8006400      0x358 load address 0x000000004003db28
                0x00000000a8006400                _image_ram_start = .
                0x00000000a8006400                __data_ram_start = .
 *(.top_of_image_ram)
 *(.top_of_image_ram.*)
 *(.data)
 .data          0x00000000a8006400      0x2b0 /opt/zephyr-sdk//sysroots/iamcu-zephyr-elfiamcu/usr/lib/./libc.a(lib_a-impure.o)
                0x00000000a8006400                _impure_ptr
 *(.data.*)
 .data.NextTx   0x00000000a80066b0        0x1 src/built-in.o
 .data.AppDataSize
                0x00000000a80066b1        0x1 src/built-in.o
 .data.AppPort  0x00000000a80066b2        0x1 src/built-in.o
 *fill*         0x00000000a80066b3        0x1 
 .data.AppSKey  0x00000000a80066b4       0x10 src/built-in.o
 .data.NwkSKey  0x00000000a80066c4       0x10 src/built-in.o
 .data.AppKey   0x00000000a80066d4       0x10 src/built-in.o
 .data.api_funcs
                0x00000000a80066e4       0x10 drivers/built-in.o
 .data._stdin_hook
                0x00000000a80066f4        0x4 lib/built-in.o
 .data._stdout_hook
                0x00000000a80066f8        0x4 lib/built-in.o
 .data._char_out
                0x00000000a80066fc        0x4 misc/built-in.o
                0x00000000a80066fc                _char_out
 .data.qm_gpio  0x00000000a8006700        0x8 ext/built-in.o
                0x00000000a8006700                qm_gpio
 .data.qm_uart  0x00000000a8006708        0x8 ext/built-in.o
                0x00000000a8006708                qm_uart
 .data.qm_spi_controllers
                0x00000000a8006710        0xc ext/built-in.o
                0x00000000a8006710                qm_spi_controllers
 .data.opModePrev.5285
                0x00000000a800671c        0x1 ext/built-in.o
 .data.AckTimeoutRetriesCounter
                0x00000000a800671d        0x1 ext/built-in.o
 .data.AckTimeoutRetries
                0x00000000a800671e        0x1 ext/built-in.o
 *fill*         0x00000000a800671f        0x1 
 .data.Bands    0x00000000a8006720        0xc ext/built-in.o
 .data.IsRxWindowsEnabled
                0x00000000a800672c        0x1 ext/built-in.o
 *fill*         0x00000000a800672d        0x3 
 .data.aBlock   0x00000000a8006730       0x10 ext/built-in.o
 .data.MicBlockB0
                0x00000000a8006740       0x10 ext/built-in.o
 .data._sys_idle_elapsed_ticks
                0x00000000a8006750        0x4 kernel/lib.a(sys_clock.o)
                0x00000000a8006750                _sys_idle_elapsed_ticks
 .data.sys_clock_hw_cycles_per_tick
                0x00000000a8006754        0x4 kernel/lib.a(sys_clock.o)
                0x00000000a8006754                sys_clock_hw_cycles_per_tick
                0x00000000a8006758                . = ALIGN (0x4)

initlevel       0x00000000a8006758       0xa8 load address 0x000000004003de80
                0x00000000a8006758                __device_init_start = .
                0x00000000a8006758                __device_PRE_KERNEL_1_start = .
 *(SORT(.init_PRE_KERNEL_1[0-9]))
 *(SORT(.init_PRE_KERNEL_1[1-9][0-9]))
 .init_PRE_KERNEL_140
                0x00000000a8006758       0x18 drivers/built-in.o
 .init_PRE_KERNEL_140
                0x00000000a8006770        0xc arch/built-in.o
 .init_PRE_KERNEL_150
                0x00000000a800677c       0x18 drivers/built-in.o
 .init_PRE_KERNEL_160
                0x00000000a8006794        0xc drivers/built-in.o
                0x00000000a80067a0                __device_PRE_KERNEL_2_start = .
 *(SORT(.init_PRE_KERNEL_2[0-9]))
 *(SORT(.init_PRE_KERNEL_2[1-9][0-9]))
                0x00000000a80067a0                __device_POST_KERNEL_start = .
 *(SORT(.init_POST_KERNEL[0-9]))
 .init_POST_KERNEL0
                0x00000000a80067a0        0xc drivers/built-in.o
 *(SORT(.init_POST_KERNEL[1-9][0-9]))
 .init_POST_KERNEL40
                0x00000000a80067ac        0xc drivers/built-in.o
 .init_POST_KERNEL40
                0x00000000a80067b8        0xc boards/built-in.o
 .init_POST_KERNEL40
                0x00000000a80067c4        0xc arch/built-in.o
 .init_POST_KERNEL60
                0x00000000a80067d0       0x18 drivers/built-in.o
 .init_POST_KERNEL70
                0x00000000a80067e8       0x18 drivers/built-in.o
                0x00000000a8006800                __device_APPLICATION_start = .
 *(SORT(.init_APPLICATION[0-9]))
 *(SORT(.init_APPLICATION[1-9][0-9]))
                0x00000000a8006800                __device_PRIMARY_start = .
 *(SORT(.init_PRIMARY[0-9]))
 *(SORT(.init_PRIMARY[1-9][0-9]))
                0x00000000a8006800                __device_SECONDARY_start = .
 *(SORT(.init_SECONDARY[0-9]))
 *(SORT(.init_SECONDARY[1-9][0-9]))
                0x00000000a8006800                __device_NANOKERNEL_start = .
 *(SORT(.init_NANOKERNEL[0-9]))
 *(SORT(.init_NANOKERNEL[1-9][0-9]))
                0x00000000a8006800                __device_MICROKERNEL_start = .
 *(SORT(.init_MICROKERNEL[0-9]))
 *(SORT(.init_MICROKERNEL[1-9][0-9]))
                0x00000000a8006800                __device_init_end = .

initlevel_error
                0x000000004003db28        0x0
 *(SORT(.init_[_A-Z0-9]*))
                0x0000000000000001                ASSERT ((SIZEOF (initlevel_error) == 0x0), Undefined initialization levels used.)

initshell       0x00000000a8006800        0x0 load address 0x000000004003df28
                0x00000000a8006800                __shell_cmd_start = .
 *(.shell_*)
                0x00000000a8006800                __shell_cmd_end = .

_static_thread_area
                0x00000000a8006800        0x0 load address 0x000000004003df28
                0x00000000a8006800                _static_thread_data_list_start = .
 *(SORT(._static_thread_data.static.*))
                0x00000000a8006800                _static_thread_data_list_end = .

_k_timer_area   0x00000000a8006800        0x0 load address 0x000000004003df28
                0x00000000a8006800                _k_timer_list_start = .
 *(SORT(._k_timer.static.*))
                0x00000000a8006800                _k_timer_list_end = .

_k_mem_slab_area
                0x00000000a8006800        0x0 load address 0x000000004003df28
                0x00000000a8006800                _k_mem_slab_list_start = .
 *(SORT(._k_mem_slab.static.*))
                0x00000000a8006800                _k_mem_slab_list_end = .

_k_mem_pool_area
                0x00000000a8006800        0x0 load address 0x000000004003df28
 *(SORT(._k_memory_pool.struct*))
                0x00000000a8006800                _k_mem_pool_list_start = .
 *(SORT(._k_mem_pool.static.*))
                0x00000000a8006800                _k_mem_pool_list_end = .

_k_sem_area     0x00000000a8006800        0x0 load address 0x000000004003df28
                0x00000000a8006800                _k_sem_list_start = .
 *(SORT(._k_sem.static.*))
                0x00000000a8006800                _k_sem_list_end = .

_k_mutex_area   0x00000000a8006800        0x0 load address 0x000000004003df28
                0x00000000a8006800                _k_mutex_list_start = .
 *(SORT(._k_mutex.static.*))
                0x00000000a8006800                _k_mutex_list_end = .

_k_alert_area   0x00000000a8006800        0x0 load address 0x000000004003df28
                0x00000000a8006800                _k_alert_list_start = .
 *(SORT(._k_alert.static.*))
                0x00000000a8006800                _k_alert_list_end = .

_k_fifo_area    0x00000000a8006800        0x0 load address 0x000000004003df28
                0x00000000a8006800                _k_fifo_list_start = .
 *(SORT(._k_fifo.static.*))
                0x00000000a8006800                _k_fifo_list_end = .

_k_lifo_area    0x00000000a8006800        0x0 load address 0x000000004003df28
                0x00000000a8006800                _k_lifo_list_start = .
 *(SORT(._k_lifo.static.*))
                0x00000000a8006800                _k_lifo_list_end = .

_k_stack_area   0x00000000a8006800        0x0 load address 0x000000004003df28
                0x00000000a8006800                _k_stack_list_start = .
 *(SORT(._k_stack.static.*))
                0x00000000a8006800                _k_stack_list_end = .

_k_msgq_area    0x00000000a8006800        0x0 load address 0x000000004003df28
                0x00000000a8006800                _k_msgq_list_start = .
 *(SORT(._k_msgq.static.*))
                0x00000000a8006800                _k_msgq_list_end = .

_k_mbox_area    0x00000000a8006800        0x0 load address 0x000000004003df28
                0x00000000a8006800                _k_mbox_list_start = .
 *(SORT(._k_mbox.static.*))
                0x00000000a8006800                _k_mbox_list_end = .

_k_pipe_area    0x00000000a8006800        0x0 load address 0x000000004003df28
                0x00000000a8006800                _k_pipe_list_start = .
 *(SORT(._k_pipe.static.*))
                0x00000000a8006800                _k_pipe_list_end = .

_k_task_list    0x00000000a8006800        0x0 load address 0x000000004003df28
                0x00000000a8006800                _k_task_list_start = .
 *(._k_task_list.public.*)
 *(._k_task_list.private.*)
                0x00000000a8006800                _k_task_list_idle_start = .
 *(._k_task_list.idle.*)
 *(SORT(._k_task_list*))
                0x00000000a8006800                _k_task_list_end = .

_k_event_list   0x00000000a8006800        0x0 load address 0x000000004003df28
                0x00000000a8006800                _k_event_list_start = .
 *(._k_event_list.event.*)
 *(SORT(._k_event_list*))
                0x00000000a8006800                _k_event_list_end = .

_k_memory_pool  0x00000000a8006800        0x0 load address 0x000000004003df28
 *(._k_memory_pool.struct*)
 *(SORT(._k_memory_pool.struct*))
                0x00000000a8006800                _k_mem_pool_start = .
 *(._k_memory_pool.*)
 *(SORT(._k_memory_pool*))
                0x00000000a8006800                _k_mem_pool_end = .

net_if          0x00000000a8006800        0x0 load address 0x000000004003df28
                0x00000000a8006800                __net_if_start = .
 *(.net_if.*)
 *(SORT(.net_if*))
                0x00000000a8006800                __net_if_end = .

net_l2_data     0x00000000a8006800        0x0 load address 0x000000004003df28
                0x00000000a8006800                __net_l2_data_start = .
 *(.net_l2.data)
 *(SORT(.net_l2.data*))
                0x00000000a8006800                __net_l2_data_end = .
                0x00000000a8006800                __data_ram_end = .

bss             0x00000000a8006800     0x1d48
                0x00000000a8006800                . = ALIGN (0x4)
                0x00000000a8006800                __bss_start = .
 *(.bss)
 .bss           0x00000000a8006800        0x8 /opt/zephyr-sdk//sysroots/iamcu-zephyr-elfiamcu/usr/lib/./libc.a(lib_a-nano-mallocr.o)
                0x00000000a8006800                __malloc_sbrk_start
                0x00000000a8006804                __malloc_free_list
 *(.bss.*)
 .bss.DeviceState
                0x00000000a8006808        0x4 src/built-in.o
 .bss.TxDutyCycleTime
                0x00000000a800680c        0x4 src/built-in.o
 .bss.IsTxConfirmed
                0x00000000a8006810        0x1 src/built-in.o
 *fill*         0x00000000a8006811        0xf 
 .bss.AppData   0x00000000a8006820       0x40 src/built-in.o
 .bss.DevAddr   0x00000000a8006860        0x4 src/built-in.o
 .bss.AppEui    0x00000000a8006864        0x8 src/built-in.o
 .bss.DevEui    0x00000000a800686c        0x8 src/built-in.o
 .bss.uart_console_dev
                0x00000000a8006874        0x4 drivers/built-in.o
 .bss.drv_data_1
                0x00000000a8006878        0x8 drivers/built-in.o
 .bss.drv_data_0
                0x00000000a8006880        0x8 drivers/built-in.o
 .bss.accumulated_cycle_count
                0x00000000a8006888        0x4 drivers/built-in.o
 *fill*         0x00000000a800688c       0x14 
 .bss.spi_qmsi_mst_1_runtime
                0x00000000a80068a0       0x40 drivers/built-in.o
 .bss.spi_qmsi_mst_0_runtime
                0x00000000a80068e0       0x40 drivers/built-in.o
 .bss.pending_transfers
                0x00000000a8006920       0x54 drivers/built-in.o
 .bss.gpio_aon_runtime
                0x00000000a8006974        0xc drivers/built-in.o
 .bss.gpio_0_runtime
                0x00000000a8006980        0xc drivers/built-in.o
 .bss.heap_sz   0x00000000a800698c        0x4 lib/built-in.o
 .bss.callback_data
                0x00000000a8006990        0x8 ext/built-in.o
 .bss.callback  0x00000000a8006998        0x8 ext/built-in.o
 .bss.frf       0x00000000a80069a0        0xc ext/built-in.o
 .bss.tmode     0x00000000a80069ac        0xc ext/built-in.o
 .bss.dfs       0x00000000a80069b8        0x3 ext/built-in.o
 *fill*         0x00000000a80069bb        0x1 
 .bss.rx_counter
                0x00000000a80069bc        0x6 ext/built-in.o
 *fill*         0x00000000a80069c2        0x2 
 .bss.tx_counter
                0x00000000a80069c4        0x6 ext/built-in.o
 *fill*         0x00000000a80069ca        0x2 
 .bss.spi_async_transfer
                0x00000000a80069cc        0xc ext/built-in.o
 .bss.plat      0x00000000a80069d8        0x4 ext/built-in.o
                0x00000000a80069d8                plat
 .bss.edge_flags
                0x00000000a80069dc        0x4 ext/built-in.o
 .bss._board    0x00000000a80069e0      0xd48 ext/built-in.o
 .bss.RadioEvents_c
                0x00000000a8007728        0x4 ext/built-in.o
 .bss.RxSlot    0x00000000a800772c        0x1 ext/built-in.o
 *fill*         0x00000000a800772d        0x3 
 .bss.MlmeConfirm
                0x00000000a8007730       0x10 ext/built-in.o
 .bss.McpsConfirm
                0x00000000a8007740       0x18 ext/built-in.o
 .bss.McpsIndication
                0x00000000a8007758       0x1c ext/built-in.o
 .bss.MaxJoinRequestTrials
                0x00000000a8007774        0x1 ext/built-in.o
 .bss.JoinRequestTrials
                0x00000000a8007775        0x1 ext/built-in.o
 *fill*         0x00000000a8007776        0x2 
 .bss.TxTimeOnAir
                0x00000000a8007778        0x4 ext/built-in.o
                0x00000000a8007778                TxTimeOnAir
 .bss.AckTimeoutRetry
                0x00000000a800777c        0x1 ext/built-in.o
 *fill*         0x00000000a800777d        0x3 
 .bss.RxWindow2Delay
                0x00000000a8007780        0x4 ext/built-in.o
 .bss.RxWindow1Delay
                0x00000000a8007784        0x4 ext/built-in.o
 .bss.RadioEvents
                0x00000000a8007788       0x1c ext/built-in.o
 .bss.LoRaMacCallbacks
                0x00000000a80077a4        0x4 ext/built-in.o
 .bss.LoRaMacPrimitives
                0x00000000a80077a8        0x4 ext/built-in.o
 .bss.LoRaMacState
                0x00000000a80077ac        0x4 ext/built-in.o
                0x00000000a80077ac                LoRaMacState
 .bss.dev       0x00000000a80077b0        0x4 ext/built-in.o
 .bss.LoRaMacInitializationTime
                0x00000000a80077b4        0x4 ext/built-in.o
 .bss.Channel   0x00000000a80077b8        0x1 ext/built-in.o
 .bss.DutyCycleOn
                0x00000000a80077b9        0x1 ext/built-in.o
 *fill*         0x00000000a80077ba        0x2 
 .bss.AggregatedTimeOff
                0x00000000a80077bc        0x4 ext/built-in.o
 .bss.AggregatedLastTxDoneTime
                0x00000000a80077c0        0x4 ext/built-in.o
 .bss.AggregatedDCycle
                0x00000000a80077c4        0x2 ext/built-in.o
 .bss.MaxDCycle
                0x00000000a80077c6        0x1 ext/built-in.o
 .bss.ChannelsNbRepCounter
                0x00000000a80077c7        0x1 ext/built-in.o
 .bss.ChannelsMaskRemaining
                0x00000000a80077c8        0xc ext/built-in.o
 *fill*         0x00000000a80077d4        0xc 
 .bss.Channels  0x00000000a80077e0      0x240 ext/built-in.o
 .bss.MacCommandsBufferToRepeat
                0x00000000a8007a20        0xf ext/built-in.o
 *fill*         0x00000000a8007a2f        0x1 
 .bss.MacCommandsBuffer
                0x00000000a8007a30        0xf ext/built-in.o
 .bss.MacCommandsBufferToRepeatIndex
                0x00000000a8007a3f        0x1 ext/built-in.o
 .bss.MacCommandsBufferIndex
                0x00000000a8007a40        0x1 ext/built-in.o
 .bss.MacCommandsInNextTx
                0x00000000a8007a41        0x1 ext/built-in.o
 .bss.SrvAckRequested
                0x00000000a8007a42        0x1 ext/built-in.o
 .bss.NodeAckRequested
                0x00000000a8007a43        0x1 ext/built-in.o
 .bss.AdrAckCounter
                0x00000000a8007a44        0x4 ext/built-in.o
 .bss.AdrCtrlOn
                0x00000000a8007a48        0x1 ext/built-in.o
 .bss.IsLoRaMacNetworkJoined
                0x00000000a8007a49        0x1 ext/built-in.o
 .bss.IsUpLinkCounterFixed
                0x00000000a8007a4a        0x1 ext/built-in.o
 *fill*         0x00000000a8007a4b        0x1 
 .bss.DownLinkCounter
                0x00000000a8007a4c        0x4 ext/built-in.o
 .bss.UpLinkCounter
                0x00000000a8007a50        0x4 ext/built-in.o
 *fill*         0x00000000a8007a54        0xc 
 .bss.LoRaMacRxPayload
                0x00000000a8007a60       0xff ext/built-in.o
 *fill*         0x00000000a8007b5f        0x1 
 .bss.LoRaMacPayload
                0x00000000a8007b60       0xff ext/built-in.o
 .bss.LoRaMacTxPayloadLen
                0x00000000a8007c5f        0x1 ext/built-in.o
 .bss.LoRaMacBufferPktLen
                0x00000000a8007c60        0x2 ext/built-in.o
 *fill*         0x00000000a8007c62       0x1e 
 .bss.LoRaMacBuffer
                0x00000000a8007c80       0xff ext/built-in.o
 .bss.RepeaterSupport
                0x00000000a8007d7f        0x1 ext/built-in.o
 .bss.PublicNetwork
                0x00000000a8007d80        0x1 ext/built-in.o
 *fill*         0x00000000a8007d81        0x3 
 .bss.LoRaMacDeviceClass
                0x00000000a8007d84        0x4 ext/built-in.o
 .bss.MulticastChannels
                0x00000000a8007d88        0x4 ext/built-in.o
 .bss.LoRaMacDevAddr
                0x00000000a8007d8c        0x4 ext/built-in.o
 .bss.LoRaMacNetID
                0x00000000a8007d90        0x4 ext/built-in.o
 .bss.LoRaMacDevNonce
                0x00000000a8007d94        0x2 ext/built-in.o
 *fill*         0x00000000a8007d96        0x2 
 .bss.LoRaMacAppSKey
                0x00000000a8007d98       0x10 ext/built-in.o
 .bss.LoRaMacNwkSKey
                0x00000000a8007da8       0x10 ext/built-in.o
 .bss.LoRaMacAppKey
                0x00000000a8007db8        0x4 ext/built-in.o
 .bss.LoRaMacAppEui
                0x00000000a8007dbc        0x4 ext/built-in.o
 .bss.LoRaMacDevEui
                0x00000000a8007dc0        0x4 ext/built-in.o
 *fill*         0x00000000a8007dc4       0x1c 
 .bss.AesCmacCtx
                0x00000000a8007de0      0x118 ext/built-in.o
 *fill*         0x00000000a8007ef8        0x8 
 .bss.AesContext
                0x00000000a8007f00       0xf1 ext/built-in.o
 *fill*         0x00000000a8007ff1        0x3 
 .bss.sBlock    0x00000000a8007ff4       0x10 ext/built-in.o
 .bss.Mic       0x00000000a8008004       0x10 ext/built-in.o
 *fill*         0x00000000a8008014        0xc 
 .bss._kernel   0x00000000a8008020      0x11c kernel/lib.a(sched.o)
                0x00000000a8008020                _kernel
 .bss._time_slice_prio_ceiling
                0x00000000a800813c        0x4 kernel/lib.a(sys_clock.o)
                0x00000000a800813c                _time_slice_prio_ceiling
 .bss._time_slice_duration
                0x00000000a8008140        0x4 kernel/lib.a(sys_clock.o)
                0x00000000a8008140                _time_slice_duration
 *(COMMON)
 *fill*         0x00000000a8008144       0x1c 
 COMMON         0x00000000a8008160       0x50 src/built-in.o
                0x00000000a8008160                TxNextPacketTimer
                0x00000000a8008194                int_flag
                0x00000000a8008198                ComplianceTest
                0x00000000a80081ac                r_event
 *fill*         0x00000000a80081b0       0x10 
 COMMON         0x00000000a80081c0      0x354 ext/built-in.o
                0x00000000a80081c0                MacStateCheckTimer
                0x00000000a8008200                RxWindowTimer2
                0x00000000a8008234                rx_Len
                0x00000000a8008240                rx_buffer
                0x00000000a8008340                _internalgpios
                0x00000000a80083c0                rx_RSSI
                0x00000000a80083e0                RxWindowTimer1
                0x00000000a8008414                LoRaMacFlags
                0x00000000a8008418                rx_SNR
                0x00000000a8008420                LoRaMacParamsDefaults
                0x00000000a8008460                TxDelayedTimer
                0x00000000a80084a0                LoRaMacParams
                0x00000000a80084e0                AckTimeoutTimer
 COMMON         0x00000000a8008514       0x20 arch/built-in.o
                0x00000000a8008514                _dummy_exception_vector_stub
                0x00000000a8008518                _pm_save_gdtr
                0x00000000a8008520                _pm_save_esp
                0x00000000a8008524                _pm_save_idtr
                0x00000000a800852c                sys_cache_line_size
                0x00000000a8008530                _dummy_spurious_interrupt
 COMMON         0x00000000a8008534       0x10 kernel/lib.a(sys_clock.o)
                0x00000000a8008534                _handling_timeouts
                0x00000000a8008538                _time_slice_elapsed
                0x00000000a800853c                _sys_clock_tick_count
 COMMON         0x00000000a8008544        0x4 /opt/zephyr-sdk//sysroots/iamcu-zephyr-elfiamcu/usr/lib/./libc.a(lib_a-reent.o)
                0x00000000a8008544                errno
                0x00000000a8008548                . = ALIGN (0x4)
                0x00000000a8008548                __bss_end = .

noinit          0x00000000a8008548      0xd04
 *(.noinit)
 *(.noinit.*)
 .noinit._FILE_PATH_HASH.0
                0x00000000a8008548        0x4 drivers/built-in.o
 .noinit._FILE_PATH_HASH.2
                0x00000000a800854c      0x800 kernel/lib.a(init.o)
                0x00000000a800854c                _interrupt_stack
 .noinit._FILE_PATH_HASH.1
                0x00000000a8008d4c      0x100 kernel/lib.a(init.o)
                0x00000000a8008d4c                _idle_stack
 .noinit._FILE_PATH_HASH.0
                0x00000000a8008e4c      0x400 kernel/lib.a(init.o)
                0x00000000a8008e4c                _main_stack
 *(.bottom_of_image_ram)
 *(.bottom_of_image_ram.*)
                0x00000000a800924c                _image_ram_end = .
                0x00000000a800924c                _end = .
                0x00000000a800a000                . = ALIGN (0x1000)
                0x0000000000000752                __bss_num_words = ((__bss_end - __bss_start) >> 0x2)

intList         0x0000000000000800      0x19c
 *(.spurIsr)
 .spurIsr       0x0000000000000800        0x4 arch/built-in.o
                0x0000000000000800                __isr___SpuriousIntHandler
 *(.spurNoErrIsr)
 .spurNoErrIsr  0x0000000000000804        0x4 arch/built-in.o
                0x0000000000000804                __isr___SpuriousIntNoErrCodeHandler
                0x0000000000000808                __INT_LIST_START__ = .
                0x0000000000000808        0x4 LONG 0x14 ((__INT_LIST_END__ - __INT_LIST_START__) / 0x14)
 *(.intList)
 .intList       0x000000000000080c       0x64 drivers/built-in.o
 *(.gnu.linkonce.intList.*)
 .gnu.linkonce.intList.exc_0
                0x0000000000000870       0x14 arch/built-in.o
 .gnu.linkonce.intList.exc_2
                0x0000000000000884       0x14 arch/built-in.o
 .gnu.linkonce.intList.exc_4
                0x0000000000000898       0x14 arch/built-in.o
 .gnu.linkonce.intList.exc_5
                0x00000000000008ac       0x14 arch/built-in.o
 .gnu.linkonce.intList.exc_6
                0x00000000000008c0       0x14 arch/built-in.o
 .gnu.linkonce.intList.exc_7
                0x00000000000008d4       0x14 arch/built-in.o
 .gnu.linkonce.intList.exc_8
                0x00000000000008e8       0x14 arch/built-in.o
 .gnu.linkonce.intList.exc_10
                0x00000000000008fc       0x14 arch/built-in.o
 .gnu.linkonce.intList.exc_11
                0x0000000000000910       0x14 arch/built-in.o
 .gnu.linkonce.intList.exc_12
                0x0000000000000924       0x14 arch/built-in.o
 .gnu.linkonce.intList.exc_13
                0x0000000000000938       0x14 arch/built-in.o
 .gnu.linkonce.intList.exc_14
                0x000000000000094c       0x14 arch/built-in.o
 .gnu.linkonce.intList.exc_16
                0x0000000000000960       0x14 arch/built-in.o
 .gnu.linkonce.intList.exc_17
                0x0000000000000974       0x14 arch/built-in.o
 .gnu.linkonce.intList.exc_18
                0x0000000000000988       0x14 arch/built-in.o
                0x000000000000099c                __INT_LIST_END__ = .
                0x0000000000000400                __data_size = (__data_ram_end - __data_ram_start)
                0x0000000000000100                __data_num_words = ((__data_size + 0x3) >> 0x2)
OUTPUT(zephyr.elf elf32-iamcu)

.comment        0x0000000000000000       0x11
 .comment       0x0000000000000000       0x11 src/built-in.o
                                         0x12 (size before relaxing)
 .comment       0x0000000000000011       0xb4 drivers/built-in.o
 .comment       0x0000000000000011       0x12 lib/built-in.o
 .comment       0x0000000000000011       0x24 misc/built-in.o
 .comment       0x0000000000000011       0x24 boards/built-in.o
 .comment       0x0000000000000011      0x144 ext/built-in.o
 .comment       0x0000000000000011       0xc6 arch/built-in.o
 .comment       0x0000000000000011       0x12 kernel/lib.a(device.o)
 .comment       0x0000000000000011       0x12 kernel/lib.a(errno.o)
 .comment       0x0000000000000011       0x12 kernel/lib.a(init.o)
 .comment       0x0000000000000011       0x12 kernel/lib.a(sched.o)
 .comment       0x0000000000000011       0x12 kernel/lib.a(sem.o)
 .comment       0x0000000000000011       0x12 kernel/lib.a(sys_clock.o)
 .comment       0x0000000000000011       0x12 kernel/lib.a(thread.o)
 .comment       0x0000000000000011       0x12 kernel/lib.a(thread_abort.o)
 .comment       0x0000000000000011       0x12 kernel/lib.a(timer.o)
 .comment       0x0000000000000011       0x12 kernel/lib.a(idle.o)
 .comment       0x0000000000000011       0x12 ./arch/x86/core/offsets/offsets.o
 .comment       0x0000000000000011       0x12 /opt/zephyr-sdk//sysroots/iamcu-zephyr-elfiamcu/usr/lib/./libm.a(lib_a-s_ceil.o)
 .comment       0x0000000000000011       0x12 /opt/zephyr-sdk//sysroots/iamcu-zephyr-elfiamcu/usr/lib/./libm.a(lib_a-s_floor.o)
 .comment       0x0000000000000011       0x12 /opt/zephyr-sdk//sysroots/iamcu-zephyr-elfiamcu/usr/lib/./libc.a(lib_a-malloc.o)
 .comment       0x0000000000000011       0x12 /opt/zephyr-sdk//sysroots/iamcu-zephyr-elfiamcu/usr/lib/./libc.a(lib_a-nano-freer.o)
 .comment       0x0000000000000011       0x12 /opt/zephyr-sdk//sysroots/iamcu-zephyr-elfiamcu/usr/lib/./libc.a(lib_a-nano-mallocr.o)
 .comment       0x0000000000000011       0x12 /opt/zephyr-sdk//sysroots/iamcu-zephyr-elfiamcu/usr/lib/./libc.a(lib_a-printf.o)
 .comment       0x0000000000000011       0x12 /opt/zephyr-sdk//sysroots/iamcu-zephyr-elfiamcu/usr/lib/./libc.a(lib_a-rand.o)
 .comment       0x0000000000000011       0x12 /opt/zephyr-sdk//sysroots/iamcu-zephyr-elfiamcu/usr/lib/./libc.a(lib_a-sbrkr.o)